Archive member included to satisfy reference by file (symbol)

c:/st/stm32cubeide_1.12.1/stm32cubeide/plugins/com.st.stm32cube.ide.mcu.externaltools.gnu-tools-for-stm32.10.3-2021.10.win32_1.0.200.202301161003/tools/bin/../lib/gcc/arm-none-eabi/10.3.1/../../../../arm-none-eabi/lib/thumb/v8-m.main+fp/hard\libm.a(lib_a-w_pow.o)
                              ./Core/Src/NMEAparse.o (pow)
c:/st/stm32cubeide_1.12.1/stm32cubeide/plugins/com.st.stm32cube.ide.mcu.externaltools.gnu-tools-for-stm32.10.3-2021.10.win32_1.0.200.202301161003/tools/bin/../lib/gcc/arm-none-eabi/10.3.1/../../../../arm-none-eabi/lib/thumb/v8-m.main+fp/hard\libm.a(lib_a-e_pow.o)
                              c:/st/stm32cubeide_1.12.1/stm32cubeide/plugins/com.st.stm32cube.ide.mcu.externaltools.gnu-tools-for-stm32.10.3-2021.10.win32_1.0.200.202301161003/tools/bin/../lib/gcc/arm-none-eabi/10.3.1/../../../../arm-none-eabi/lib/thumb/v8-m.main+fp/hard\libm.a(lib_a-w_pow.o) (__ieee754_pow)
c:/st/stm32cubeide_1.12.1/stm32cubeide/plugins/com.st.stm32cube.ide.mcu.externaltools.gnu-tools-for-stm32.10.3-2021.10.win32_1.0.200.202301161003/tools/bin/../lib/gcc/arm-none-eabi/10.3.1/../../../../arm-none-eabi/lib/thumb/v8-m.main+fp/hard\libm.a(lib_a-e_sqrt.o)
                              c:/st/stm32cubeide_1.12.1/stm32cubeide/plugins/com.st.stm32cube.ide.mcu.externaltools.gnu-tools-for-stm32.10.3-2021.10.win32_1.0.200.202301161003/tools/bin/../lib/gcc/arm-none-eabi/10.3.1/../../../../arm-none-eabi/lib/thumb/v8-m.main+fp/hard\libm.a(lib_a-e_pow.o) (__ieee754_sqrt)
c:/st/stm32cubeide_1.12.1/stm32cubeide/plugins/com.st.stm32cube.ide.mcu.externaltools.gnu-tools-for-stm32.10.3-2021.10.win32_1.0.200.202301161003/tools/bin/../lib/gcc/arm-none-eabi/10.3.1/../../../../arm-none-eabi/lib/thumb/v8-m.main+fp/hard\libm.a(lib_a-math_err.o)
                              c:/st/stm32cubeide_1.12.1/stm32cubeide/plugins/com.st.stm32cube.ide.mcu.externaltools.gnu-tools-for-stm32.10.3-2021.10.win32_1.0.200.202301161003/tools/bin/../lib/gcc/arm-none-eabi/10.3.1/../../../../arm-none-eabi/lib/thumb/v8-m.main+fp/hard\libm.a(lib_a-e_pow.o) (__math_uflow)
c:/st/stm32cubeide_1.12.1/stm32cubeide/plugins/com.st.stm32cube.ide.mcu.externaltools.gnu-tools-for-stm32.10.3-2021.10.win32_1.0.200.202301161003/tools/bin/../lib/gcc/arm-none-eabi/10.3.1/../../../../arm-none-eabi/lib/thumb/v8-m.main+fp/hard\libm.a(lib_a-s_fabs.o)
                              c:/st/stm32cubeide_1.12.1/stm32cubeide/plugins/com.st.stm32cube.ide.mcu.externaltools.gnu-tools-for-stm32.10.3-2021.10.win32_1.0.200.202301161003/tools/bin/../lib/gcc/arm-none-eabi/10.3.1/../../../../arm-none-eabi/lib/thumb/v8-m.main+fp/hard\libm.a(lib_a-e_pow.o) (fabs)
c:/st/stm32cubeide_1.12.1/stm32cubeide/plugins/com.st.stm32cube.ide.mcu.externaltools.gnu-tools-for-stm32.10.3-2021.10.win32_1.0.200.202301161003/tools/bin/../lib/gcc/arm-none-eabi/10.3.1/../../../../arm-none-eabi/lib/thumb/v8-m.main+fp/hard\libm.a(lib_a-s_finite.o)
                              c:/st/stm32cubeide_1.12.1/stm32cubeide/plugins/com.st.stm32cube.ide.mcu.externaltools.gnu-tools-for-stm32.10.3-2021.10.win32_1.0.200.202301161003/tools/bin/../lib/gcc/arm-none-eabi/10.3.1/../../../../arm-none-eabi/lib/thumb/v8-m.main+fp/hard\libm.a(lib_a-w_pow.o) (finite)
c:/st/stm32cubeide_1.12.1/stm32cubeide/plugins/com.st.stm32cube.ide.mcu.externaltools.gnu-tools-for-stm32.10.3-2021.10.win32_1.0.200.202301161003/tools/bin/../lib/gcc/arm-none-eabi/10.3.1/../../../../arm-none-eabi/lib/thumb/v8-m.main+fp/hard\libm.a(lib_a-s_scalbn.o)
                              c:/st/stm32cubeide_1.12.1/stm32cubeide/plugins/com.st.stm32cube.ide.mcu.externaltools.gnu-tools-for-stm32.10.3-2021.10.win32_1.0.200.202301161003/tools/bin/../lib/gcc/arm-none-eabi/10.3.1/../../../../arm-none-eabi/lib/thumb/v8-m.main+fp/hard\libm.a(lib_a-e_pow.o) (scalbn)
c:/st/stm32cubeide_1.12.1/stm32cubeide/plugins/com.st.stm32cube.ide.mcu.externaltools.gnu-tools-for-stm32.10.3-2021.10.win32_1.0.200.202301161003/tools/bin/../lib/gcc/arm-none-eabi/10.3.1/../../../../arm-none-eabi/lib/thumb/v8-m.main+fp/hard\libc_nano.a(lib_a-atoi.o)
                              ./Core/Src/NMEAparse.o (atoi)
c:/st/stm32cubeide_1.12.1/stm32cubeide/plugins/com.st.stm32cube.ide.mcu.externaltools.gnu-tools-for-stm32.10.3-2021.10.win32_1.0.200.202301161003/tools/bin/../lib/gcc/arm-none-eabi/10.3.1/../../../../arm-none-eabi/lib/thumb/v8-m.main+fp/hard\libc_nano.a(lib_a-errno.o)
                              ./Core/Src/syscalls.o (__errno)
c:/st/stm32cubeide_1.12.1/stm32cubeide/plugins/com.st.stm32cube.ide.mcu.externaltools.gnu-tools-for-stm32.10.3-2021.10.win32_1.0.200.202301161003/tools/bin/../lib/gcc/arm-none-eabi/10.3.1/../../../../arm-none-eabi/lib/thumb/v8-m.main+fp/hard\libc_nano.a(lib_a-exit.o)
[...]
Memory Configuration

Name             Origin             Length             Attributes
RAM              0x0000000020000000 0x0000000000030000 xrw
RAM2             0x0000000020030000 0x0000000000010000 xrw
FLASH            0x0000000008000000 0x0000000000080000 xr
*default*        0x0000000000000000 0xffffffffffffffff

Linker script and memory map

LOAD c:/st/stm32cubeide_1.12.1/stm32cubeide/plugins/com.st.stm32cube.ide.mcu.externaltools.gnu-tools-for-stm32.10.3-2021.10.win32_1.0.200.202301161003/tools/bin/../lib/gcc/arm-none-eabi/10.3.1/thumb/v8-m.main+fp/hard/crti.o
LOAD c:/st/stm32cubeide_1.12.1/stm32cubeide/plugins/com.st.stm32cube.ide.mcu.externaltools.gnu-tools-for-stm32.10.3-2021.10.win32_1.0.200.202301161003/tools/bin/../lib/gcc/arm-none-eabi/10.3.1/thumb/v8-m.main+fp/hard/crtbegin.o
LOAD c:/st/stm32cubeide_1.12.1/stm32cubeide/plugins/com.st.stm32cube.ide.mcu.externaltools.gnu-tools-for-stm32.10.3-2021.10.win32_1.0.200.202301161003/tools/bin/../lib/gcc/arm-none-eabi/10.3.1/../../../../arm-none-eabi/lib/thumb/v8-m.main+fp/hard/crt0.o
LOAD ./Core/Src/GPS.o
LOAD ./Core/Src/NMEAparse.o
LOAD ./Core/Src/main.o
LOAD ./Core/Src/stm32l5xx_hal_msp.o
LOAD ./Core/Src/stm32l5xx_it.o
LOAD ./Core/Src/syscalls.o
LOAD ./Core/Src/sysmem.o
LOAD ./Core/Src/system_stm32l5xx.o
LOAD ./Core/Startup/startup_stm32l552zetxq.o
LOAD ./Drivers/STM32L5xx_HAL_Driver/Src/stm32l5xx_hal.o
LOAD ./Drivers/STM32L5xx_HAL_Driver/Src/stm32l5xx_hal_adc.o
LOAD ./Drivers/STM32L5xx_HAL_Driver/Src/stm32l5xx_hal_adc_ex.o
LOAD ./Drivers/STM32L5xx_HAL_Driver/Src/stm32l5xx_hal_cortex.o
LOAD ./Drivers/STM32L5xx_HAL_Driver/Src/stm32l5xx_hal_dma.o
LOAD ./Drivers/STM32L5xx_HAL_Driver/Src/stm32l5xx_hal_dma_ex.o
LOAD ./Drivers/STM32L5xx_HAL_Driver/Src/stm32l5xx_hal_exti.o
LOAD ./Drivers/STM32L5xx_HAL_Driver/Src/stm32l5xx_hal_flash.o
LOAD ./Drivers/STM32L5xx_HAL_Driver/Src/stm32l5xx_hal_flash_ex.o
LOAD ./Drivers/STM32L5xx_HAL_Driver/Src/stm32l5xx_hal_flash_ramfunc.o
LOAD ./Drivers/STM32L5xx_HAL_Driver/Src/stm32l5xx_hal_gpio.o
LOAD ./Drivers/STM32L5xx_HAL_Driver/Src/stm32l5xx_hal_i2c.o
LOAD ./Drivers/STM32L5xx_HAL_Driver/Src/stm32l5xx_hal_i2c_ex.o
LOAD ./Drivers/STM32L5xx_HAL_Driver/Src/stm32l5xx_hal_icache.o
LOAD ./Drivers/STM32L5xx_HAL_Driver/Src/stm32l5xx_hal_pcd.o
LOAD ./Drivers/STM32L5xx_HAL_Driver/Src/stm32l5xx_hal_pcd_ex.o
LOAD ./Drivers/STM32L5xx_HAL_Driver/Src/stm32l5xx_hal_pwr.o
LOAD ./Drivers/STM32L5xx_HAL_Driver/Src/stm32l5xx_hal_pwr_ex.o
LOAD ./Drivers/STM32L5xx_HAL_Driver/Src/stm32l5xx_hal_rcc.o
LOAD ./Drivers/STM32L5xx_HAL_Driver/Src/stm32l5xx_hal_rcc_ex.o
LOAD ./Drivers/STM32L5xx_HAL_Driver/Src/stm32l5xx_hal_rtc.o
LOAD ./Drivers/STM32L5xx_HAL_Driver/Src/stm32l5xx_hal_rtc_ex.o
LOAD ./Drivers/STM32L5xx_HAL_Driver/Src/stm32l5xx_hal_tim.o
LOAD ./Drivers/STM32L5xx_HAL_Driver/Src/stm32l5xx_hal_tim_ex.o
LOAD ./Drivers/STM32L5xx_HAL_Driver/Src/stm32l5xx_hal_uart.o
LOAD ./Drivers/STM32L5xx_HAL_Driver/Src/stm32l5xx_hal_uart_ex.o
LOAD ./Drivers/STM32L5xx_HAL_Driver/Src/stm32l5xx_ll_dma.o
LOAD ./Drivers/STM32L5xx_HAL_Driver/Src/stm32l5xx_ll_exti.o
LOAD ./Drivers/STM32L5xx_HAL_Driver/Src/stm32l5xx_ll_gpio.o
LOAD ./Drivers/STM32L5xx_HAL_Driver/Src/stm32l5xx_ll_ucpd.o
LOAD ./Drivers/STM32L5xx_HAL_Driver/Src/stm32l5xx_ll_usb.o
LOAD ./Drivers/STM32L5xx_HAL_Driver/Src/stm32l5xx_ll_utils.o
START GROUP
LOAD c:/st/stm32cubeide_1.12.1/stm32cubeide/plugins/com.st.stm32cube.ide.mcu.externaltools.gnu-tools-for-stm32.10.3-2021.10.win32_1.0.200.202301161003/tools/bin/../lib/gcc/arm-none-eabi/10.3.1/../../../../arm-none-eabi/lib/thumb/v8-m.main+fp/hard\libstdc++_nano.a
LOAD c:/st/stm32cubeide_1.12.1/stm32cubeide/plugins/com.st.stm32cube.ide.mcu.externaltools.gnu-tools-for-stm32.10.3-2021.10.win32_1.0.200.202301161003/tools/bin/../lib/gcc/arm-none-eabi/10.3.1/../../../../arm-none-eabi/lib/thumb/v8-m.main+fp/hard\libsupc++_nano.a
END GROUP
LOAD c:/st/stm32cubeide_1.12.1/stm32cubeide/plugins/com.st.stm32cube.ide.mcu.externaltools.gnu-tools-for-stm32.10.3-2021.10.win32_1.0.200.202301161003/tools/bin/../lib/gcc/arm-none-eabi/10.3.1/../../../../arm-none-eabi/lib/thumb/v8-m.main+fp/hard\libstdc++_nano.a
LOAD c:/st/stm32cubeide_1.12.1/stm32cubeide/plugins/com.st.stm32cube.ide.mcu.externaltools.gnu-tools-for-stm32.10.3-2021.10.win32_1.0.200.202301161003/tools/bin/../lib/gcc/arm-none-eabi/10.3.1/../../../../arm-none-eabi/lib/thumb/v8-m.main+fp/hard\libm.a
LOAD c:/st/stm32cubeide_1.12.1/stm32cubeide/plugins/com.st.stm32cube.ide.mcu.externaltools.gnu-tools-for-stm32.10.3-2021.10.win32_1.0.200.202301161003/tools/bin/../lib/gcc/arm-none-eabi/10.3.1/../../../../arm-none-eabi/lib/thumb/v8-m.main+fp/hard\libc_nano.a
START GROUP
LOAD c:/st/stm32cubeide_1.12.1/stm32cubeide/plugins/com.st.stm32cube.ide.mcu.externaltools.gnu-tools-for-stm32.10.3-2021.10.win32_1.0.200.202301161003/tools/bin/../lib/gcc/arm-none-eabi/10.3.1/thumb/v8-m.main+fp/hard\libgcc.a
LOAD c:/st/stm32cubeide_1.12.1/stm32cubeide/plugins/com.st.stm32cube.ide.mcu.externaltools.gnu-tools-for-stm32.10.3-2021.10.win32_1.0.200.202301161003/tools/bin/../lib/gcc/arm-none-eabi/10.3.1/../../../../arm-none-eabi/lib/thumb/v8-m.main+fp/hard\libc_nano.a
END GROUP
START GROUP
LOAD c:/st/stm32cubeide_1.12.1/stm32cubeide/plugins/com.st.stm32cube.ide.mcu.externaltools.gnu-tools-for-stm32.10.3-2021.10.win32_1.0.200.202301161003/tools/bin/../lib/gcc/arm-none-eabi/10.3.1/thumb/v8-m.main+fp/hard\libgcc.a
LOAD c:/st/stm32cubeide_1.12.1/stm32cubeide/plugins/com.st.stm32cube.ide.mcu.externaltools.gnu-tools-for-stm32.10.3-2021.10.win32_1.0.200.202301161003/tools/bin/../lib/gcc/arm-none-eabi/10.3.1/../../../../arm-none-eabi/lib/thumb/v8-m.main+fp/hard\libc_nano.a
LOAD c:/st/stm32cubeide_1.12.1/stm32cubeide/plugins/com.st.stm32cube.ide.mcu.externaltools.gnu-tools-for-stm32.10.3-2021.10.win32_1.0.200.202301161003/tools/bin/../lib/gcc/arm-none-eabi/10.3.1/../../../../arm-none-eabi/lib/thumb/v8-m.main+fp/hard\libnosys.a
END GROUP
START GROUP
LOAD c:/st/stm32cubeide_1.12.1/stm32cubeide/plugins/com.st.stm32cube.ide.mcu.externaltools.gnu-tools-for-stm32.10.3-2021.10.win32_1.0.200.202301161003/tools/bin/../lib/gcc/arm-none-eabi/10.3.1/thumb/v8-m.main+fp/hard\libgcc.a
LOAD c:/st/stm32cubeide_1.12.1/stm32cubeide/plugins/com.st.stm32cube.ide.mcu.externaltools.gnu-tools-for-stm32.10.3-2021.10.win32_1.0.200.202301161003/tools/bin/../lib/gcc/arm-none-eabi/10.3.1/../../../../arm-none-eabi/lib/thumb/v8-m.main+fp/hard\libc_nano.a
LOAD c:/st/stm32cubeide_1.12.1/stm32cubeide/plugins/com.st.stm32cube.ide.mcu.externaltools.gnu-tools-for-stm32.10.3-2021.10.win32_1.0.200.202301161003/tools/bin/../lib/gcc/arm-none-eabi/10.3.1/../../../../arm-none-eabi/lib/thumb/v8-m.main+fp/hard\libnosys.a
END GROUP
LOAD c:/st/stm32cubeide_1.12.1/stm32cubeide/plugins/com.st.stm32cube.ide.mcu.externaltools.gnu-tools-for-stm32.10.3-2021.10.win32_1.0.200.202301161003/tools/bin/../lib/gcc/arm-none-eabi/10.3.1/thumb/v8-m.main+fp/hard/crtend.o
LOAD c:/st/stm32cubeide_1.12.1/stm32cubeide/plugins/com.st.stm32cube.ide.mcu.externaltools.gnu-tools-for-stm32.10.3-2021.10.win32_1.0.200.202301161003/tools/bin/../lib/gcc/arm-none-eabi/10.3.1/thumb/v8-m.main+fp/hard/crtn.o
                0x0000000020030000                _estack = (ORIGIN (RAM) + LENGTH (RAM))
                0x0000000000000200                _Min_Heap_Size = 0x200
                0x0000000000000400                _Min_Stack_Size = 0x400

.isr_vector     0x0000000008000000      0x1f4
                0x0000000008000000                . = ALIGN (0x4)
 *(.isr_vector)
 .isr_vector    0x0000000008000000      0x1f4 ./Core/Startup/startup_stm32l552zetxq.o
                0x0000000008000000                g_pfnVectors
                0x00000000080001f4                . = ALIGN (0x4)

.text           0x00000000080001f4     0x6af4
                0x00000000080001f4                . = ALIGN (0x4)
 *(.text)
 .text          0x00000000080001f4       0x40 c:/st/stm32cubeide_1.12.1/stm32cubeide/plugins/com.st.stm32cube.ide.mcu.externaltools.gnu-tools-for-stm32.10.3-2021.10.win32_1.0.200.202301161003/tools/bin/../lib/gcc/arm-none-eabi/10.3.1/thumb/v8-m.main+fp/hard/crtbegin.o
 .text          0x0000000008000234       0x30 c:/st/stm32cubeide_1.12.1/stm32cubeide/plugins/com.st.stm32cube.ide.mcu.externaltools.gnu-tools-for-stm32.10.3-2021.10.win32_1.0.200.202301161003/tools/bin/../lib/gcc/arm-none-eabi/10.3.1/thumb/v8-m.main+fp/hard\libgcc.a(_aeabi_uldivmod.o)
                0x0000000008000234                __aeabi_uldivmod
 .text          0x0000000008000264      0x2ec c:/st/stm32cubeide_1.12.1/stm32cubeide/plugins/com.st.stm32cube.ide.mcu.externaltools.gnu-tools-for-stm32.10.3-2021.10.win32_1.0.200.202301161003/tools/bin/../lib/gcc/arm-none-eabi/10.3.1/thumb/v8-m.main+fp/hard\libgcc.a(_udivmoddi4.o)
                0x0000000008000264                __udivmoddi4
 .text          0x0000000008000550        0x4 c:/st/stm32cubeide_1.12.1/stm32cubeide/plugins/com.st.stm32cube.ide.mcu.externaltools.gnu-tools-for-stm32.10.3-2021.10.win32_1.0.200.202301161003/tools/bin/../lib/gcc/arm-none-eabi/10.3.1/thumb/v8-m.main+fp/hard\libgcc.a(_dvmd_tls.o)
                0x0000000008000550                __aeabi_idiv0
                0x0000000008000550                __aeabi_ldiv0
 *(.text*)
 .text._ZN7NEO_GPSC2EP20__UART_HandleTypeDef
                0x0000000008000554       0x32 ./Core/Src/GPS.o
                0x0000000008000554                NEO_GPS::NEO_GPS(__UART_HandleTypeDef*)
                0x0000000008000554                NEO_GPS::NEO_GPS(__UART_HandleTypeDef*)
 .text._ZN7NEO_GPSD2Ev
                0x0000000008000586       0x16 ./Core/Src/GPS.o
                0x0000000008000586                NEO_GPS::~NEO_GPS()
                0x0000000008000586                NEO_GPS::~NEO_GPS()
 .text.LL_AHB2_GRP1_EnableClock
                0x000000000800059c       0x30 ./Core/Src/main.o
 .text.LL_APB1_GRP2_EnableClock
                0x00000000080005cc       0x30 ./Core/Src/main.o
 .text.main     0x00000000080005fc       0x48 ./Core/Src/main.o
                0x00000000080005fc                main
 .text._Z18SystemClock_Configv
                0x0000000008000644       0xe0 ./Core/Src/main.o
                0x0000000008000644                SystemClock_Config()
 .text._ZL12MX_ADC1_Initv
                0x0000000008000724      0x10c ./Core/Src/main.o
 .text._ZL20MX_LPUART1_UART_Initv
                0x0000000008000830       0xc4 ./Core/Src/main.o
 .text._ZL19MX_USART2_UART_Initv
                0x00000000080008f4       0xc0 ./Core/Src/main.o
 .text._ZL11MX_RTC_Initv
                0x00000000080009b4       0xa8 ./Core/Src/main.o
 .text._ZL13MX_UCPD1_Initv
                0x0000000008000a5c       0x6c ./Core/Src/main.o
 .text._ZL15MX_USB_PCD_Initv
                0x0000000008000ac8       0x5c ./Core/Src/main.o
 .text._ZL11MX_DMA_Initv
                0x0000000008000b24       0x54 ./Core/Src/main.o
 .text._ZL12MX_GPIO_Initv
                0x0000000008000b78      0x124 ./Core/Src/main.o
 .text.Error_Handler
                0x0000000008000c9c        0xa ./Core/Src/main.o
                0x0000000008000c9c                Error_Handler
 *fill*         0x0000000008000ca6        0x2 
 .text._Z41__static_initialization_and_destruction_0ii
                0x0000000008000ca8       0x48 ./Core/Src/main.o
 .text._GLOBAL__sub_I_hadc1
                0x0000000008000cf0       0x10 ./Core/Src/main.o
 .text._GLOBAL__sub_D_hadc1
                0x0000000008000d00       0x10 ./Core/Src/main.o
 .text.HAL_MspInit
                0x0000000008000d10       0x48 ./Core/Src/stm32l5xx_hal_msp.o
                0x0000000008000d10                HAL_MspInit
 .text.HAL_ADC_MspInit
                0x0000000008000d58       0xb4 ./Core/Src/stm32l5xx_hal_msp.o
                0x0000000008000d58                HAL_ADC_MspInit
 .text.HAL_UART_MspInit
                0x0000000008000e0c      0x1c8 ./Core/Src/stm32l5xx_hal_msp.o
                0x0000000008000e0c                HAL_UART_MspInit
 .text.HAL_RTC_MspInit
                0x0000000008000fd4       0x7c ./Core/Src/stm32l5xx_hal_msp.o
                0x0000000008000fd4                HAL_RTC_MspInit
 .text.HAL_PCD_MspInit
                0x0000000008001050       0xc0 ./Core/Src/stm32l5xx_hal_msp.o
                0x0000000008001050                HAL_PCD_MspInit
 .text.NMI_Handler
                0x0000000008001110        0x6 ./Core/Src/stm32l5xx_it.o
                0x0000000008001110                NMI_Handler
 .text.HardFault_Handler
                0x0000000008001116        0x6 ./Core/Src/stm32l5xx_it.o
                0x0000000008001116                HardFault_Handler
 .text.MemManage_Handler
                0x000000000800111c        0x6 ./Core/Src/stm32l5xx_it.o
                0x000000000800111c                MemManage_Handler
 .text.BusFault_Handler
                0x0000000008001122        0x6 ./Core/Src/stm32l5xx_it.o
                0x0000000008001122                BusFault_Handler
 .text.UsageFault_Handler
                0x0000000008001128        0x6 ./Core/Src/stm32l5xx_it.o
                0x0000000008001128                UsageFault_Handler
 .text.SVC_Handler
                0x000000000800112e        0xe ./Core/Src/stm32l5xx_it.o
                0x000000000800112e                SVC_Handler
 .text.DebugMon_Handler
                0x000000000800113c        0xe ./Core/Src/stm32l5xx_it.o
                0x000000000800113c                DebugMon_Handler
 .text.PendSV_Handler
                0x000000000800114a        0xe ./Core/Src/stm32l5xx_it.o
                0x000000000800114a                PendSV_Handler
 .text.SysTick_Handler
                0x0000000008001158        0xc ./Core/Src/stm32l5xx_it.o
                0x0000000008001158                SysTick_Handler
 .text.DMA1_Channel1_IRQHandler
                0x0000000008001164       0x14 ./Core/Src/stm32l5xx_it.o
                0x0000000008001164                DMA1_Channel1_IRQHandler
 .text.USART2_IRQHandler
                0x0000000008001178       0x14 ./Core/Src/stm32l5xx_it.o
                0x0000000008001178                USART2_IRQHandler
 .text.SystemInit
                0x000000000800118c       0x24 ./Core/Src/system_stm32l5xx.o
                0x000000000800118c                SystemInit
 .text.SystemCoreClockUpdate
                0x00000000080011b0      0x15c ./Core/Src/system_stm32l5xx.o
                0x00000000080011b0                SystemCoreClockUpdate
 .text.Reset_Handler
                0x000000000800130c       0x50 ./Core/Startup/startup_stm32l552zetxq.o
                0x000000000800130c                Reset_Handler
 .text.Default_Handler
                0x000000000800135c        0x2 ./Core/Startup/startup_stm32l552zetxq.o
                0x000000000800135c                EXTI2_IRQHandler
                0x000000000800135c                TIM8_TRG_COM_IRQHandler
                0x000000000800135c                TIM8_CC_IRQHandler
                0x000000000800135c                EXTI5_IRQHandler
                0x000000000800135c                FLASH_S_IRQHandler
                0x000000000800135c                EXTI13_IRQHandler
                0x000000000800135c                TIM1_CC_IRQHandler
                0x000000000800135c                TSC_IRQHandler
                0x000000000800135c                TAMP_IRQHandler
                0x000000000800135c                TIM6_IRQHandler
                0x000000000800135c                EXTI12_IRQHandler
                0x000000000800135c                DMA2_Channel8_IRQHandler
                0x000000000800135c                EXTI3_IRQHandler
                0x000000000800135c                EXTI8_IRQHandler
                0x000000000800135c                LPTIM2_IRQHandler
                0x000000000800135c                DFSDM1_FLT1_IRQHandler
                0x000000000800135c                USB_FS_IRQHandler
                0x000000000800135c                I2C3_ER_IRQHandler
                0x000000000800135c                DFSDM1_FLT2_IRQHandler
                0x000000000800135c                DMAMUX1_IRQHandler
                0x000000000800135c                LPTIM3_IRQHandler
                0x000000000800135c                EXTI0_IRQHandler
                0x000000000800135c                I2C2_EV_IRQHandler
                0x000000000800135c                FPU_IRQHandler
                0x000000000800135c                FDCAN1_IT1_IRQHandler
                0x000000000800135c                ADC1_2_IRQHandler
                0x000000000800135c                SPI1_IRQHandler
                0x000000000800135c                OCTOSPI1_IRQHandler
                0x000000000800135c                TIM8_UP_IRQHandler
                0x000000000800135c                RCC_S_IRQHandler
                0x000000000800135c                DMA2_Channel2_IRQHandler
                0x000000000800135c                DMA1_Channel4_IRQHandler
                0x000000000800135c                SAI2_IRQHandler
                0x000000000800135c                DFSDM1_FLT3_IRQHandler
                0x000000000800135c                EXTI15_IRQHandler
                0x000000000800135c                TIM17_IRQHandler
                0x000000000800135c                USART3_IRQHandler
                0x000000000800135c                RTC_IRQHandler
                0x000000000800135c                EXTI9_IRQHandler
                0x000000000800135c                DMA1_Channel7_IRQHandler
                0x000000000800135c                UART5_IRQHandler
                0x000000000800135c                TIM4_IRQHandler
                0x000000000800135c                DMA2_Channel1_IRQHandler
                0x000000000800135c                I2C1_EV_IRQHandler
                0x000000000800135c                DMA1_Channel6_IRQHandler
                0x000000000800135c                TIM16_IRQHandler
                0x000000000800135c                UART4_IRQHandler
                0x000000000800135c                DMA2_Channel4_IRQHandler
                0x000000000800135c                SecureFault_Handler
                0x000000000800135c                TIM3_IRQHandler
                0x000000000800135c                RCC_IRQHandler
                0x000000000800135c                TIM1_TRG_COM_IRQHandler
                0x000000000800135c                Default_Handler
                0x000000000800135c                DMA2_Channel7_IRQHandler
                0x000000000800135c                DMA1_Channel8_IRQHandler
                0x000000000800135c                TIM7_IRQHandler
                0x000000000800135c                SDMMC1_IRQHandler
                0x000000000800135c                TIM5_IRQHandler
                0x000000000800135c                UCPD1_IRQHandler
                0x000000000800135c                TIM15_IRQHandler
                0x000000000800135c                I2C3_EV_IRQHandler
                0x000000000800135c                PVD_PVM_IRQHandler
                0x000000000800135c                SPI2_IRQHandler
                0x000000000800135c                EXTI14_IRQHandler
                0x000000000800135c                EXTI11_IRQHandler
                0x000000000800135c                DMA2_Channel5_IRQHandler
                0x000000000800135c                CRS_IRQHandler
                0x000000000800135c                DMA1_Channel5_IRQHandler
                0x000000000800135c                EXTI4_IRQHandler
                0x000000000800135c                RTC_S_IRQHandler
                0x000000000800135c                RNG_IRQHandler
                0x000000000800135c                DMAMUX1_S_IRQHandler
                0x000000000800135c                DMA1_Channel3_IRQHandler
                0x000000000800135c                COMP_IRQHandler
                0x000000000800135c                TIM1_UP_IRQHandler
                0x000000000800135c                WWDG_IRQHandler
                0x000000000800135c                I2C4_EV_IRQHandler
                0x000000000800135c                LPUART1_IRQHandler
                0x000000000800135c                DMA2_Channel6_IRQHandler
                0x000000000800135c                FDCAN1_IT0_IRQHandler
                0x000000000800135c                TIM2_IRQHandler
                0x000000000800135c                TAMP_S_IRQHandler
                0x000000000800135c                EXTI7_IRQHandler
                0x000000000800135c                TIM1_BRK_IRQHandler
                0x000000000800135c                DAC_IRQHandler
                0x000000000800135c                EXTI1_IRQHandler
                0x000000000800135c                GTZC_IRQHandler
                0x000000000800135c                DFSDM1_FLT0_IRQHandler
                0x000000000800135c                I2C2_ER_IRQHandler
                0x000000000800135c                DMA1_Channel2_IRQHandler
                0x000000000800135c                TIM8_BRK_IRQHandler
                0x000000000800135c                FLASH_IRQHandler
                0x000000000800135c                USART1_IRQHandler
                0x000000000800135c                EXTI10_IRQHandler
                0x000000000800135c                SPI3_IRQHandler
                0x000000000800135c                I2C1_ER_IRQHandler
                0x000000000800135c                FMC_IRQHandler
                0x000000000800135c                EXTI6_IRQHandler
                0x000000000800135c                LPTIM1_IRQHandler
                0x000000000800135c                I2C4_ER_IRQHandler
                0x000000000800135c                ICACHE_IRQHandler
                0x000000000800135c                SAI1_IRQHandler
                0x000000000800135c                HASH_IRQHandler
                0x000000000800135c                DMA2_Channel3_IRQHandler
 .text.HAL_Init
                0x000000000800135e       0x34 ./Drivers/STM32L5xx_HAL_Driver/Src/stm32l5xx_hal.o
                0x000000000800135e                HAL_Init
 *fill*         0x0000000008001392        0x2 
 .text.HAL_InitTick
                0x0000000008001394       0x78 ./Drivers/STM32L5xx_HAL_Driver/Src/stm32l5xx_hal.o
                0x0000000008001394                HAL_InitTick
 .text.HAL_IncTick
                0x000000000800140c       0x28 ./Drivers/STM32L5xx_HAL_Driver/Src/stm32l5xx_hal.o
                0x000000000800140c                HAL_IncTick
 .text.HAL_GetTick
                0x0000000008001434       0x18 ./Drivers/STM32L5xx_HAL_Driver/Src/stm32l5xx_hal.o
                0x0000000008001434                HAL_GetTick
 .text.HAL_Delay
                0x000000000800144c       0x48 ./Drivers/STM32L5xx_HAL_Driver/Src/stm32l5xx_hal.o
                0x000000000800144c                HAL_Delay
 .text.LL_ADC_SetCommonClock
                0x0000000008001494       0x26 ./Drivers/STM32L5xx_HAL_Driver/Src/stm32l5xx_hal_adc.o
 .text.LL_ADC_SetCommonPathInternalCh
                0x00000000080014ba       0x26 ./Drivers/STM32L5xx_HAL_Driver/Src/stm32l5xx_hal_adc.o
 .text.LL_ADC_GetCommonPathInternalCh
                0x00000000080014e0       0x1c ./Drivers/STM32L5xx_HAL_Driver/Src/stm32l5xx_hal_adc.o
 .text.LL_ADC_SetOffset
                0x00000000080014fc       0x48 ./Drivers/STM32L5xx_HAL_Driver/Src/stm32l5xx_hal_adc.o
 .text.LL_ADC_GetOffsetChannel
                0x0000000008001544       0x2c ./Drivers/STM32L5xx_HAL_Driver/Src/stm32l5xx_hal_adc.o
 .text.LL_ADC_SetOffsetState
                0x0000000008001570       0x36 ./Drivers/STM32L5xx_HAL_Driver/Src/stm32l5xx_hal_adc.o
 .text.LL_ADC_SetSamplingTimeCommonConfig
                0x00000000080015a6       0x26 ./Drivers/STM32L5xx_HAL_Driver/Src/stm32l5xx_hal_adc.o
 .text.LL_ADC_REG_SetSequencerRanks
                0x00000000080015cc       0x58 ./Drivers/STM32L5xx_HAL_Driver/Src/stm32l5xx_hal_adc.o
 .text.LL_ADC_SetChannelSamplingTime
                0x0000000008001624       0x56 ./Drivers/STM32L5xx_HAL_Driver/Src/stm32l5xx_hal_adc.o
 *fill*         0x000000000800167a        0x2 
 .text.LL_ADC_SetChannelSingleDiff
                0x000000000800167c       0x48 ./Drivers/STM32L5xx_HAL_Driver/Src/stm32l5xx_hal_adc.o
 .text.LL_ADC_DisableDeepPowerDown
                0x00000000080016c4       0x24 ./Drivers/STM32L5xx_HAL_Driver/Src/stm32l5xx_hal_adc.o
 .text.LL_ADC_IsDeepPowerDownEnabled
                0x00000000080016e8       0x28 ./Drivers/STM32L5xx_HAL_Driver/Src/stm32l5xx_hal_adc.o
 .text.LL_ADC_EnableInternalRegulator
                0x0000000008001710       0x28 ./Drivers/STM32L5xx_HAL_Driver/Src/stm32l5xx_hal_adc.o
 .text.LL_ADC_IsInternalRegulatorEnabled
                0x0000000008001738       0x28 ./Drivers/STM32L5xx_HAL_Driver/Src/stm32l5xx_hal_adc.o
 .text.LL_ADC_IsEnabled
                0x0000000008001760       0x26 ./Drivers/STM32L5xx_HAL_Driver/Src/stm32l5xx_hal_adc.o
 .text.LL_ADC_REG_IsConversionOngoing
                0x0000000008001786       0x26 ./Drivers/STM32L5xx_HAL_Driver/Src/stm32l5xx_hal_adc.o
 .text.LL_ADC_INJ_IsConversionOngoing
                0x00000000080017ac       0x26 ./Drivers/STM32L5xx_HAL_Driver/Src/stm32l5xx_hal_adc.o
 *fill*         0x00000000080017d2        0x2 
 .text.HAL_ADC_Init
                0x00000000080017d4      0x298 ./Drivers/STM32L5xx_HAL_Driver/Src/stm32l5xx_hal_adc.o
                0x00000000080017d4                HAL_ADC_Init
 .text.HAL_ADC_ConfigChannel
                0x0000000008001a6c      0x7d4 ./Drivers/STM32L5xx_HAL_Driver/Src/stm32l5xx_hal_adc.o
                0x0000000008001a6c                HAL_ADC_ConfigChannel
 .text.LL_ADC_IsEnabled
                0x0000000008002240       0x26 ./Drivers/STM32L5xx_HAL_Driver/Src/stm32l5xx_hal_adc_ex.o
 .text.LL_ADC_REG_IsConversionOngoing
                0x0000000008002266       0x26 ./Drivers/STM32L5xx_HAL_Driver/Src/stm32l5xx_hal_adc_ex.o
 .text.HAL_ADCEx_MultiModeConfigChannel
                0x000000000800228c      0x148 ./Drivers/STM32L5xx_HAL_Driver/Src/stm32l5xx_hal_adc_ex.o
                0x000000000800228c                HAL_ADCEx_MultiModeConfigChannel
 .text.__NVIC_SetPriorityGrouping
                0x00000000080023d4       0x48 ./Drivers/STM32L5xx_HAL_Driver/Src/stm32l5xx_hal_cortex.o
 .text.__NVIC_GetPriorityGrouping
                0x000000000800241c       0x1c ./Drivers/STM32L5xx_HAL_Driver/Src/stm32l5xx_hal_cortex.o
 .text.__NVIC_EnableIRQ
                0x0000000008002438       0x3c ./Drivers/STM32L5xx_HAL_Driver/Src/stm32l5xx_hal_cortex.o
 .text.__NVIC_SetPriority
                0x0000000008002474       0x54 ./Drivers/STM32L5xx_HAL_Driver/Src/stm32l5xx_hal_cortex.o
 .text.NVIC_EncodePriority
                0x00000000080024c8       0x66 ./Drivers/STM32L5xx_HAL_Driver/Src/stm32l5xx_hal_cortex.o
 *fill*         0x000000000800252e        0x2 
 .text.SysTick_Config
                0x0000000008002530       0x44 ./Drivers/STM32L5xx_HAL_Driver/Src/stm32l5xx_hal_cortex.o
 .text.HAL_NVIC_SetPriorityGrouping
                0x0000000008002574       0x16 ./Drivers/STM32L5xx_HAL_Driver/Src/stm32l5xx_hal_cortex.o
                0x0000000008002574                HAL_NVIC_SetPriorityGrouping
 .text.HAL_NVIC_SetPriority
                0x000000000800258a       0x34 ./Drivers/STM32L5xx_HAL_Driver/Src/stm32l5xx_hal_cortex.o
                0x000000000800258a                HAL_NVIC_SetPriority
 .text.HAL_NVIC_EnableIRQ
                0x00000000080025be       0x1c ./Drivers/STM32L5xx_HAL_Driver/Src/stm32l5xx_hal_cortex.o
                0x00000000080025be                HAL_NVIC_EnableIRQ
 .text.HAL_SYSTICK_Config
                0x00000000080025da       0x18 ./Drivers/STM32L5xx_HAL_Driver/Src/stm32l5xx_hal_cortex.o
                0x00000000080025da                HAL_SYSTICK_Config
 *fill*         0x00000000080025f2        0x2 
 .text.HAL_DMA_Init
                0x00000000080025f4      0x150 ./Drivers/STM32L5xx_HAL_Driver/Src/stm32l5xx_hal_dma.o
                0x00000000080025f4                HAL_DMA_Init
 .text.HAL_DMA_Start_IT
                0x0000000008002744       0xf6 ./Drivers/STM32L5xx_HAL_Driver/Src/stm32l5xx_hal_dma.o
                0x0000000008002744                HAL_DMA_Start_IT
 .text.HAL_DMA_Abort
                0x000000000800283a       0xb8 ./Drivers/STM32L5xx_HAL_Driver/Src/stm32l5xx_hal_dma.o
                0x000000000800283a                HAL_DMA_Abort
 .text.HAL_DMA_Abort_IT
                0x00000000080028f2       0xbe ./Drivers/STM32L5xx_HAL_Driver/Src/stm32l5xx_hal_dma.o
                0x00000000080028f2                HAL_DMA_Abort_IT
 .text.HAL_DMA_IRQHandler
                0x00000000080029b0      0x200 ./Drivers/STM32L5xx_HAL_Driver/Src/stm32l5xx_hal_dma.o
                0x00000000080029b0                HAL_DMA_IRQHandler
 .text.HAL_DMA_ConfigChannelAttributes
                0x0000000008002bb0       0x60 ./Drivers/STM32L5xx_HAL_Driver/Src/stm32l5xx_hal_dma.o
                0x0000000008002bb0                HAL_DMA_ConfigChannelAttributes
 .text.DMA_SetConfig
                0x0000000008002c10       0x7c ./Drivers/STM32L5xx_HAL_Driver/Src/stm32l5xx_hal_dma.o
 .text.DMA_CalcDMAMUXChannelBaseAndMask
                0x0000000008002c8c       0x7c ./Drivers/STM32L5xx_HAL_Driver/Src/stm32l5xx_hal_dma.o
 .text.DMA_CalcDMAMUXRequestGenBaseAndMask
                0x0000000008002d08       0x48 ./Drivers/STM32L5xx_HAL_Driver/Src/stm32l5xx_hal_dma.o
 .text.HAL_GPIO_Init
                0x0000000008002d50      0x300 ./Drivers/STM32L5xx_HAL_Driver/Src/stm32l5xx_hal_gpio.o
                0x0000000008002d50                HAL_GPIO_Init
 .text.HAL_GPIO_WritePin
                0x0000000008003050       0x30 ./Drivers/STM32L5xx_HAL_Driver/Src/stm32l5xx_hal_gpio.o
                0x0000000008003050                HAL_GPIO_WritePin
 .text.HAL_PCD_Init
                0x0000000008003080      0x1b2 ./Drivers/STM32L5xx_HAL_Driver/Src/stm32l5xx_hal_pcd.o
                0x0000000008003080                HAL_PCD_Init
 .text.HAL_PCDEx_ActivateLPM
                0x0000000008003232       0x54 ./Drivers/STM32L5xx_HAL_Driver/Src/stm32l5xx_hal_pcd_ex.o
                0x0000000008003232                HAL_PCDEx_ActivateLPM
 *fill*         0x0000000008003286        0x2 
 .text.HAL_PWR_EnableBkUpAccess
                0x0000000008003288       0x20 ./Drivers/STM32L5xx_HAL_Driver/Src/stm32l5xx_hal_pwr.o
                0x0000000008003288                HAL_PWR_EnableBkUpAccess
 .text.HAL_PWREx_GetVoltageRange
                0x00000000080032a8       0x1c ./Drivers/STM32L5xx_HAL_Driver/Src/stm32l5xx_hal_pwr_ex.o
                0x00000000080032a8                HAL_PWREx_GetVoltageRange
 .text.HAL_PWREx_ControlVoltageScaling
                0x00000000080032c4       0xb8 ./Drivers/STM32L5xx_HAL_Driver/Src/stm32l5xx_hal_pwr_ex.o
                0x00000000080032c4                HAL_PWREx_ControlVoltageScaling
 .text.HAL_PWREx_EnableVddIO2
                0x000000000800337c       0x20 ./Drivers/STM32L5xx_HAL_Driver/Src/stm32l5xx_hal_pwr_ex.o
                0x000000000800337c                HAL_PWREx_EnableVddIO2
 .text.HAL_PWREx_SMPS_GetEffectiveMode
                0x000000000800339c       0x48 ./Drivers/STM32L5xx_HAL_Driver/Src/stm32l5xx_hal_pwr_ex.o
                0x000000000800339c                HAL_PWREx_SMPS_GetEffectiveMode
 .text.HAL_RCC_OscConfig
                0x00000000080033e4      0x9ac ./Drivers/STM32L5xx_HAL_Driver/Src/stm32l5xx_hal_rcc.o
                0x00000000080033e4                HAL_RCC_OscConfig
 .text.HAL_RCC_ClockConfig
                0x0000000008003d90      0x270 ./Drivers/STM32L5xx_HAL_Driver/Src/stm32l5xx_hal_rcc.o
                0x0000000008003d90                HAL_RCC_ClockConfig
 .text.HAL_RCC_GetSysClockFreq
                0x0000000008004000      0x13c ./Drivers/STM32L5xx_HAL_Driver/Src/stm32l5xx_hal_rcc.o
                0x0000000008004000                HAL_RCC_GetSysClockFreq
 .text.HAL_RCC_GetHCLKFreq
                0x000000000800413c       0x28 ./Drivers/STM32L5xx_HAL_Driver/Src/stm32l5xx_hal_rcc.o
                0x000000000800413c                HAL_RCC_GetHCLKFreq
 .text.HAL_RCC_GetPCLK1Freq
                0x0000000008004164       0x28 ./Drivers/STM32L5xx_HAL_Driver/Src/stm32l5xx_hal_rcc.o
                0x0000000008004164                HAL_RCC_GetPCLK1Freq
 .text.HAL_RCC_GetPCLK2Freq
                0x000000000800418c       0x28 ./Drivers/STM32L5xx_HAL_Driver/Src/stm32l5xx_hal_rcc.o
                0x000000000800418c                HAL_RCC_GetPCLK2Freq
 .text.RCC_SetFlashLatencyFromMSIRange
                0x00000000080041b4       0xc8 ./Drivers/STM32L5xx_HAL_Driver/Src/stm32l5xx_hal_rcc.o
 .text.RCC_GetSysClockFreqFromPLLSource
                0x000000000800427c       0xdc ./Drivers/STM32L5xx_HAL_Driver/Src/stm32l5xx_hal_rcc.o
 .text.HAL_RCCEx_PeriphCLKConfig
                0x0000000008004358      0x708 ./Drivers/STM32L5xx_HAL_Driver/Src/stm32l5xx_hal_rcc_ex.o
                0x0000000008004358                HAL_RCCEx_PeriphCLKConfig
 .text.RCCEx_PLLSAI1_Config
                0x0000000008004a60      0x1cc ./Drivers/STM32L5xx_HAL_Driver/Src/stm32l5xx_hal_rcc_ex.o
 .text.RCCEx_PLLSAI2_Config
                0x0000000008004c2c      0x158 ./Drivers/STM32L5xx_HAL_Driver/Src/stm32l5xx_hal_rcc_ex.o
 .text.HAL_RTC_Init
                0x0000000008004d84       0xf0 ./Drivers/STM32L5xx_HAL_Driver/Src/stm32l5xx_hal_rtc.o
                0x0000000008004d84                HAL_RTC_Init
 .text.HAL_RTC_WaitForSynchro
                0x0000000008004e74       0x48 ./Drivers/STM32L5xx_HAL_Driver/Src/stm32l5xx_hal_rtc.o
                0x0000000008004e74                HAL_RTC_WaitForSynchro
 .text.RTC_EnterInitMode
                0x0000000008004ebc       0x68 ./Drivers/STM32L5xx_HAL_Driver/Src/stm32l5xx_hal_rtc.o
                0x0000000008004ebc                RTC_EnterInitMode
 .text.RTC_ExitInitMode
                0x0000000008004f24       0x7c ./Drivers/STM32L5xx_HAL_Driver/Src/stm32l5xx_hal_rtc.o
                0x0000000008004f24                RTC_ExitInitMode
 .text.HAL_RTCEx_PrivilegeModeSet
                0x0000000008004fa0       0x58 ./Drivers/STM32L5xx_HAL_Driver/Src/stm32l5xx_hal_rtc_ex.o
                0x0000000008004fa0                HAL_RTCEx_PrivilegeModeSet
 .text.HAL_UART_Init
                0x0000000008004ff8       0xa0 ./Drivers/STM32L5xx_HAL_Driver/Src/stm32l5xx_hal_uart.o
                0x0000000008004ff8                HAL_UART_Init
 .text.HAL_UART_Receive_DMA
                0x0000000008005098       0x98 ./Drivers/STM32L5xx_HAL_Driver/Src/stm32l5xx_hal_uart.o
                0x0000000008005098                HAL_UART_Receive_DMA
 .text.HAL_UART_IRQHandler
                0x0000000008005130      0x648 ./Drivers/STM32L5xx_HAL_Driver/Src/stm32l5xx_hal_uart.o
                0x0000000008005130                HAL_UART_IRQHandler
 .text.HAL_UART_TxCpltCallback
                0x0000000008005778       0x14 ./Drivers/STM32L5xx_HAL_Driver/Src/stm32l5xx_hal_uart.o
                0x0000000008005778                HAL_UART_TxCpltCallback
 .text.HAL_UART_RxCpltCallback
                0x000000000800578c       0x14 ./Drivers/STM32L5xx_HAL_Driver/Src/stm32l5xx_hal_uart.o
                0x000000000800578c                HAL_UART_RxCpltCallback
 .text.HAL_UART_RxHalfCpltCallback
                0x00000000080057a0       0x14 ./Drivers/STM32L5xx_HAL_Driver/Src/stm32l5xx_hal_uart.o
                0x00000000080057a0                HAL_UART_RxHalfCpltCallback
 .text.HAL_UART_ErrorCallback
                0x00000000080057b4       0x14 ./Drivers/STM32L5xx_HAL_Driver/Src/stm32l5xx_hal_uart.o
                0x00000000080057b4                HAL_UART_ErrorCallback
 .text.HAL_UARTEx_RxEventCallback
                0x00000000080057c8       0x18 ./Drivers/STM32L5xx_HAL_Driver/Src/stm32l5xx_hal_uart.o
                0x00000000080057c8                HAL_UARTEx_RxEventCallback
 .text.UART_SetConfig
                0x00000000080057e0      0x600 ./Drivers/STM32L5xx_HAL_Driver/Src/stm32l5xx_hal_uart.o
                0x00000000080057e0                UART_SetConfig
 .text.UART_AdvFeatureConfig
                0x0000000008005de0      0x144 ./Drivers/STM32L5xx_HAL_Driver/Src/stm32l5xx_hal_uart.o
                0x0000000008005de0                UART_AdvFeatureConfig
 .text.UART_CheckIdleState
                0x0000000008005f24      0x154 ./Drivers/STM32L5xx_HAL_Driver/Src/stm32l5xx_hal_uart.o
                0x0000000008005f24                UART_CheckIdleState
 .text.UART_WaitOnFlagUntilTimeout
                0x0000000008006078       0xce ./Drivers/STM32L5xx_HAL_Driver/Src/stm32l5xx_hal_uart.o
                0x0000000008006078                UART_WaitOnFlagUntilTimeout
 *fill*         0x0000000008006146        0x2 
 .text.UART_Start_Receive_DMA
                0x0000000008006148      0x14c ./Drivers/STM32L5xx_HAL_Driver/Src/stm32l5xx_hal_uart.o
                0x0000000008006148                UART_Start_Receive_DMA
 .text.UART_EndTxTransfer
                0x0000000008006294       0x82 ./Drivers/STM32L5xx_HAL_Driver/Src/stm32l5xx_hal_uart.o
 .text.UART_EndRxTransfer
                0x0000000008006316       0xcc ./Drivers/STM32L5xx_HAL_Driver/Src/stm32l5xx_hal_uart.o
 .text.UART_DMAReceiveCplt
                0x00000000080063e2      0x12c ./Drivers/STM32L5xx_HAL_Driver/Src/stm32l5xx_hal_uart.o
 .text.UART_DMARxHalfCplt
                0x000000000800650e       0x3e ./Drivers/STM32L5xx_HAL_Driver/Src/stm32l5xx_hal_uart.o
 .text.UART_DMAError
                0x000000000800654c       0x80 ./Drivers/STM32L5xx_HAL_Driver/Src/stm32l5xx_hal_uart.o
 .text.UART_DMAAbortOnError
                0x00000000080065cc       0x2c ./Drivers/STM32L5xx_HAL_Driver/Src/stm32l5xx_hal_uart.o
 .text.UART_EndTransmit_IT
                0x00000000080065f8       0x56 ./Drivers/STM32L5xx_HAL_Driver/Src/stm32l5xx_hal_uart.o
 .text.HAL_UARTEx_WakeupCallback
                0x000000000800664e       0x14 ./Drivers/STM32L5xx_HAL_Driver/Src/stm32l5xx_hal_uart_ex.o
                0x000000000800664e                HAL_UARTEx_WakeupCallback
 .text.HAL_UARTEx_RxFifoFullCallback
                0x0000000008006662       0x14 ./Drivers/STM32L5xx_HAL_Driver/Src/stm32l5xx_hal_uart_ex.o
                0x0000000008006662                HAL_UARTEx_RxFifoFullCallback
 .text.HAL_UARTEx_TxFifoEmptyCallback
                0x0000000008006676       0x14 ./Drivers/STM32L5xx_HAL_Driver/Src/stm32l5xx_hal_uart_ex.o
                0x0000000008006676                HAL_UARTEx_TxFifoEmptyCallback
 .text.HAL_UARTEx_DisableFifoMode
                0x000000000800668a       0x72 ./Drivers/STM32L5xx_HAL_Driver/Src/stm32l5xx_hal_uart_ex.o
                0x000000000800668a                HAL_UARTEx_DisableFifoMode
 .text.HAL_UARTEx_SetTxFifoThreshold
                0x00000000080066fc       0x7c ./Drivers/STM32L5xx_HAL_Driver/Src/stm32l5xx_hal_uart_ex.o
                0x00000000080066fc                HAL_UARTEx_SetTxFifoThreshold
 .text.HAL_UARTEx_SetRxFifoThreshold
                0x0000000008006778       0x7c ./Drivers/STM32L5xx_HAL_Driver/Src/stm32l5xx_hal_uart_ex.o
                0x0000000008006778                HAL_UARTEx_SetRxFifoThreshold
 .text.UARTEx_SetNbDataToProcess
                0x00000000080067f4       0x9c ./Drivers/STM32L5xx_HAL_Driver/Src/stm32l5xx_hal_uart_ex.o
 .text.LL_GPIO_SetPinMode
                0x0000000008006890       0x7a ./Drivers/STM32L5xx_HAL_Driver/Src/stm32l5xx_ll_gpio.o
 .text.LL_GPIO_SetPinOutputType
                0x000000000800690a       0x30 ./Drivers/STM32L5xx_HAL_Driver/Src/stm32l5xx_ll_gpio.o
 .text.LL_GPIO_SetPinSpeed
                0x000000000800693a       0x7a ./Drivers/STM32L5xx_HAL_Driver/Src/stm32l5xx_ll_gpio.o
 .text.LL_GPIO_SetPinPull
                0x00000000080069b4       0x7a ./Drivers/STM32L5xx_HAL_Driver/Src/stm32l5xx_ll_gpio.o
 .text.LL_GPIO_SetAFPin_0_7
                0x0000000008006a2e       0x7a ./Drivers/STM32L5xx_HAL_Driver/Src/stm32l5xx_ll_gpio.o
 .text.LL_GPIO_SetAFPin_8_15
                0x0000000008006aa8       0x7e ./Drivers/STM32L5xx_HAL_Driver/Src/stm32l5xx_ll_gpio.o
 .text.LL_GPIO_Init
                0x0000000008006b26       0xda ./Drivers/STM32L5xx_HAL_Driver/Src/stm32l5xx_ll_gpio.o
                0x0000000008006b26                LL_GPIO_Init
 .text.USB_DisableGlobalInt
                0x0000000008006c00       0x36 ./Drivers/STM32L5xx_HAL_Driver/Src/stm32l5xx_ll_usb.o
                0x0000000008006c00                USB_DisableGlobalInt
 .text.USB_DevInit
                0x0000000008006c36       0x42 ./Drivers/STM32L5xx_HAL_Driver/Src/stm32l5xx_ll_usb.o
                0x0000000008006c36                USB_DevInit
 .text.__libc_init_array
                0x0000000008006c78       0x48 c:/st/stm32cubeide_1.12.1/stm32cubeide/plugins/com.st.stm32cube.ide.mcu.externaltools.gnu-tools-for-stm32.10.3-2021.10.win32_1.0.200.202301161003/tools/bin/../lib/gcc/arm-none-eabi/10.3.1/../../../../arm-none-eabi/lib/thumb/v8-m.main+fp/hard\libc_nano.a(lib_a-init.o)
                0x0000000008006c78                __libc_init_array
 .text.memset   0x0000000008006cc0       0x10 c:/st/stm32cubeide_1.12.1/stm32cubeide/plugins/com.st.stm32cube.ide.mcu.externaltools.gnu-tools-for-stm32.10.3-2021.10.win32_1.0.200.202301161003/tools/bin/../lib/gcc/arm-none-eabi/10.3.1/../../../../arm-none-eabi/lib/thumb/v8-m.main+fp/hard\libc_nano.a(lib_a-memset.o)
                0x0000000008006cc0                memset
 *(.glue_7)
 .glue_7        0x0000000008006cd0        0x0 linker stubs
 *(.glue_7t)
 .glue_7t       0x0000000008006cd0        0x0 linker stubs
 *(.eh_frame)
 .eh_frame      0x0000000008006cd0        0x0 c:/st/stm32cubeide_1.12.1/stm32cubeide/plugins/com.st.stm32cube.ide.mcu.externaltools.gnu-tools-for-stm32.10.3-2021.10.win32_1.0.200.202301161003/tools/bin/../lib/gcc/arm-none-eabi/10.3.1/thumb/v8-m.main+fp/hard/crtbegin.o
 *(.init)
 .init          0x0000000008006cd0        0x4 c:/st/stm32cubeide_1.12.1/stm32cubeide/plugins/com.st.stm32cube.ide.mcu.externaltools.gnu-tools-for-stm32.10.3-2021.10.win32_1.0.200.202301161003/tools/bin/../lib/gcc/arm-none-eabi/10.3.1/thumb/v8-m.main+fp/hard/crti.o
                0x0000000008006cd0                _init
 .init          0x0000000008006cd4        0x8 c:/st/stm32cubeide_1.12.1/stm32cubeide/plugins/com.st.stm32cube.ide.mcu.externaltools.gnu-tools-for-stm32.10.3-2021.10.win32_1.0.200.202301161003/tools/bin/../lib/gcc/arm-none-eabi/10.3.1/thumb/v8-m.main+fp/hard/crtn.o
 *(.fini)
 .fini          0x0000000008006cdc        0x4 c:/st/stm32cubeide_1.12.1/stm32cubeide/plugins/com.st.stm32cube.ide.mcu.externaltools.gnu-tools-for-stm32.10.3-2021.10.win32_1.0.200.202301161003/tools/bin/../lib/gcc/arm-none-eabi/10.3.1/thumb/v8-m.main+fp/hard/crti.o
                0x0000000008006cdc                _fini
 .fini          0x0000000008006ce0        0x8 c:/st/stm32cubeide_1.12.1/stm32cubeide/plugins/com.st.stm32cube.ide.mcu.externaltools.gnu-tools-for-stm32.10.3-2021.10.win32_1.0.200.202301161003/tools/bin/../lib/gcc/arm-none-eabi/10.3.1/thumb/v8-m.main+fp/hard/crtn.o
                0x0000000008006ce8                . = ALIGN (0x4)
                0x0000000008006ce8                _etext = .

.vfp11_veneer   0x0000000008006ce8        0x0
 .vfp11_veneer  0x0000000008006ce8        0x0 linker stubs

.v4_bx          0x0000000008006ce8        0x0
 .v4_bx         0x0000000008006ce8        0x0 linker stubs

.iplt           0x0000000008006ce8        0x0
 .iplt          0x0000000008006ce8        0x0 c:/st/stm32cubeide_1.12.1/stm32cubeide/plugins/com.st.stm32cube.ide.mcu.externaltools.gnu-tools-for-stm32.10.3-2021.10.win32_1.0.200.202301161003/tools/bin/../lib/gcc/arm-none-eabi/10.3.1/thumb/v8-m.main+fp/hard/crtbegin.o

.rodata         0x0000000008006ce8       0x80
                0x0000000008006ce8                . = ALIGN (0x4)
 *(.rodata)
 *(.rodata*)
 .rodata.AHBPrescTable
                0x0000000008006ce8       0x10 ./Core/Src/system_stm32l5xx.o
                0x0000000008006ce8                AHBPrescTable
 .rodata.APBPrescTable
                0x0000000008006cf8        0x8 ./Core/Src/system_stm32l5xx.o
                0x0000000008006cf8                APBPrescTable
 .rodata.MSIRangeTable
                0x0000000008006d00       0x40 ./Core/Src/system_stm32l5xx.o
                0x0000000008006d00                MSIRangeTable
 .rodata.UARTPrescTable
                0x0000000008006d40       0x18 ./Drivers/STM32L5xx_HAL_Driver/Src/stm32l5xx_hal_uart.o
                0x0000000008006d40                UARTPrescTable
 .rodata.numerator.1
                0x0000000008006d58        0x8 ./Drivers/STM32L5xx_HAL_Driver/Src/stm32l5xx_hal_uart_ex.o
 .rodata.denominator.0
                0x0000000008006d60        0x8 ./Drivers/STM32L5xx_HAL_Driver/Src/stm32l5xx_hal_uart_ex.o
                0x0000000008006d68                . = ALIGN (0x4)

.ARM.extab      0x0000000008006d68        0x0
                0x0000000008006d68                . = ALIGN (0x4)
 *(.ARM.extab* .gnu.linkonce.armextab.*)
                0x0000000008006d68                . = ALIGN (0x4)

.ARM            0x0000000008006d68        0x8
                0x0000000008006d68                . = ALIGN (0x4)
                0x0000000008006d68                __exidx_start = .
 *(.ARM.exidx*)
 .ARM.exidx     0x0000000008006d68        0x8 c:/st/stm32cubeide_1.12.1/stm32cubeide/plugins/com.st.stm32cube.ide.mcu.externaltools.gnu-tools-for-stm32.10.3-2021.10.win32_1.0.200.202301161003/tools/bin/../lib/gcc/arm-none-eabi/10.3.1/thumb/v8-m.main+fp/hard\libgcc.a(_udivmoddi4.o)
                0x0000000008006d70                __exidx_end = .
                0x0000000008006d70                . = ALIGN (0x4)

.rel.dyn        0x0000000008006d70        0x0
 .rel.iplt      0x0000000008006d70        0x0 c:/st/stm32cubeide_1.12.1/stm32cubeide/plugins/com.st.stm32cube.ide.mcu.externaltools.gnu-tools-for-stm32.10.3-2021.10.win32_1.0.200.202301161003/tools/bin/../lib/gcc/arm-none-eabi/10.3.1/thumb/v8-m.main+fp/hard/crtbegin.o

.preinit_array  0x0000000008006d70        0x0
                0x0000000008006d70                . = ALIGN (0x4)
                0x0000000008006d70                PROVIDE (__preinit_array_start = .)
 *(.preinit_array*)
                0x0000000008006d70                PROVIDE (__preinit_array_end = .)
                0x0000000008006d70                . = ALIGN (0x4)

.init_array     0x0000000008006d70        0x8
                0x0000000008006d70                . = ALIGN (0x4)
                0x0000000008006d70                PROVIDE (__init_array_start = .)
 *(SORT_BY_NAME(.init_array.*))
 *(.init_array*)
 .init_array    0x0000000008006d70        0x4 c:/st/stm32cubeide_1.12.1/stm32cubeide/plugins/com.st.stm32cube.ide.mcu.externaltools.gnu-tools-for-stm32.10.3-2021.10.win32_1.0.200.202301161003/tools/bin/../lib/gcc/arm-none-eabi/10.3.1/thumb/v8-m.main+fp/hard/crtbegin.o
 .init_array    0x0000000008006d74        0x4 ./Core/Src/main.o
                0x0000000008006d78                PROVIDE (__init_array_end = .)
                0x0000000008006d78                . = ALIGN (0x4)

.fini_array     0x0000000008006d78        0x8
                0x0000000008006d78                . = ALIGN (0x4)
                [!provide]                        PROVIDE (__fini_array_start = .)
 *(SORT_BY_NAME(.fini_array.*))
 *(.fini_array*)
 .fini_array    0x0000000008006d78        0x4 c:/st/stm32cubeide_1.12.1/stm32cubeide/plugins/com.st.stm32cube.ide.mcu.externaltools.gnu-tools-for-stm32.10.3-2021.10.win32_1.0.200.202301161003/tools/bin/../lib/gcc/arm-none-eabi/10.3.1/thumb/v8-m.main+fp/hard/crtbegin.o
 .fini_array    0x0000000008006d7c        0x4 ./Core/Src/main.o
                [!provide]                        PROVIDE (__fini_array_end = .)
                0x0000000008006d80                . = ALIGN (0x4)
                0x0000000008006d80                _sidata = LOADADDR (.data)

.data           0x0000000020000000        0xc load address 0x0000000008006d80
                0x0000000020000000                . = ALIGN (0x4)
                0x0000000020000000                _sdata = .
 *(.data)
 *(.data*)
 .data.SystemCoreClock
                0x0000000020000000        0x4 ./Core/Src/system_stm32l5xx.o
                0x0000000020000000                SystemCoreClock
 .data.uwTickPrio
                0x0000000020000004        0x4 ./Drivers/STM32L5xx_HAL_Driver/Src/stm32l5xx_hal.o
                0x0000000020000004                uwTickPrio
 .data.uwTickFreq
                0x0000000020000008        0x1 ./Drivers/STM32L5xx_HAL_Driver/Src/stm32l5xx_hal.o
                0x0000000020000008                uwTickFreq
 *(.RamFunc)
 *(.RamFunc*)
                0x000000002000000c                . = ALIGN (0x4)
 *fill*         0x0000000020000009        0x3 
                0x000000002000000c                _edata = .

.igot.plt       0x000000002000000c        0x0 load address 0x0000000008006d8c
 .igot.plt      0x000000002000000c        0x0 c:/st/stm32cubeide_1.12.1/stm32cubeide/plugins/com.st.stm32cube.ide.mcu.externaltools.gnu-tools-for-stm32.10.3-2021.10.win32_1.0.200.202301161003/tools/bin/../lib/gcc/arm-none-eabi/10.3.1/thumb/v8-m.main+fp/hard/crtbegin.o
                0x000000002000000c                . = ALIGN (0x4)

.bss            0x000000002000000c      0xa2c load address 0x0000000008006d8c
                0x000000002000000c                _sbss = .
                0x000000002000000c                __bss_start__ = _sbss
 *(.bss)
 .bss           0x000000002000000c       0x1c c:/st/stm32cubeide_1.12.1/stm32cubeide/plugins/com.st.stm32cube.ide.mcu.externaltools.gnu-tools-for-stm32.10.3-2021.10.win32_1.0.200.202301161003/tools/bin/../lib/gcc/arm-none-eabi/10.3.1/thumb/v8-m.main+fp/hard/crtbegin.o
 *(.bss*)
 .bss.hadc1     0x0000000020000028       0x68 ./Core/Src/main.o
                0x0000000020000028                hadc1
 .bss.hlpuart1  0x0000000020000090       0x94 ./Core/Src/main.o
                0x0000000020000090                hlpuart1
 .bss.huart2    0x0000000020000124       0x94 ./Core/Src/main.o
                0x0000000020000124                huart2
 .bss.hdma_usart2_rx
                0x00000000200001b8       0x68 ./Core/Src/main.o
                0x00000000200001b8                hdma_usart2_rx
 .bss.hrtc      0x0000000020000220       0x28 ./Core/Src/main.o
                0x0000000020000220                hrtc
 .bss.hpcd_USB_FS
                0x0000000020000248      0x2f4 ./Core/Src/main.o
                0x0000000020000248                hpcd_USB_FS
 .bss.NewGPS    0x000000002000053c      0x4f8 ./Core/Src/main.o
                0x000000002000053c                NewGPS
 .bss.uwTick    0x0000000020000a34        0x4 ./Drivers/STM32L5xx_HAL_Driver/Src/stm32l5xx_hal.o
                0x0000000020000a34                uwTick
 *(COMMON)
                0x0000000020000a38                . = ALIGN (0x4)
                0x0000000020000a38                _ebss = .
                0x0000000020000a38                __bss_end__ = _ebss

._user_heap_stack
                0x0000000020000a38      0x600 load address 0x0000000008006d8c
                0x0000000020000a38                . = ALIGN (0x8)
                [!provide]                        PROVIDE (end = .)
                0x0000000020000a38                PROVIDE (_end = .)
                0x0000000020000c38                . = (. + _Min_Heap_Size)
 *fill*         0x0000000020000a38      0x200 
                0x0000000020001038                . = (. + _Min_Stack_Size)
 *fill*         0x0000000020000c38      0x400 
                0x0000000020001038                . = ALIGN (0x8)

/DISCARD/
 libc.a(*)
 libm.a(*)
 libgcc.a(*)

.ARM.attributes
                0x0000000000000000       0x36
 *(.ARM.attributes)
 .ARM.attributes
                0x0000000000000000       0x22 c:/st/stm32cubeide_1.12.1/stm32cubeide/plugins/com.st.stm32cube.ide.mcu.externaltools.gnu-tools-for-stm32.10.3-2021.10.win32_1.0.200.202301161003/tools/bin/../lib/gcc/arm-none-eabi/10.3.1/thumb/v8-m.main+fp/hard/crti.o
 .ARM.attributes
                0x0000000000000022       0x38 c:/st/stm32cubeide_1.12.1/stm32cubeide/plugins/com.st.stm32cube.ide.mcu.externaltools.gnu-tools-for-stm32.10.3-2021.10.win32_1.0.200.202301161003/tools/bin/../lib/gcc/arm-none-eabi/10.3.1/thumb/v8-m.main+fp/hard/crtbegin.o
 .ARM.attributes
                0x000000000000005a       0x3a ./Core/Src/GPS.o
 .ARM.attributes
                0x0000000000000094       0x3a ./Core/Src/main.o
 .ARM.attributes
                0x00000000000000ce       0x3a ./Core/Src/stm32l5xx_hal_msp.o
 .ARM.attributes
                0x0000000000000108       0x3a ./Core/Src/stm32l5xx_it.o
 .ARM.attributes
                0x0000000000000142       0x3a ./Core/Src/system_stm32l5xx.o
 .ARM.attributes
                0x000000000000017c       0x24 ./Core/Startup/startup_stm32l552zetxq.o
 .ARM.attributes
                0x00000000000001a0       0x3a ./Drivers/STM32L5xx_HAL_Driver/Src/stm32l5xx_hal.o
 .ARM.attributes
                0x00000000000001da       0x3a ./Drivers/STM32L5xx_HAL_Driver/Src/stm32l5xx_hal_adc.o
 .ARM.attributes
                0x0000000000000214       0x3a ./Drivers/STM32L5xx_HAL_Driver/Src/stm32l5xx_hal_adc_ex.o
 .ARM.attributes
                0x000000000000024e       0x3a ./Drivers/STM32L5xx_HAL_Driver/Src/stm32l5xx_hal_cortex.o
 .ARM.attributes
                0x0000000000000288       0x3a ./Drivers/STM32L5xx_HAL_Driver/Src/stm32l5xx_hal_dma.o
 .ARM.attributes
                0x00000000000002c2       0x3a ./Drivers/STM32L5xx_HAL_Driver/Src/stm32l5xx_hal_gpio.o
 .ARM.attributes
                0x00000000000002fc       0x3a ./Drivers/STM32L5xx_HAL_Driver/Src/stm32l5xx_hal_pcd.o
 .ARM.attributes
                0x0000000000000336       0x3a ./Drivers/STM32L5xx_HAL_Driver/Src/stm32l5xx_hal_pcd_ex.o
 .ARM.attributes
                0x0000000000000370       0x3a ./Drivers/STM32L5xx_HAL_Driver/Src/stm32l5xx_hal_pwr.o
 .ARM.attributes
                0x00000000000003aa       0x3a ./Drivers/STM32L5xx_HAL_Driver/Src/stm32l5xx_hal_pwr_ex.o
 .ARM.attributes
                0x00000000000003e4       0x3a ./Drivers/STM32L5xx_HAL_Driver/Src/stm32l5xx_hal_rcc.o
 .ARM.attributes
                0x000000000000041e       0x3a ./Drivers/STM32L5xx_HAL_Driver/Src/stm32l5xx_hal_rcc_ex.o
 .ARM.attributes
                0x0000000000000458       0x3a ./Drivers/STM32L5xx_HAL_Driver/Src/stm32l5xx_hal_rtc.o
 .ARM.attributes
                0x0000000000000492       0x3a ./Drivers/STM32L5xx_HAL_Driver/Src/stm32l5xx_hal_rtc_ex.o
 .ARM.attributes
                0x00000000000004cc       0x3a ./Drivers/STM32L5xx_HAL_Driver/Src/stm32l5xx_hal_uart.o
 .ARM.attributes
                0x0000000000000506       0x3a ./Drivers/STM32L5xx_HAL_Driver/Src/stm32l5xx_hal_uart_ex.o
 .ARM.attributes
                0x0000000000000540       0x3a ./Drivers/STM32L5xx_HAL_Driver/Src/stm32l5xx_ll_gpio.o
 .ARM.attributes
                0x000000000000057a       0x3a ./Drivers/STM32L5xx_HAL_Driver/Src/stm32l5xx_ll_usb.o
 .ARM.attributes
                0x00000000000005b4       0x38 c:/st/stm32cubeide_1.12.1/stm32cubeide/plugins/com.st.stm32cube.ide.mcu.externaltools.gnu-tools-for-stm32.10.3-2021.10.win32_1.0.200.202301161003/tools/bin/../lib/gcc/arm-none-eabi/10.3.1/../../../../arm-none-eabi/lib/thumb/v8-m.main+fp/hard\libc_nano.a(lib_a-init.o)
 .ARM.attributes
                0x00000000000005ec       0x38 c:/st/stm32cubeide_1.12.1/stm32cubeide/plugins/com.st.stm32cube.ide.mcu.externaltools.gnu-tools-for-stm32.10.3-2021.10.win32_1.0.200.202301161003/tools/bin/../lib/gcc/arm-none-eabi/10.3.1/../../../../arm-none-eabi/lib/thumb/v8-m.main+fp/hard\libc_nano.a(lib_a-memset.o)
 .ARM.attributes
                0x0000000000000624       0x22 c:/st/stm32cubeide_1.12.1/stm32cubeide/plugins/com.st.stm32cube.ide.mcu.externaltools.gnu-tools-for-stm32.10.3-2021.10.win32_1.0.200.202301161003/tools/bin/../lib/gcc/arm-none-eabi/10.3.1/thumb/v8-m.main+fp/hard\libgcc.a(_aeabi_uldivmod.o)
 .ARM.attributes
                0x0000000000000646       0x38 c:/st/stm32cubeide_1.12.1/stm32cubeide/plugins/com.st.stm32cube.ide.mcu.externaltools.gnu-tools-for-stm32.10.3-2021.10.win32_1.0.200.202301161003/tools/bin/../lib/gcc/arm-none-eabi/10.3.1/thumb/v8-m.main+fp/hard\libgcc.a(_udivmoddi4.o)
 .ARM.attributes
                0x000000000000067e       0x22 c:/st/stm32cubeide_1.12.1/stm32cubeide/plugins/com.st.stm32cube.ide.mcu.externaltools.gnu-tools-for-stm32.10.3-2021.10.win32_1.0.200.202301161003/tools/bin/../lib/gcc/arm-none-eabi/10.3.1/thumb/v8-m.main+fp/hard\libgcc.a(_dvmd_tls.o)
 .ARM.attributes
                0x00000000000006a0       0x22 c:/st/stm32cubeide_1.12.1/stm32cubeide/plugins/com.st.stm32cube.ide.mcu.externaltools.gnu-tools-for-stm32.10.3-2021.10.win32_1.0.200.202301161003/tools/bin/../lib/gcc/arm-none-eabi/10.3.1/thumb/v8-m.main+fp/hard/crtn.o
OUTPUT(Neo_M8_part2.elf elf32-littlearm)
LOAD linker stubs
LOAD c:/st/stm32cubeide_1.12.1/stm32cubeide/plugins/com.st.stm32cube.ide.mcu.externaltools.gnu-tools-for-stm32.10.3-2021.10.win32_1.0.200.202301161003/tools/bin/../lib/gcc/arm-none-eabi/10.3.1/../../../../arm-none-eabi/lib/thumb/v8-m.main+fp/hard\libc.a
LOAD c:/st/stm32cubeide_1.12.1/stm32cubeide/plugins/com.st.stm32cube.ide.mcu.externaltools.gnu-tools-for-stm32.10.3-2021.10.win32_1.0.200.202301161003/tools/bin/../lib/gcc/arm-none-eabi/10.3.1/../../../../arm-none-eabi/lib/thumb/v8-m.main+fp/hard\libm.a
LOAD c:/st/stm32cubeide_1.12.1/stm32cubeide/plugins/com.st.stm32cube.ide.mcu.externaltools.gnu-tools-for-stm32.10.3-2021.10.win32_1.0.200.202301161003/tools/bin/../lib/gcc/arm-none-eabi/10.3.1/thumb/v8-m.main+fp/hard\libgcc.a

.debug_info     0x0000000000000000    0x1dd2a
 .debug_info    0x0000000000000000      0xe86 ./Core/Src/GPS.o
 .debug_info    0x0000000000000e86     0x2845 ./Core/Src/main.o
 .debug_info    0x00000000000036cb     0x20e0 ./Core/Src/stm32l5xx_hal_msp.o
 .debug_info    0x00000000000057ab      0x917 ./Core/Src/stm32l5xx_it.o
 .debug_info    0x00000000000060c2      0x7fc ./Core/Src/system_stm32l5xx.o
 .debug_info    0x00000000000068be       0x22 ./Core/Startup/startup_stm32l552zetxq.o
 .debug_info    0x00000000000068e0      0xd43 ./Drivers/STM32L5xx_HAL_Driver/Src/stm32l5xx_hal.o
 .debug_info    0x0000000000007623     0x2026 ./Drivers/STM32L5xx_HAL_Driver/Src/stm32l5xx_hal_adc.o
 .debug_info    0x0000000000009649     0x1da4 ./Drivers/STM32L5xx_HAL_Driver/Src/stm32l5xx_hal_adc_ex.o
 .debug_info    0x000000000000b3ed     0x1177 ./Drivers/STM32L5xx_HAL_Driver/Src/stm32l5xx_hal_cortex.o
 .debug_info    0x000000000000c564      0x9c0 ./Drivers/STM32L5xx_HAL_Driver/Src/stm32l5xx_hal_dma.o
 .debug_info    0x000000000000cf24      0x655 ./Drivers/STM32L5xx_HAL_Driver/Src/stm32l5xx_hal_gpio.o
 .debug_info    0x000000000000d579     0x1714 ./Drivers/STM32L5xx_HAL_Driver/Src/stm32l5xx_hal_pcd.o
 .debug_info    0x000000000000ec8d      0x882 ./Drivers/STM32L5xx_HAL_Driver/Src/stm32l5xx_hal_pcd_ex.o
 .debug_info    0x000000000000f50f      0xd12 ./Drivers/STM32L5xx_HAL_Driver/Src/stm32l5xx_hal_pwr.o
 .debug_info    0x0000000000010221      0xdf9 ./Drivers/STM32L5xx_HAL_Driver/Src/stm32l5xx_hal_pwr_ex.o
 .debug_info    0x000000000001101a     0x1083 ./Drivers/STM32L5xx_HAL_Driver/Src/stm32l5xx_hal_rcc.o
 .debug_info    0x000000000001209d     0x121a ./Drivers/STM32L5xx_HAL_Driver/Src/stm32l5xx_hal_rcc_ex.o
 .debug_info    0x00000000000132b7     0x1079 ./Drivers/STM32L5xx_HAL_Driver/Src/stm32l5xx_hal_rtc.o
 .debug_info    0x0000000000014330     0x1b9b ./Drivers/STM32L5xx_HAL_Driver/Src/stm32l5xx_hal_rtc_ex.o
 .debug_info    0x0000000000015ecb     0x4ba2 ./Drivers/STM32L5xx_HAL_Driver/Src/stm32l5xx_hal_uart.o
 .debug_info    0x000000000001aa6d     0x10a8 ./Drivers/STM32L5xx_HAL_Driver/Src/stm32l5xx_hal_uart_ex.o
 .debug_info    0x000000000001bb15      0xaec ./Drivers/STM32L5xx_HAL_Driver/Src/stm32l5xx_ll_gpio.o
 .debug_info    0x000000000001c601     0x1729 ./Drivers/STM32L5xx_HAL_Driver/Src/stm32l5xx_ll_usb.o

.debug_abbrev   0x0000000000000000     0x38a7
 .debug_abbrev  0x0000000000000000      0x2e9 ./Core/Src/GPS.o
 .debug_abbrev  0x00000000000002e9      0x40d ./Core/Src/main.o
 .debug_abbrev  0x00000000000006f6      0x2a3 ./Core/Src/stm32l5xx_hal_msp.o
 .debug_abbrev  0x0000000000000999      0x189 ./Core/Src/stm32l5xx_it.o
 .debug_abbrev  0x0000000000000b22      0x127 ./Core/Src/system_stm32l5xx.o
 .debug_abbrev  0x0000000000000c49       0x12 ./Core/Startup/startup_stm32l552zetxq.o
 .debug_abbrev  0x0000000000000c5b      0x2c3 ./Drivers/STM32L5xx_HAL_Driver/Src/stm32l5xx_hal.o
 .debug_abbrev  0x0000000000000f1e      0x2b6 ./Drivers/STM32L5xx_HAL_Driver/Src/stm32l5xx_hal_adc.o
 .debug_abbrev  0x00000000000011d4      0x2da ./Drivers/STM32L5xx_HAL_Driver/Src/stm32l5xx_hal_adc_ex.o
 .debug_abbrev  0x00000000000014ae      0x31d ./Drivers/STM32L5xx_HAL_Driver/Src/stm32l5xx_hal_cortex.o
 .debug_abbrev  0x00000000000017cb      0x1e8 ./Drivers/STM32L5xx_HAL_Driver/Src/stm32l5xx_hal_dma.o
 .debug_abbrev  0x00000000000019b3      0x1b2 ./Drivers/STM32L5xx_HAL_Driver/Src/stm32l5xx_hal_gpio.o
 .debug_abbrev  0x0000000000001b65      0x2a4 ./Drivers/STM32L5xx_HAL_Driver/Src/stm32l5xx_hal_pcd.o
 .debug_abbrev  0x0000000000001e09      0x21d ./Drivers/STM32L5xx_HAL_Driver/Src/stm32l5xx_hal_pcd_ex.o
 .debug_abbrev  0x0000000000002026      0x1fa ./Drivers/STM32L5xx_HAL_Driver/Src/stm32l5xx_hal_pwr.o
 .debug_abbrev  0x0000000000002220      0x283 ./Drivers/STM32L5xx_HAL_Driver/Src/stm32l5xx_hal_pwr_ex.o
 .debug_abbrev  0x00000000000024a3      0x2ee ./Drivers/STM32L5xx_HAL_Driver/Src/stm32l5xx_hal_rcc.o
 .debug_abbrev  0x0000000000002791      0x2b9 ./Drivers/STM32L5xx_HAL_Driver/Src/stm32l5xx_hal_rcc_ex.o
 .debug_abbrev  0x0000000000002a4a      0x1ff ./Drivers/STM32L5xx_HAL_Driver/Src/stm32l5xx_hal_rtc.o
 .debug_abbrev  0x0000000000002c49      0x21f ./Drivers/STM32L5xx_HAL_Driver/Src/stm32l5xx_hal_rtc_ex.o
 .debug_abbrev  0x0000000000002e68      0x310 ./Drivers/STM32L5xx_HAL_Driver/Src/stm32l5xx_hal_uart.o
 .debug_abbrev  0x0000000000003178      0x2bd ./Drivers/STM32L5xx_HAL_Driver/Src/stm32l5xx_hal_uart_ex.o
 .debug_abbrev  0x0000000000003435      0x243 ./Drivers/STM32L5xx_HAL_Driver/Src/stm32l5xx_ll_gpio.o
 .debug_abbrev  0x0000000000003678      0x22f ./Drivers/STM32L5xx_HAL_Driver/Src/stm32l5xx_ll_usb.o

.debug_aranges  0x0000000000000000     0x15f8
 .debug_aranges
                0x0000000000000000       0x38 ./Core/Src/GPS.o
 .debug_aranges
                0x0000000000000038       0x98 ./Core/Src/main.o
 .debug_aranges
                0x00000000000000d0       0x60 ./Core/Src/stm32l5xx_hal_msp.o
 .debug_aranges
                0x0000000000000130       0x70 ./Core/Src/stm32l5xx_it.o
 .debug_aranges
                0x00000000000001a0       0x28 ./Core/Src/system_stm32l5xx.o
 .debug_aranges
                0x00000000000001c8       0x28 ./Core/Startup/startup_stm32l552zetxq.o
 .debug_aranges
                0x00000000000001f0      0x130 ./Drivers/STM32L5xx_HAL_Driver/Src/stm32l5xx_hal.o
 .debug_aranges
                0x0000000000000320      0x228 ./Drivers/STM32L5xx_HAL_Driver/Src/stm32l5xx_hal_adc.o
 .debug_aranges
                0x0000000000000548      0x1b0 ./Drivers/STM32L5xx_HAL_Driver/Src/stm32l5xx_hal_adc_ex.o
 .debug_aranges
                0x00000000000006f8      0x130 ./Drivers/STM32L5xx_HAL_Driver/Src/stm32l5xx_hal_cortex.o
 .debug_aranges
                0x0000000000000828       0xa0 ./Drivers/STM32L5xx_HAL_Driver/Src/stm32l5xx_hal_dma.o
 .debug_aranges
                0x00000000000008c8       0x60 ./Drivers/STM32L5xx_HAL_Driver/Src/stm32l5xx_hal_gpio.o
 .debug_aranges
                0x0000000000000928      0x138 ./Drivers/STM32L5xx_HAL_Driver/Src/stm32l5xx_hal_pcd.o
 .debug_aranges
                0x0000000000000a60       0x58 ./Drivers/STM32L5xx_HAL_Driver/Src/stm32l5xx_hal_pcd_ex.o
 .debug_aranges
                0x0000000000000ab8       0xa8 ./Drivers/STM32L5xx_HAL_Driver/Src/stm32l5xx_hal_pwr.o
 .debug_aranges
                0x0000000000000b60      0x1b8 ./Drivers/STM32L5xx_HAL_Driver/Src/stm32l5xx_hal_pwr_ex.o
 .debug_aranges
                0x0000000000000d18       0xa8 ./Drivers/STM32L5xx_HAL_Driver/Src/stm32l5xx_hal_rcc.o
 .debug_aranges
                0x0000000000000dc0      0x118 ./Drivers/STM32L5xx_HAL_Driver/Src/stm32l5xx_hal_rcc_ex.o
 .debug_aranges
                0x0000000000000ed8       0xe8 ./Drivers/STM32L5xx_HAL_Driver/Src/stm32l5xx_hal_rtc.o
 .debug_aranges
                0x0000000000000fc0      0x220 ./Drivers/STM32L5xx_HAL_Driver/Src/stm32l5xx_hal_rtc_ex.o
 .debug_aranges
                0x00000000000011e0      0x248 ./Drivers/STM32L5xx_HAL_Driver/Src/stm32l5xx_hal_uart.o
 .debug_aranges
                0x0000000000001428       0xa8 ./Drivers/STM32L5xx_HAL_Driver/Src/stm32l5xx_hal_uart_ex.o
 .debug_aranges
                0x00000000000014d0       0x70 ./Drivers/STM32L5xx_HAL_Driver/Src/stm32l5xx_ll_gpio.o
 .debug_aranges
                0x0000000000001540       0xb8 ./Drivers/STM32L5xx_HAL_Driver/Src/stm32l5xx_ll_usb.o

.debug_ranges   0x0000000000000000     0x14b0
 .debug_ranges  0x0000000000000000       0x28 ./Core/Src/GPS.o
 .debug_ranges  0x0000000000000028       0x88 ./Core/Src/main.o
 .debug_ranges  0x00000000000000b0       0x50 ./Core/Src/stm32l5xx_hal_msp.o
 .debug_ranges  0x0000000000000100       0x60 ./Core/Src/stm32l5xx_it.o
 .debug_ranges  0x0000000000000160       0x18 ./Core/Src/system_stm32l5xx.o
 .debug_ranges  0x0000000000000178       0x20 ./Core/Startup/startup_stm32l552zetxq.o
 .debug_ranges  0x0000000000000198      0x120 ./Drivers/STM32L5xx_HAL_Driver/Src/stm32l5xx_hal.o
 .debug_ranges  0x00000000000002b8      0x218 ./Drivers/STM32L5xx_HAL_Driver/Src/stm32l5xx_hal_adc.o
 .debug_ranges  0x00000000000004d0      0x1a0 ./Drivers/STM32L5xx_HAL_Driver/Src/stm32l5xx_hal_adc_ex.o
 .debug_ranges  0x0000000000000670      0x120 ./Drivers/STM32L5xx_HAL_Driver/Src/stm32l5xx_hal_cortex.o
 .debug_ranges  0x0000000000000790       0x90 ./Drivers/STM32L5xx_HAL_Driver/Src/stm32l5xx_hal_dma.o
 .debug_ranges  0x0000000000000820       0x50 ./Drivers/STM32L5xx_HAL_Driver/Src/stm32l5xx_hal_gpio.o
 .debug_ranges  0x0000000000000870      0x128 ./Drivers/STM32L5xx_HAL_Driver/Src/stm32l5xx_hal_pcd.o
 .debug_ranges  0x0000000000000998       0x48 ./Drivers/STM32L5xx_HAL_Driver/Src/stm32l5xx_hal_pcd_ex.o
 .debug_ranges  0x00000000000009e0       0x98 ./Drivers/STM32L5xx_HAL_Driver/Src/stm32l5xx_hal_pwr.o
 .debug_ranges  0x0000000000000a78      0x1a8 ./Drivers/STM32L5xx_HAL_Driver/Src/stm32l5xx_hal_pwr_ex.o
 .debug_ranges  0x0000000000000c20       0x98 ./Drivers/STM32L5xx_HAL_Driver/Src/stm32l5xx_hal_rcc.o
 .debug_ranges  0x0000000000000cb8      0x108 ./Drivers/STM32L5xx_HAL_Driver/Src/stm32l5xx_hal_rcc_ex.o
 .debug_ranges  0x0000000000000dc0       0xd8 ./Drivers/STM32L5xx_HAL_Driver/Src/stm32l5xx_hal_rtc.o
 .debug_ranges  0x0000000000000e98      0x210 ./Drivers/STM32L5xx_HAL_Driver/Src/stm32l5xx_hal_rtc_ex.o
 .debug_ranges  0x00000000000010a8      0x268 ./Drivers/STM32L5xx_HAL_Driver/Src/stm32l5xx_hal_uart.o
 .debug_ranges  0x0000000000001310       0x98 ./Drivers/STM32L5xx_HAL_Driver/Src/stm32l5xx_hal_uart_ex.o
 .debug_ranges  0x00000000000013a8       0x60 ./Drivers/STM32L5xx_HAL_Driver/Src/stm32l5xx_ll_gpio.o
 .debug_ranges  0x0000000000001408       0xa8 ./Drivers/STM32L5xx_HAL_Driver/Src/stm32l5xx_ll_usb.o

.debug_macro    0x0000000000000000    0x301d9
 .debug_macro   0x0000000000000000      0x3a1 ./Core/Src/GPS.o
 .debug_macro   0x00000000000003a1      0xb5c ./Core/Src/GPS.o
 .debug_macro   0x0000000000000efd       0x2e ./Core/Src/GPS.o
 .debug_macro   0x0000000000000f2b       0x42 ./Core/Src/GPS.o
 .debug_macro   0x0000000000000f6d       0x1c ./Core/Src/GPS.o
 .debug_macro   0x0000000000000f89       0x22 ./Core/Src/GPS.o
 .debug_macro   0x0000000000000fab       0x8e ./Core/Src/GPS.o
 .debug_macro   0x0000000000001039       0x51 ./Core/Src/GPS.o
 .debug_macro   0x000000000000108a      0x103 ./Core/Src/GPS.o
 .debug_macro   0x000000000000118d       0x6a ./Core/Src/GPS.o
 .debug_macro   0x00000000000011f7      0x1df ./Core/Src/GPS.o
 .debug_macro   0x00000000000013d6       0x1c ./Core/Src/GPS.o
 .debug_macro   0x00000000000013f2       0x29 ./Core/Src/GPS.o
 .debug_macro   0x000000000000141b       0xfb ./Core/Src/GPS.o
 .debug_macro   0x0000000000001516     0x1336 ./Core/Src/GPS.o
 .debug_macro   0x000000000000284c       0x5e ./Core/Src/GPS.o
 .debug_macro   0x00000000000028aa    0x1aca2 ./Core/Src/GPS.o
 .debug_macro   0x000000000001d54c       0x6c ./Core/Src/GPS.o
 .debug_macro   0x000000000001d5b8      0x1a2 ./Core/Src/GPS.o
 .debug_macro   0x000000000001d75a     0x3535 ./Core/Src/GPS.o
 .debug_macro   0x0000000000020c8f      0x17b ./Core/Src/GPS.o
 .debug_macro   0x0000000000020e0a       0x5c ./Core/Src/GPS.o
 .debug_macro   0x0000000000020e66     0x1987 ./Core/Src/GPS.o
 .debug_macro   0x00000000000227ed      0xa52 ./Core/Src/GPS.o
 .debug_macro   0x000000000002323f      0x1cf ./Core/Src/GPS.o
 .debug_macro   0x000000000002340e      0x1d8 ./Core/Src/GPS.o
 .debug_macro   0x00000000000235e6      0x4e1 ./Core/Src/GPS.o
 .debug_macro   0x0000000000023ac7      0x1ab ./Core/Src/GPS.o
 .debug_macro   0x0000000000023c72       0x4a ./Core/Src/GPS.o
 .debug_macro   0x0000000000023cbc      0x1b9 ./Core/Src/GPS.o
 .debug_macro   0x0000000000023e75      0xecd ./Core/Src/GPS.o
 .debug_macro   0x0000000000024d42      0x608 ./Core/Src/GPS.o
 .debug_macro   0x000000000002534a      0x2e9 ./Core/Src/GPS.o
 .debug_macro   0x0000000000025633      0x230 ./Core/Src/GPS.o
 .debug_macro   0x0000000000025863      0x3bb ./Core/Src/GPS.o
 .debug_macro   0x0000000000025c1e       0x36 ./Core/Src/GPS.o
 .debug_macro   0x0000000000025c54      0x11c ./Core/Src/GPS.o
 .debug_macro   0x0000000000025d70      0x22c ./Core/Src/GPS.o
 .debug_macro   0x0000000000025f9c       0x5b ./Core/Src/GPS.o
 .debug_macro   0x0000000000025ff7       0xa5 ./Core/Src/GPS.o
 .debug_macro   0x000000000002609c       0xc8 ./Core/Src/GPS.o
 .debug_macro   0x0000000000026164       0x73 ./Core/Src/GPS.o
 .debug_macro   0x00000000000261d7      0x22d ./Core/Src/GPS.o
 .debug_macro   0x0000000000026404      0x199 ./Core/Src/GPS.o
 .debug_macro   0x000000000002659d      0x487 ./Core/Src/GPS.o
 .debug_macro   0x0000000000026a24      0x31a ./Core/Src/GPS.o
 .debug_macro   0x0000000000026d3e      0x748 ./Core/Src/GPS.o
 .debug_macro   0x0000000000027486       0xeb ./Core/Src/GPS.o
 .debug_macro   0x0000000000027571      0x693 ./Core/Src/GPS.o
 .debug_macro   0x0000000000027c04       0xa6 ./Core/Src/GPS.o
 .debug_macro   0x0000000000027caa      0x3f1 ./Core/Src/GPS.o
 .debug_macro   0x000000000002809b      0x2b6 ./Core/Src/GPS.o
 .debug_macro   0x0000000000028351      0x1e2 ./Core/Src/GPS.o
 .debug_macro   0x0000000000028533      0x15a ./Core/Src/GPS.o
 .debug_macro   0x000000000002868d      0xbd0 ./Core/Src/GPS.o
 .debug_macro   0x000000000002925d      0x398 ./Core/Src/GPS.o
 .debug_macro   0x00000000000295f5       0xae ./Core/Src/GPS.o
 .debug_macro   0x00000000000296a3      0x21d ./Core/Src/GPS.o
 .debug_macro   0x00000000000298c0      0x165 ./Core/Src/GPS.o
 .debug_macro   0x0000000000029a25      0x5bf ./Core/Src/GPS.o
 .debug_macro   0x0000000000029fe4      0x314 ./Core/Src/GPS.o
 .debug_macro   0x000000000002a2f8      0x215 ./Core/Src/GPS.o
 .debug_macro   0x000000000002a50d       0x70 ./Core/Src/GPS.o
 .debug_macro   0x000000000002a57d       0x52 ./Core/Src/GPS.o
 .debug_macro   0x000000000002a5cf       0x1e ./Core/Src/GPS.o
 .debug_macro   0x000000000002a5ed       0x3c ./Core/Src/GPS.o
 .debug_macro   0x000000000002a629       0x34 ./Core/Src/GPS.o
 .debug_macro   0x000000000002a65d       0x16 ./Core/Src/GPS.o
 .debug_macro   0x000000000002a673       0x43 ./Core/Src/GPS.o
 .debug_macro   0x000000000002a6b6       0x34 ./Core/Src/GPS.o
 .debug_macro   0x000000000002a6ea       0x10 ./Core/Src/GPS.o
 .debug_macro   0x000000000002a6fa       0x58 ./Core/Src/GPS.o
 .debug_macro   0x000000000002a752       0x71 ./Core/Src/GPS.o
 .debug_macro   0x000000000002a7c3       0x16 ./Core/Src/GPS.o
 .debug_macro   0x000000000002a7d9      0x12a ./Core/Src/GPS.o
 .debug_macro   0x000000000002a903      0x364 ./Core/Src/GPS.o
 .debug_macro   0x000000000002ac67       0x10 ./Core/Src/GPS.o
 .debug_macro   0x000000000002ac77       0x35 ./Core/Src/GPS.o
 .debug_macro   0x000000000002acac       0x20 ./Core/Src/GPS.o
 .debug_macro   0x000000000002accc      0x2d7 ./Core/Src/main.o
 .debug_macro   0x000000000002afa3      0x2b4 ./Core/Src/stm32l5xx_hal_msp.o
 .debug_macro   0x000000000002b257      0xa84 ./Core/Src/stm32l5xx_hal_msp.o
 .debug_macro   0x000000000002bcdb     0x1336 ./Core/Src/stm32l5xx_hal_msp.o
 .debug_macro   0x000000000002d011      0x174 ./Core/Src/stm32l5xx_hal_msp.o
 .debug_macro   0x000000000002d185      0x2be ./Core/Src/stm32l5xx_it.o
 .debug_macro   0x000000000002d443      0x23c ./Core/Src/system_stm32l5xx.o
 .debug_macro   0x000000000002d67f      0x26c ./Drivers/STM32L5xx_HAL_Driver/Src/stm32l5xx_hal.o
 .debug_macro   0x000000000002d8eb      0x259 ./Drivers/STM32L5xx_HAL_Driver/Src/stm32l5xx_hal_adc.o
 .debug_macro   0x000000000002db44      0x248 ./Drivers/STM32L5xx_HAL_Driver/Src/stm32l5xx_hal_adc_ex.o
 .debug_macro   0x000000000002dd8c      0x23c ./Drivers/STM32L5xx_HAL_Driver/Src/stm32l5xx_hal_cortex.o
 .debug_macro   0x000000000002dfc8      0x23c ./Drivers/STM32L5xx_HAL_Driver/Src/stm32l5xx_hal_dma.o
 .debug_macro   0x000000000002e204      0x242 ./Drivers/STM32L5xx_HAL_Driver/Src/stm32l5xx_hal_gpio.o
 .debug_macro   0x000000000002e446      0x248 ./Drivers/STM32L5xx_HAL_Driver/Src/stm32l5xx_hal_pcd.o
 .debug_macro   0x000000000002e68e      0x23c ./Drivers/STM32L5xx_HAL_Driver/Src/stm32l5xx_hal_pcd_ex.o
 .debug_macro   0x000000000002e8ca      0x254 ./Drivers/STM32L5xx_HAL_Driver/Src/stm32l5xx_hal_pwr.o
 .debug_macro   0x000000000002eb1e      0x26c ./Drivers/STM32L5xx_HAL_Driver/Src/stm32l5xx_hal_pwr_ex.o
 .debug_macro   0x000000000002ed8a      0x266 ./Drivers/STM32L5xx_HAL_Driver/Src/stm32l5xx_hal_rcc.o
 .debug_macro   0x000000000002eff0      0x2a2 ./Drivers/STM32L5xx_HAL_Driver/Src/stm32l5xx_hal_rcc_ex.o
 .debug_macro   0x000000000002f292      0x23d ./Drivers/STM32L5xx_HAL_Driver/Src/stm32l5xx_hal_rtc.o
 .debug_macro   0x000000000002f4cf      0x242 ./Drivers/STM32L5xx_HAL_Driver/Src/stm32l5xx_hal_rtc_ex.o
 .debug_macro   0x000000000002f711      0x267 ./Drivers/STM32L5xx_HAL_Driver/Src/stm32l5xx_hal_uart.o
 .debug_macro   0x000000000002f978      0x248 ./Drivers/STM32L5xx_HAL_Driver/Src/stm32l5xx_hal_uart_ex.o
 .debug_macro   0x000000000002fbc0      0x27e ./Drivers/STM32L5xx_HAL_Driver/Src/stm32l5xx_ll_gpio.o
 .debug_macro   0x000000000002fe3e      0x15f ./Drivers/STM32L5xx_HAL_Driver/Src/stm32l5xx_ll_gpio.o
 .debug_macro   0x000000000002ff9d      0x23c ./Drivers/STM32L5xx_HAL_Driver/Src/stm32l5xx_ll_usb.o

.debug_line     0x0000000000000000    0x195a1
 .debug_line    0x0000000000000000      0xb40 ./Core/Src/GPS.o
 .debug_line    0x0000000000000b40      0xcc7 ./Core/Src/main.o
 .debug_line    0x0000000000001807      0xa97 ./Core/Src/stm32l5xx_hal_msp.o
 .debug_line    0x000000000000229e      0x9ab ./Core/Src/stm32l5xx_it.o
 .debug_line    0x0000000000002c49      0x850 ./Core/Src/system_stm32l5xx.o
 .debug_line    0x0000000000003499       0x88 ./Core/Startup/startup_stm32l552zetxq.o
 .debug_line    0x0000000000003521      0xbc3 ./Drivers/STM32L5xx_HAL_Driver/Src/stm32l5xx_hal.o
 .debug_line    0x00000000000040e4     0x1f65 ./Drivers/STM32L5xx_HAL_Driver/Src/stm32l5xx_hal_adc.o
 .debug_line    0x0000000000006049     0x19cf ./Drivers/STM32L5xx_HAL_Driver/Src/stm32l5xx_hal_adc_ex.o
 .debug_line    0x0000000000007a18      0xdbb ./Drivers/STM32L5xx_HAL_Driver/Src/stm32l5xx_hal_cortex.o
 .debug_line    0x00000000000087d3     0x1056 ./Drivers/STM32L5xx_HAL_Driver/Src/stm32l5xx_hal_dma.o
 .debug_line    0x0000000000009829      0xc08 ./Drivers/STM32L5xx_HAL_Driver/Src/stm32l5xx_hal_gpio.o
 .debug_line    0x000000000000a431     0x13d0 ./Drivers/STM32L5xx_HAL_Driver/Src/stm32l5xx_hal_pcd.o
 .debug_line    0x000000000000b801      0x921 ./Drivers/STM32L5xx_HAL_Driver/Src/stm32l5xx_hal_pcd_ex.o
 .debug_line    0x000000000000c122      0x9ec ./Drivers/STM32L5xx_HAL_Driver/Src/stm32l5xx_hal_pwr.o
 .debug_line    0x000000000000cb0e      0xf77 ./Drivers/STM32L5xx_HAL_Driver/Src/stm32l5xx_hal_pwr_ex.o
 .debug_line    0x000000000000da85     0x1303 ./Drivers/STM32L5xx_HAL_Driver/Src/stm32l5xx_hal_rcc.o
 .debug_line    0x000000000000ed88     0x1c1b ./Drivers/STM32L5xx_HAL_Driver/Src/stm32l5xx_hal_rcc_ex.o
 .debug_line    0x00000000000109a3      0xf99 ./Drivers/STM32L5xx_HAL_Driver/Src/stm32l5xx_hal_rtc.o
 .debug_line    0x000000000001193c     0x1719 ./Drivers/STM32L5xx_HAL_Driver/Src/stm32l5xx_hal_rtc_ex.o
 .debug_line    0x0000000000013055     0x3c1e ./Drivers/STM32L5xx_HAL_Driver/Src/stm32l5xx_hal_uart.o
 .debug_line    0x0000000000016c73      0xe04 ./Drivers/STM32L5xx_HAL_Driver/Src/stm32l5xx_hal_uart_ex.o
 .debug_line    0x0000000000017a77      0xadd ./Drivers/STM32L5xx_HAL_Driver/Src/stm32l5xx_ll_gpio.o
 .debug_line    0x0000000000018554     0x104d ./Drivers/STM32L5xx_HAL_Driver/Src/stm32l5xx_ll_usb.o

.debug_str      0x0000000000000000   0x12aa40
 .debug_str     0x0000000000000000   0x1230e9 ./Core/Src/GPS.o
                                     0x125069 (size before relaxing)
 .debug_str     0x00000000001230e9     0x141c ./Core/Src/main.o
                                     0x12382f (size before relaxing)
 .debug_str     0x0000000000124505      0x607 ./Core/Src/stm32l5xx_hal_msp.o
                                     0x122b8d (size before relaxing)
 .debug_str     0x0000000000124b0c      0x11b ./Core/Src/stm32l5xx_it.o
                                     0x121932 (size before relaxing)
 .debug_str     0x0000000000124c27      0x17d ./Core/Src/system_stm32l5xx.o
                                     0x110016 (size before relaxing)
 .debug_str     0x0000000000124da4       0x37 ./Core/Startup/startup_stm32l552zetxq.o
                                         0x77 (size before relaxing)
 .debug_str     0x0000000000124ddb      0x541 ./Drivers/STM32L5xx_HAL_Driver/Src/stm32l5xx_hal.o
                                     0x110b8d (size before relaxing)
 .debug_str     0x000000000012531c      0xaa0 ./Drivers/STM32L5xx_HAL_Driver/Src/stm32l5xx_hal_adc.o
                                     0x110eb1 (size before relaxing)
 .debug_str     0x0000000000125dbc      0x665 ./Drivers/STM32L5xx_HAL_Driver/Src/stm32l5xx_hal_adc_ex.o
                                     0x110e6c (size before relaxing)
 .debug_str     0x0000000000126421      0x384 ./Drivers/STM32L5xx_HAL_Driver/Src/stm32l5xx_hal_cortex.o
                                     0x110994 (size before relaxing)
 .debug_str     0x00000000001267a5      0x2c6 ./Drivers/STM32L5xx_HAL_Driver/Src/stm32l5xx_hal_dma.o
                                     0x110388 (size before relaxing)
 .debug_str     0x0000000000126a6b      0x190 ./Drivers/STM32L5xx_HAL_Driver/Src/stm32l5xx_hal_gpio.o
                                     0x10ff9f (size before relaxing)
 .debug_str     0x0000000000126bfb      0x53e ./Drivers/STM32L5xx_HAL_Driver/Src/stm32l5xx_hal_pcd.o
                                     0x110656 (size before relaxing)
 .debug_str     0x0000000000127139      0x186 ./Drivers/STM32L5xx_HAL_Driver/Src/stm32l5xx_hal_pcd_ex.o
                                     0x1102b2 (size before relaxing)
 .debug_str     0x00000000001272bf      0x38b ./Drivers/STM32L5xx_HAL_Driver/Src/stm32l5xx_hal_pwr.o
                                     0x110424 (size before relaxing)
 .debug_str     0x000000000012764a      0x618 ./Drivers/STM32L5xx_HAL_Driver/Src/stm32l5xx_hal_pwr_ex.o
                                     0x11077b (size before relaxing)
 .debug_str     0x0000000000127c62      0x3d8 ./Drivers/STM32L5xx_HAL_Driver/Src/stm32l5xx_hal_rcc.o
                                     0x110630 (size before relaxing)
 .debug_str     0x000000000012803a      0x7ab ./Drivers/STM32L5xx_HAL_Driver/Src/stm32l5xx_hal_rcc_ex.o
                                     0x110b86 (size before relaxing)
 .debug_str     0x00000000001287e5      0x445 ./Drivers/STM32L5xx_HAL_Driver/Src/stm32l5xx_hal_rtc.o
                                     0x11044e (size before relaxing)
 .debug_str     0x0000000000128c2a      0xaee ./Drivers/STM32L5xx_HAL_Driver/Src/stm32l5xx_hal_rtc_ex.o
                                     0x110da2 (size before relaxing)
 .debug_str     0x0000000000129718      0x992 ./Drivers/STM32L5xx_HAL_Driver/Src/stm32l5xx_hal_uart.o
                                     0x110f56 (size before relaxing)
 .debug_str     0x000000000012a0aa      0x26b ./Drivers/STM32L5xx_HAL_Driver/Src/stm32l5xx_hal_uart_ex.o
                                     0x1106e4 (size before relaxing)
 .debug_str     0x000000000012a315      0x658 ./Drivers/STM32L5xx_HAL_Driver/Src/stm32l5xx_ll_gpio.o
                                     0x111a7e (size before relaxing)
 .debug_str     0x000000000012a96d       0xd3 ./Drivers/STM32L5xx_HAL_Driver/Src/stm32l5xx_ll_usb.o
                                     0x110193 (size before relaxing)

.comment        0x0000000000000000       0x50
 .comment       0x0000000000000000       0x50 ./Core/Src/GPS.o
                                         0x51 (size before relaxing)
 .comment       0x0000000000000050       0x51 ./Core/Src/main.o
 .comment       0x0000000000000050       0x51 ./Core/Src/stm32l5xx_hal_msp.o
 .comment       0x0000000000000050       0x51 ./Core/Src/stm32l5xx_it.o
 .comment       0x0000000000000050       0x51 ./Core/Src/system_stm32l5xx.o
 .comment       0x0000000000000050       0x51 ./Drivers/STM32L5xx_HAL_Driver/Src/stm32l5xx_hal.o
 .comment       0x0000000000000050       0x51 ./Drivers/STM32L5xx_HAL_Driver/Src/stm32l5xx_hal_adc.o
 .comment       0x0000000000000050       0x51 ./Drivers/STM32L5xx_HAL_Driver/Src/stm32l5xx_hal_adc_ex.o
 .comment       0x0000000000000050       0x51 ./Drivers/STM32L5xx_HAL_Driver/Src/stm32l5xx_hal_cortex.o
 .comment       0x0000000000000050       0x51 ./Drivers/STM32L5xx_HAL_Driver/Src/stm32l5xx_hal_dma.o
 .comment       0x0000000000000050       0x51 ./Drivers/STM32L5xx_HAL_Driver/Src/stm32l5xx_hal_gpio.o
 .comment       0x0000000000000050       0x51 ./Drivers/STM32L5xx_HAL_Driver/Src/stm32l5xx_hal_pcd.o
 .comment       0x0000000000000050       0x51 ./Drivers/STM32L5xx_HAL_Driver/Src/stm32l5xx_hal_pcd_ex.o
 .comment       0x0000000000000050       0x51 ./Drivers/STM32L5xx_HAL_Driver/Src/stm32l5xx_hal_pwr.o
 .comment       0x0000000000000050       0x51 ./Drivers/STM32L5xx_HAL_Driver/Src/stm32l5xx_hal_pwr_ex.o
 .comment       0x0000000000000050       0x51 ./Drivers/STM32L5xx_HAL_Driver/Src/stm32l5xx_hal_rcc.o
 .comment       0x0000000000000050       0x51 ./Drivers/STM32L5xx_HAL_Driver/Src/stm32l5xx_hal_rcc_ex.o
 .comment       0x0000000000000050       0x51 ./Drivers/STM32L5xx_HAL_Driver/Src/stm32l5xx_hal_rtc.o
 .comment       0x0000000000000050       0x51 ./Drivers/STM32L5xx_HAL_Driver/Src/stm32l5xx_hal_rtc_ex.o
 .comment       0x0000000000000050       0x51 ./Drivers/STM32L5xx_HAL_Driver/Src/stm32l5xx_hal_uart.o
 .comment       0x0000000000000050       0x51 ./Drivers/STM32L5xx_HAL_Driver/Src/stm32l5xx_hal_uart_ex.o
 .comment       0x0000000000000050       0x51 ./Drivers/STM32L5xx_HAL_Driver/Src/stm32l5xx_ll_gpio.o
 .comment       0x0000000000000050       0x51 ./Drivers/STM32L5xx_HAL_Driver/Src/stm32l5xx_ll_usb.o

.debug_frame    0x0000000000000000     0x5dbc
 .debug_frame   0x0000000000000000       0xa8 ./Core/Src/GPS.o
 .debug_frame   0x00000000000000a8      0x21c ./Core/Src/main.o
 .debug_frame   0x00000000000002c4      0x168 ./Core/Src/stm32l5xx_hal_msp.o
 .debug_frame   0x000000000000042c      0x13c ./Core/Src/stm32l5xx_it.o
 .debug_frame   0x0000000000000568       0x58 ./Core/Src/system_stm32l5xx.o
 .debug_frame   0x00000000000005c0      0x4a4 ./Drivers/STM32L5xx_HAL_Driver/Src/stm32l5xx_hal.o
 .debug_frame   0x0000000000000a64      0xa2c ./Drivers/STM32L5xx_HAL_Driver/Src/stm32l5xx_hal_adc.o
 .debug_frame   0x0000000000001490      0x7cc ./Drivers/STM32L5xx_HAL_Driver/Src/stm32l5xx_hal_adc_ex.o
 .debug_frame   0x0000000000001c5c      0x508 ./Drivers/STM32L5xx_HAL_Driver/Src/stm32l5xx_hal_cortex.o
 .debug_frame   0x0000000000002164      0x29c ./Drivers/STM32L5xx_HAL_Driver/Src/stm32l5xx_hal_dma.o
 .debug_frame   0x0000000000002400      0x174 ./Drivers/STM32L5xx_HAL_Driver/Src/stm32l5xx_hal_gpio.o
 .debug_frame   0x0000000000002574      0x578 ./Drivers/STM32L5xx_HAL_Driver/Src/stm32l5xx_hal_pcd.o
 .debug_frame   0x0000000000002aec      0x14c ./Drivers/STM32L5xx_HAL_Driver/Src/stm32l5xx_hal_pcd_ex.o
 .debug_frame   0x0000000000002c38      0x280 ./Drivers/STM32L5xx_HAL_Driver/Src/stm32l5xx_hal_pwr.o
 .debug_frame   0x0000000000002eb8      0x6fc ./Drivers/STM32L5xx_HAL_Driver/Src/stm32l5xx_hal_pwr_ex.o
 .debug_frame   0x00000000000035b4      0x298 ./Drivers/STM32L5xx_HAL_Driver/Src/stm32l5xx_hal_rcc.o
 .debug_frame   0x000000000000384c      0x48c ./Drivers/STM32L5xx_HAL_Driver/Src/stm32l5xx_hal_rcc_ex.o
 .debug_frame   0x0000000000003cd8      0x3f8 ./Drivers/STM32L5xx_HAL_Driver/Src/stm32l5xx_hal_rtc.o
 .debug_frame   0x00000000000040d0      0x9f0 ./Drivers/STM32L5xx_HAL_Driver/Src/stm32l5xx_hal_rtc_ex.o
 .debug_frame   0x0000000000004ac0      0xa94 ./Drivers/STM32L5xx_HAL_Driver/Src/stm32l5xx_hal_uart.o
 .debug_frame   0x0000000000005554      0x2c0 ./Drivers/STM32L5xx_HAL_Driver/Src/stm32l5xx_hal_uart_ex.o
 .debug_frame   0x0000000000005814      0x1c0 ./Drivers/STM32L5xx_HAL_Driver/Src/stm32l5xx_ll_gpio.o
 .debug_frame   0x00000000000059d4      0x338 ./Drivers/STM32L5xx_HAL_Driver/Src/stm32l5xx_ll_usb.o
 .debug_frame   0x0000000000005d0c       0x2c c:/st/stm32cubeide_1.12.1/stm32cubeide/plugins/com.st.stm32cube.ide.mcu.externaltools.gnu-tools-for-stm32.10.3-2021.10.win32_1.0.200.202301161003/tools/bin/../lib/gcc/arm-none-eabi/10.3.1/../../../../arm-none-eabi/lib/thumb/v8-m.main+fp/hard\libc_nano.a(lib_a-init.o)
 .debug_frame   0x0000000000005d38       0x20 c:/st/stm32cubeide_1.12.1/stm32cubeide/plugins/com.st.stm32cube.ide.mcu.externaltools.gnu-tools-for-stm32.10.3-2021.10.win32_1.0.200.202301161003/tools/bin/../lib/gcc/arm-none-eabi/10.3.1/../../../../arm-none-eabi/lib/thumb/v8-m.main+fp/hard\libc_nano.a(lib_a-memset.o)
 .debug_frame   0x0000000000005d58       0x2c c:/st/stm32cubeide_1.12.1/stm32cubeide/plugins/com.st.stm32cube.ide.mcu.externaltools.gnu-tools-for-stm32.10.3-2021.10.win32_1.0.200.202301161003/tools/bin/../lib/gcc/arm-none-eabi/10.3.1/thumb/v8-m.main+fp/hard\libgcc.a(_aeabi_uldivmod.o)
 .debug_frame   0x0000000000005d84       0x38 c:/st/stm32cubeide_1.12.1/stm32cubeide/plugins/com.st.stm32cube.ide.mcu.externaltools.gnu-tools-for-stm32.10.3-2021.10.win32_1.0.200.202301161003/tools/bin/../lib/gcc/arm-none-eabi/10.3.1/thumb/v8-m.main+fp/hard\libgcc.a(_udivmoddi4.o)
