../Core/Src/LOS_D_BMX160.cpp:109:6:void BMX160::configAcc()	32	static
../Core/Src/LOS_D_BMX160.cpp:117:6:void BMX160::configGyro()	32	static
../Core/Src/LOS_D_BMX160.cpp:125:6:void BMX160::configMag()	32	static
../Core/Src/LOS_D_BMX160.cpp:156:6:bool BMX160::selfTestAcc()	72	static
../Core/Src/LOS_D_BMX160.cpp:203:6:bool BMX160::selfTestGyro()	40	static
../Core/Src/LOS_D_BMX160.cpp:212:6:bool BMX160::scan()	16	static
../Core/Src/LOS_D_BMX160.cpp:220:6:void BMX160::calibrate()	184	static
../Core/Src/LOS_D_BMX160.cpp:271:9:static BMX160& BMX160::getInstance()	8	static,ignoring_inline_asm
../Core/Src/LOS_D_BMX160.cpp:276:6:void BMX160::updateData()	32	static
../Core/Src/LOS_D_BMX160.cpp:281:6:virtual void BMX160::GetResult(IMUData_t&)	40	static
../Core/Inc/LOS_D_IMU.hpp:25:7:constexpr IMU::IMU()	16	static
../Core/Src/LOS_D_BMX160.cpp:308:1:BMX160::BMX160()	16	static
../Core/Src/LOS_D_BMX160.cpp:314:6:void BMX160::IMUInit()	32	static
../Core/Src/LOS_D_BMX160.cpp:332:6:void BMX160::setAccPowerModeToNormal()	32	static
../Core/Src/LOS_D_BMX160.cpp:339:6:void BMX160::setAllPowerModesToNormal()	32	static
