../Core/Src/LOS_D_BMX160.cpp:110:6:void BMX160::configAcc()	32	static
../Core/Src/LOS_D_BMX160.cpp:118:6:void BMX160::configGyro()	32	static
../Core/Src/LOS_D_BMX160.cpp:126:6:void BMX160::configMag()	32	static
../Core/Src/LOS_D_BMX160.cpp:157:6:bool BMX160::selfTestAcc()	72	static
../Core/Src/LOS_D_BMX160.cpp:204:6:bool BMX160::selfTestGyro()	40	static
../Core/Src/LOS_D_BMX160.cpp:214:6:bool BMX160::selfTestMag()	40	static
../Core/Src/LOS_D_BMX160.cpp:244:6:bool BMX160::scan()	16	static
../Core/Src/LOS_D_BMX160.cpp:252:6:void BMX160::calibrate()	184	static
../Core/Src/LOS_D_BMX160.cpp:303:9:static BMX160& BMX160::getInstance()	8	static,ignoring_inline_asm
../Core/Src/LOS_D_BMX160.cpp:308:6:void BMX160::updateData()	32	static
../Core/Src/LOS_D_BMX160.cpp:313:6:virtual void BMX160::GetResult(IMUData_t&)	40	static
../Core/Inc/LOS_D_IMU.hpp:25:7:constexpr IMU::IMU()	16	static
../Core/Src/LOS_D_BMX160.cpp:340:1:BMX160::BMX160()	16	static
../Core/Src/LOS_D_BMX160.cpp:346:6:void BMX160::IMUInit()	32	static
../Core/Src/LOS_D_BMX160.cpp:364:6:void BMX160::setAccPowerModeToNormal()	32	static
../Core/Src/LOS_D_BMX160.cpp:370:6:void BMX160::setMagPowerModeToNormal()	32	static
../Core/Src/LOS_D_BMX160.cpp:377:6:void BMX160::setAllPowerModesToNormal()	32	static
