Archive member included to satisfy reference by file (symbol)

c:/st/stm32cubeide_1.12.1/stm32cubeide/plugins/com.st.stm32cube.ide.mcu.externaltools.gnu-tools-for-stm32.10.3-2021.10.win32_1.0.200.202301161003/tools/bin/../lib/gcc/arm-none-eabi/10.3.1/../../../../arm-none-eabi/lib/thumb/v8-m.main+fp/hard\libstdc++_nano.a(guard.o)
                              ./Core/Src/LOS_D_BMX160.o (__cxa_guard_acquire)
c:/st/stm32cubeide_1.12.1/stm32cubeide/plugins/com.st.stm32cube.ide.mcu.externaltools.gnu-tools-for-stm32.10.3-2021.10.win32_1.0.200.202301161003/tools/bin/../lib/gcc/arm-none-eabi/10.3.1/../../../../arm-none-eabi/lib/thumb/v8-m.main+fp/hard\libstdc++_nano.a(pure.o)
                              ./Core/Src/LOS_D_BMX160.o (__cxa_pure_virtual)
c:/st/stm32cubeide_1.12.1/stm32cubeide/plugins/com.st.stm32cube.ide.mcu.externaltools.gnu-tools-for-stm32.10.3-2021.10.win32_1.0.200.202301161003/tools/bin/../lib/gcc/arm-none-eabi/10.3.1/../../../../arm-none-eabi/lib/thumb/v8-m.main+fp/hard\libstdc++_nano.a(eh_terminate.o)
                              c:/st/stm32cubeide_1.12.1/stm32cubeide/plugins/com.st.stm32cube.ide.mcu.externaltools.gnu-tools-for-stm32.10.3-2021.10.win32_1.0.200.202301161003/tools/bin/../lib/gcc/arm-none-eabi/10.3.1/../../../../arm-none-eabi/lib/thumb/v8-m.main+fp/hard\libstdc++_nano.a(pure.o) (std::terminate())
c:/st/stm32cubeide_1.12.1/stm32cubeide/plugins/com.st.stm32cube.ide.mcu.externaltools.gnu-tools-for-stm32.10.3-2021.10.win32_1.0.200.202301161003/tools/bin/../lib/gcc/arm-none-eabi/10.3.1/../../../../arm-none-eabi/lib/thumb/v8-m.main+fp/hard\libstdc++_nano.a(eh_unex_handler.o)
                              c:/st/stm32cubeide_1.12.1/stm32cubeide/plugins/com.st.stm32cube.ide.mcu.externaltools.gnu-tools-for-stm32.10.3-2021.10.win32_1.0.200.202301161003/tools/bin/../lib/gcc/arm-none-eabi/10.3.1/../../../../arm-none-eabi/lib/thumb/v8-m.main+fp/hard\libstdc++_nano.a(eh_terminate.o) (__cxxabiv1::__unexpected_handler)
c:/st/stm32cubeide_1.12.1/stm32cubeide/plugins/com.st.stm32cube.ide.mcu.externaltools.gnu-tools-for-stm32.10.3-2021.10.win32_1.0.200.202301161003/tools/bin/../lib/gcc/arm-none-eabi/10.3.1/../../../../arm-none-eabi/lib/thumb/v8-m.main+fp/hard\libstdc++_nano.a(eh_term_handler.o)
                              c:/st/stm32cubeide_1.12.1/stm32cubeide/plugins/com.st.stm32cube.ide.mcu.externaltools.gnu-tools-for-stm32.10.3-2021.10.win32_1.0.200.202301161003/tools/bin/../lib/gcc/arm-none-eabi/10.3.1/../../../../arm-none-eabi/lib/thumb/v8-m.main+fp/hard\libstdc++_nano.a(eh_terminate.o) (__cxxabiv1::__terminate_handler)
c:/st/stm32cubeide_1.12.1/stm32cubeide/plugins/com.st.stm32cube.ide.mcu.externaltools.gnu-tools-for-stm32.10.3-2021.10.win32_1.0.200.202301161003/tools/bin/../lib/gcc/arm-none-eabi/10.3.1/../../../../arm-none-eabi/lib/thumb/v8-m.main+fp/hard\libc_nano.a(lib_a-abort.o)
                              c:/st/stm32cubeide_1.12.1/stm32cubeide/plugins/com.st.stm32cube.ide.mcu.externaltools.gnu-tools-for-stm32.10.3-2021.10.win32_1.0.200.202301161003/tools/bin/../lib/gcc/arm-none-eabi/10.3.1/../../../../arm-none-eabi/lib/thumb/v8-m.main+fp/hard\libstdc++_nano.a(eh_terminate.o) (abort)
c:/st/stm32cubeide_1.12.1/stm32cubeide/plugins/com.st.stm32cube.ide.mcu.externaltools.gnu-tools-for-stm32.10.3-2021.10.win32_1.0.200.202301161003/tools/bin/../lib/gcc/arm-none-eabi/10.3.1/../../../../arm-none-eabi/lib/thumb/v8-m.main+fp/hard\libc_nano.a(lib_a-errno.o)
                              ./Core/Src/syscalls.o (__errno)
c:/st/stm32cubeide_1.12.1/stm32cubeide/plugins/com.st.stm32cube.ide.mcu.externaltools.gnu-tools-for-stm32.10.3-2021.10.win32_1.0.200.202301161003/tools/bin/../lib/gcc/arm-none-eabi/10.3.1/../../../../arm-none-eabi/lib/thumb/v8-m.main+fp/hard\libc_nano.a(lib_a-exit.o)
                              c:/st/stm32cubeide_1.12.1/stm32cubeide/plugins/com.st.stm32cube.ide.mcu.externaltools.gnu-tools-for-stm32.10.3-2021.10.win32_1.0.200.202301161003/tools/bin/../lib/gcc/arm-none-eabi/10.3.1/../../../../arm-none-eabi/lib/thumb/v8-m.main+fp/hard/crt0.o (exit)
c:/st/stm32cubeide_1.12.1/stm32cubeide/plugins/com.st.stm32cube.ide.mcu.externaltools.gnu-tools-for-stm32.10.3-2021.10.win32_1.0.200.202301161003/tools/bin/../lib/gcc/arm-none-eabi/10.3.1/../../../../arm-none-eabi/lib/thumb/v8-m.main+fp/hard\libc_nano.a(lib_a-impure.o)
                              c:/st/stm32cubeide_1.12.1/stm32cubeide/plugins/com.st.stm32cube.ide.mcu.externaltools.gnu-tools-for-stm32.10.3-2021.10.win32_1.0.200.202301161003/tools/bin/../lib/gcc/arm-none-eabi/10.3.1/../../../../arm-none-eabi/lib/thumb/v8-m.main+fp/hard\libc_nano.a(lib_a-exit.o) (_global_impure_ptr)
c:/st/stm32cubeide_1.12.1/stm32cubeide/plugins/com.st.stm32cube.ide.mcu.externaltools.gnu-tools-for-stm32.10.3-2021.10.win32_1.0.200.202301161003/tools/bin/../lib/gcc/arm-none-eabi/10.3.1/../../../../arm-none-eabi/lib/thumb/v8-m.main+fp/hard\libc_nano.a(lib_a-init.o)
[...]
Memory Configuration

Name             Origin             Length             Attributes
RAM              0x0000000020000000 0x0000000000030000 xrw
RAM2             0x0000000020030000 0x0000000000010000 xrw
FLASH            0x0000000008000000 0x0000000000080000 xr
*default*        0x0000000000000000 0xffffffffffffffff

Linker script and memory map

LOAD c:/st/stm32cubeide_1.12.1/stm32cubeide/plugins/com.st.stm32cube.ide.mcu.externaltools.gnu-tools-for-stm32.10.3-2021.10.win32_1.0.200.202301161003/tools/bin/../lib/gcc/arm-none-eabi/10.3.1/thumb/v8-m.main+fp/hard/crti.o
LOAD c:/st/stm32cubeide_1.12.1/stm32cubeide/plugins/com.st.stm32cube.ide.mcu.externaltools.gnu-tools-for-stm32.10.3-2021.10.win32_1.0.200.202301161003/tools/bin/../lib/gcc/arm-none-eabi/10.3.1/thumb/v8-m.main+fp/hard/crtbegin.o
LOAD c:/st/stm32cubeide_1.12.1/stm32cubeide/plugins/com.st.stm32cube.ide.mcu.externaltools.gnu-tools-for-stm32.10.3-2021.10.win32_1.0.200.202301161003/tools/bin/../lib/gcc/arm-none-eabi/10.3.1/../../../../arm-none-eabi/lib/thumb/v8-m.main+fp/hard/crt0.o
LOAD ./Core/Src/LOS_D_BMX160.o
LOAD ./Core/Src/adc.o
LOAD ./Core/Src/gpio.o
LOAD ./Core/Src/i2c.o
LOAD ./Core/Src/main.o
LOAD ./Core/Src/rtc.o
LOAD ./Core/Src/stm32l5xx_hal_msp.o
LOAD ./Core/Src/stm32l5xx_it.o
LOAD ./Core/Src/syscalls.o
LOAD ./Core/Src/sysmem.o
LOAD ./Core/Src/system_stm32l5xx.o
LOAD ./Core/Src/ucpd.o
LOAD ./Core/Src/usart.o
LOAD ./Core/Src/usb.o
LOAD ./Core/Startup/startup_stm32l552zetxq.o
LOAD ./Drivers/STM32L5xx_HAL_Driver/Src/stm32l5xx_hal.o
LOAD ./Drivers/STM32L5xx_HAL_Driver/Src/stm32l5xx_hal_adc.o
LOAD ./Drivers/STM32L5xx_HAL_Driver/Src/stm32l5xx_hal_adc_ex.o
LOAD ./Drivers/STM32L5xx_HAL_Driver/Src/stm32l5xx_hal_cortex.o
LOAD ./Drivers/STM32L5xx_HAL_Driver/Src/stm32l5xx_hal_dma.o
LOAD ./Drivers/STM32L5xx_HAL_Driver/Src/stm32l5xx_hal_dma_ex.o
LOAD ./Drivers/STM32L5xx_HAL_Driver/Src/stm32l5xx_hal_exti.o
LOAD ./Drivers/STM32L5xx_HAL_Driver/Src/stm32l5xx_hal_flash.o
LOAD ./Drivers/STM32L5xx_HAL_Driver/Src/stm32l5xx_hal_flash_ex.o
LOAD ./Drivers/STM32L5xx_HAL_Driver/Src/stm32l5xx_hal_flash_ramfunc.o
LOAD ./Drivers/STM32L5xx_HAL_Driver/Src/stm32l5xx_hal_gpio.o
LOAD ./Drivers/STM32L5xx_HAL_Driver/Src/stm32l5xx_hal_i2c.o
LOAD ./Drivers/STM32L5xx_HAL_Driver/Src/stm32l5xx_hal_i2c_ex.o
LOAD ./Drivers/STM32L5xx_HAL_Driver/Src/stm32l5xx_hal_icache.o
LOAD ./Drivers/STM32L5xx_HAL_Driver/Src/stm32l5xx_hal_pcd.o
LOAD ./Drivers/STM32L5xx_HAL_Driver/Src/stm32l5xx_hal_pcd_ex.o
LOAD ./Drivers/STM32L5xx_HAL_Driver/Src/stm32l5xx_hal_pwr.o
LOAD ./Drivers/STM32L5xx_HAL_Driver/Src/stm32l5xx_hal_pwr_ex.o
LOAD ./Drivers/STM32L5xx_HAL_Driver/Src/stm32l5xx_hal_rcc.o
LOAD ./Drivers/STM32L5xx_HAL_Driver/Src/stm32l5xx_hal_rcc_ex.o
LOAD ./Drivers/STM32L5xx_HAL_Driver/Src/stm32l5xx_hal_rtc.o
LOAD ./Drivers/STM32L5xx_HAL_Driver/Src/stm32l5xx_hal_rtc_ex.o
LOAD ./Drivers/STM32L5xx_HAL_Driver/Src/stm32l5xx_hal_tim.o
LOAD ./Drivers/STM32L5xx_HAL_Driver/Src/stm32l5xx_hal_tim_ex.o
LOAD ./Drivers/STM32L5xx_HAL_Driver/Src/stm32l5xx_hal_uart.o
LOAD ./Drivers/STM32L5xx_HAL_Driver/Src/stm32l5xx_hal_uart_ex.o
LOAD ./Drivers/STM32L5xx_HAL_Driver/Src/stm32l5xx_ll_dma.o
LOAD ./Drivers/STM32L5xx_HAL_Driver/Src/stm32l5xx_ll_exti.o
LOAD ./Drivers/STM32L5xx_HAL_Driver/Src/stm32l5xx_ll_gpio.o
LOAD ./Drivers/STM32L5xx_HAL_Driver/Src/stm32l5xx_ll_ucpd.o
LOAD ./Drivers/STM32L5xx_HAL_Driver/Src/stm32l5xx_ll_usb.o
LOAD ./Drivers/STM32L5xx_HAL_Driver/Src/stm32l5xx_ll_utils.o
START GROUP
LOAD c:/st/stm32cubeide_1.12.1/stm32cubeide/plugins/com.st.stm32cube.ide.mcu.externaltools.gnu-tools-for-stm32.10.3-2021.10.win32_1.0.200.202301161003/tools/bin/../lib/gcc/arm-none-eabi/10.3.1/../../../../arm-none-eabi/lib/thumb/v8-m.main+fp/hard\libstdc++_nano.a
LOAD c:/st/stm32cubeide_1.12.1/stm32cubeide/plugins/com.st.stm32cube.ide.mcu.externaltools.gnu-tools-for-stm32.10.3-2021.10.win32_1.0.200.202301161003/tools/bin/../lib/gcc/arm-none-eabi/10.3.1/../../../../arm-none-eabi/lib/thumb/v8-m.main+fp/hard\libsupc++_nano.a
END GROUP
LOAD c:/st/stm32cubeide_1.12.1/stm32cubeide/plugins/com.st.stm32cube.ide.mcu.externaltools.gnu-tools-for-stm32.10.3-2021.10.win32_1.0.200.202301161003/tools/bin/../lib/gcc/arm-none-eabi/10.3.1/../../../../arm-none-eabi/lib/thumb/v8-m.main+fp/hard\libstdc++_nano.a
LOAD c:/st/stm32cubeide_1.12.1/stm32cubeide/plugins/com.st.stm32cube.ide.mcu.externaltools.gnu-tools-for-stm32.10.3-2021.10.win32_1.0.200.202301161003/tools/bin/../lib/gcc/arm-none-eabi/10.3.1/../../../../arm-none-eabi/lib/thumb/v8-m.main+fp/hard\libm.a
LOAD c:/st/stm32cubeide_1.12.1/stm32cubeide/plugins/com.st.stm32cube.ide.mcu.externaltools.gnu-tools-for-stm32.10.3-2021.10.win32_1.0.200.202301161003/tools/bin/../lib/gcc/arm-none-eabi/10.3.1/../../../../arm-none-eabi/lib/thumb/v8-m.main+fp/hard\libc_nano.a
START GROUP
LOAD c:/st/stm32cubeide_1.12.1/stm32cubeide/plugins/com.st.stm32cube.ide.mcu.externaltools.gnu-tools-for-stm32.10.3-2021.10.win32_1.0.200.202301161003/tools/bin/../lib/gcc/arm-none-eabi/10.3.1/thumb/v8-m.main+fp/hard\libgcc.a
LOAD c:/st/stm32cubeide_1.12.1/stm32cubeide/plugins/com.st.stm32cube.ide.mcu.externaltools.gnu-tools-for-stm32.10.3-2021.10.win32_1.0.200.202301161003/tools/bin/../lib/gcc/arm-none-eabi/10.3.1/../../../../arm-none-eabi/lib/thumb/v8-m.main+fp/hard\libc_nano.a
END GROUP
START GROUP
LOAD c:/st/stm32cubeide_1.12.1/stm32cubeide/plugins/com.st.stm32cube.ide.mcu.externaltools.gnu-tools-for-stm32.10.3-2021.10.win32_1.0.200.202301161003/tools/bin/../lib/gcc/arm-none-eabi/10.3.1/thumb/v8-m.main+fp/hard\libgcc.a
LOAD c:/st/stm32cubeide_1.12.1/stm32cubeide/plugins/com.st.stm32cube.ide.mcu.externaltools.gnu-tools-for-stm32.10.3-2021.10.win32_1.0.200.202301161003/tools/bin/../lib/gcc/arm-none-eabi/10.3.1/../../../../arm-none-eabi/lib/thumb/v8-m.main+fp/hard\libc_nano.a
LOAD c:/st/stm32cubeide_1.12.1/stm32cubeide/plugins/com.st.stm32cube.ide.mcu.externaltools.gnu-tools-for-stm32.10.3-2021.10.win32_1.0.200.202301161003/tools/bin/../lib/gcc/arm-none-eabi/10.3.1/../../../../arm-none-eabi/lib/thumb/v8-m.main+fp/hard\libnosys.a
END GROUP
START GROUP
LOAD c:/st/stm32cubeide_1.12.1/stm32cubeide/plugins/com.st.stm32cube.ide.mcu.externaltools.gnu-tools-for-stm32.10.3-2021.10.win32_1.0.200.202301161003/tools/bin/../lib/gcc/arm-none-eabi/10.3.1/thumb/v8-m.main+fp/hard\libgcc.a
LOAD c:/st/stm32cubeide_1.12.1/stm32cubeide/plugins/com.st.stm32cube.ide.mcu.externaltools.gnu-tools-for-stm32.10.3-2021.10.win32_1.0.200.202301161003/tools/bin/../lib/gcc/arm-none-eabi/10.3.1/../../../../arm-none-eabi/lib/thumb/v8-m.main+fp/hard\libc_nano.a
LOAD c:/st/stm32cubeide_1.12.1/stm32cubeide/plugins/com.st.stm32cube.ide.mcu.externaltools.gnu-tools-for-stm32.10.3-2021.10.win32_1.0.200.202301161003/tools/bin/../lib/gcc/arm-none-eabi/10.3.1/../../../../arm-none-eabi/lib/thumb/v8-m.main+fp/hard\libnosys.a
END GROUP
LOAD c:/st/stm32cubeide_1.12.1/stm32cubeide/plugins/com.st.stm32cube.ide.mcu.externaltools.gnu-tools-for-stm32.10.3-2021.10.win32_1.0.200.202301161003/tools/bin/../lib/gcc/arm-none-eabi/10.3.1/thumb/v8-m.main+fp/hard/crtend.o
LOAD c:/st/stm32cubeide_1.12.1/stm32cubeide/plugins/com.st.stm32cube.ide.mcu.externaltools.gnu-tools-for-stm32.10.3-2021.10.win32_1.0.200.202301161003/tools/bin/../lib/gcc/arm-none-eabi/10.3.1/thumb/v8-m.main+fp/hard/crtn.o
                0x0000000020030000                _estack = (ORIGIN (RAM) + LENGTH (RAM))
                0x0000000000000200                _Min_Heap_Size = 0x200
                0x0000000000000400                _Min_Stack_Size = 0x400

.isr_vector     0x0000000008000000      0x1f4
                0x0000000008000000                . = ALIGN (0x4)
 *(.isr_vector)
 .isr_vector    0x0000000008000000      0x1f4 ./Core/Startup/startup_stm32l552zetxq.o
                0x0000000008000000                g_pfnVectors
                0x00000000080001f4                . = ALIGN (0x4)

.text           0x00000000080001f4     0x7474
                0x00000000080001f4                . = ALIGN (0x4)
 *(.text)
 .text          0x00000000080001f4       0x40 c:/st/stm32cubeide_1.12.1/stm32cubeide/plugins/com.st.stm32cube.ide.mcu.externaltools.gnu-tools-for-stm32.10.3-2021.10.win32_1.0.200.202301161003/tools/bin/../lib/gcc/arm-none-eabi/10.3.1/thumb/v8-m.main+fp/hard/crtbegin.o
 .text          0x0000000008000234      0x378 c:/st/stm32cubeide_1.12.1/stm32cubeide/plugins/com.st.stm32cube.ide.mcu.externaltools.gnu-tools-for-stm32.10.3-2021.10.win32_1.0.200.202301161003/tools/bin/../lib/gcc/arm-none-eabi/10.3.1/thumb/v8-m.main+fp/hard\libgcc.a(_arm_addsubdf3.o)
                0x0000000008000234                __aeabi_drsub
                0x000000000800023c                __aeabi_dsub
                0x000000000800023c                __subdf3
                0x0000000008000240                __aeabi_dadd
                0x0000000008000240                __adddf3
                0x00000000080004b8                __floatunsidf
                0x00000000080004b8                __aeabi_ui2d
                0x00000000080004d8                __floatsidf
                0x00000000080004d8                __aeabi_i2d
                0x00000000080004fc                __aeabi_f2d
                0x00000000080004fc                __extendsfdf2
                0x0000000008000540                __floatundidf
                0x0000000008000540                __aeabi_ul2d
                0x0000000008000550                __floatdidf
                0x0000000008000550                __aeabi_l2d
 .text          0x00000000080005ac      0x424 c:/st/stm32cubeide_1.12.1/stm32cubeide/plugins/com.st.stm32cube.ide.mcu.externaltools.gnu-tools-for-stm32.10.3-2021.10.win32_1.0.200.202301161003/tools/bin/../lib/gcc/arm-none-eabi/10.3.1/thumb/v8-m.main+fp/hard\libgcc.a(_arm_muldivdf3.o)
                0x00000000080005ac                __aeabi_dmul
                0x00000000080005ac                __muldf3
                0x0000000008000800                __divdf3
                0x0000000008000800                __aeabi_ddiv
 .text          0x00000000080009d0       0x30 c:/st/stm32cubeide_1.12.1/stm32cubeide/plugins/com.st.stm32cube.ide.mcu.externaltools.gnu-tools-for-stm32.10.3-2021.10.win32_1.0.200.202301161003/tools/bin/../lib/gcc/arm-none-eabi/10.3.1/thumb/v8-m.main+fp/hard\libgcc.a(_aeabi_uldivmod.o)
                0x00000000080009d0                __aeabi_uldivmod
 .text          0x0000000008000a00      0x2ec c:/st/stm32cubeide_1.12.1/stm32cubeide/plugins/com.st.stm32cube.ide.mcu.externaltools.gnu-tools-for-stm32.10.3-2021.10.win32_1.0.200.202301161003/tools/bin/../lib/gcc/arm-none-eabi/10.3.1/thumb/v8-m.main+fp/hard\libgcc.a(_udivmoddi4.o)
                0x0000000008000a00                __udivmoddi4
 .text          0x0000000008000cec        0x4 c:/st/stm32cubeide_1.12.1/stm32cubeide/plugins/com.st.stm32cube.ide.mcu.externaltools.gnu-tools-for-stm32.10.3-2021.10.win32_1.0.200.202301161003/tools/bin/../lib/gcc/arm-none-eabi/10.3.1/thumb/v8-m.main+fp/hard\libgcc.a(_dvmd_tls.o)
                0x0000000008000cec                __aeabi_idiv0
                0x0000000008000cec                __aeabi_ldiv0
 *(.text*)
 .text._ZN6BMX1609configAccEv
                0x0000000008000cf0       0x50 ./Core/Src/LOS_D_BMX160.o
                0x0000000008000cf0                BMX160::configAcc()
 .text._ZN6BMX16010configGyroEv
                0x0000000008000d40       0x50 ./Core/Src/LOS_D_BMX160.o
                0x0000000008000d40                BMX160::configGyro()
 .text._ZN6BMX1609configMagEv
                0x0000000008000d90      0x184 ./Core/Src/LOS_D_BMX160.o
                0x0000000008000d90                BMX160::configMag()
 .text._ZN6BMX16012selfTestGyroEv
                0x0000000008000f14       0x64 ./Core/Src/LOS_D_BMX160.o
                0x0000000008000f14                BMX160::selfTestGyro()
 .text._ZN6BMX1604scanEv
                0x0000000008000f78       0x38 ./Core/Src/LOS_D_BMX160.o
                0x0000000008000f78                BMX160::scan()
 .text._ZN6BMX1609calibrateEv
                0x0000000008000fb0      0x140 ./Core/Src/LOS_D_BMX160.o
                0x0000000008000fb0                BMX160::calibrate()
 .text._ZN6BMX16011getInstanceEv
                0x00000000080010f0       0x50 ./Core/Src/LOS_D_BMX160.o
                0x00000000080010f0                BMX160::getInstance()
 .text._ZN6BMX16010updateDataEv
                0x0000000008001140       0x30 ./Core/Src/LOS_D_BMX160.o
                0x0000000008001140                BMX160::updateData()
 .text._ZN6BMX1609GetResultER9IMUData_t
                0x0000000008001170      0x248 ./Core/Src/LOS_D_BMX160.o
                0x0000000008001170                BMX160::GetResult(IMUData_t&)
 .text._ZN3IMUC2Ev
                0x00000000080013b8       0x20 ./Core/Src/LOS_D_BMX160.o
                0x00000000080013b8                IMU::IMU()
                0x00000000080013b8                IMU::IMU()
 .text._ZN6BMX160C2Ev
                0x00000000080013d8       0x3c ./Core/Src/LOS_D_BMX160.o
                0x00000000080013d8                BMX160::BMX160()
                0x00000000080013d8                BMX160::BMX160()
 .text._ZN6BMX1607IMUInitEv
                0x0000000008001414       0x58 ./Core/Src/LOS_D_BMX160.o
                0x0000000008001414                BMX160::IMUInit()
 .text._ZN6BMX16024setAllPowerModesToNormalEv
                0x000000000800146c       0x80 ./Core/Src/LOS_D_BMX160.o
                0x000000000800146c                BMX160::setAllPowerModesToNormal()
 .text.MX_ADC1_Init
                0x00000000080014ec       0xec ./Core/Src/adc.o
                0x00000000080014ec                MX_ADC1_Init
 .text.HAL_ADC_MspInit
                0x00000000080015d8       0xb4 ./Core/Src/adc.o
                0x00000000080015d8                HAL_ADC_MspInit
 .text.MX_GPIO_Init
                0x000000000800168c      0x13c ./Core/Src/gpio.o
                0x000000000800168c                MX_GPIO_Init
 .text.MX_I2C2_Init
                0x00000000080017c8       0x80 ./Core/Src/i2c.o
                0x00000000080017c8                MX_I2C2_Init
 .text.HAL_I2C_MspInit
                0x0000000008001848       0xbc ./Core/Src/i2c.o
                0x0000000008001848                HAL_I2C_MspInit
 .text.main     0x0000000008001904       0x5c ./Core/Src/main.o
                0x0000000008001904                main
 .text._Z18SystemClock_Configv
                0x0000000008001960       0xe0 ./Core/Src/main.o
                0x0000000008001960                SystemClock_Config()
 .text.Error_Handler
                0x0000000008001a40        0xa ./Core/Src/main.o
                0x0000000008001a40                Error_Handler
 *fill*         0x0000000008001a4a        0x2 
 .text.MX_RTC_Init
                0x0000000008001a4c       0x94 ./Core/Src/rtc.o
                0x0000000008001a4c                MX_RTC_Init
 .text.HAL_RTC_MspInit
                0x0000000008001ae0       0x7c ./Core/Src/rtc.o
                0x0000000008001ae0                HAL_RTC_MspInit
 .text.HAL_MspInit
                0x0000000008001b5c       0x48 ./Core/Src/stm32l5xx_hal_msp.o
                0x0000000008001b5c                HAL_MspInit
 .text.NMI_Handler
                0x0000000008001ba4        0x6 ./Core/Src/stm32l5xx_it.o
                0x0000000008001ba4                NMI_Handler
 .text.HardFault_Handler
                0x0000000008001baa        0x6 ./Core/Src/stm32l5xx_it.o
                0x0000000008001baa                HardFault_Handler
 .text.MemManage_Handler
                0x0000000008001bb0        0x6 ./Core/Src/stm32l5xx_it.o
                0x0000000008001bb0                MemManage_Handler
 .text.BusFault_Handler
                0x0000000008001bb6        0x6 ./Core/Src/stm32l5xx_it.o
                0x0000000008001bb6                BusFault_Handler
 .text.UsageFault_Handler
                0x0000000008001bbc        0x6 ./Core/Src/stm32l5xx_it.o
                0x0000000008001bbc                UsageFault_Handler
 .text.SVC_Handler
                0x0000000008001bc2        0xe ./Core/Src/stm32l5xx_it.o
                0x0000000008001bc2                SVC_Handler
 .text.DebugMon_Handler
                0x0000000008001bd0        0xe ./Core/Src/stm32l5xx_it.o
                0x0000000008001bd0                DebugMon_Handler
 .text.PendSV_Handler
                0x0000000008001bde        0xe ./Core/Src/stm32l5xx_it.o
                0x0000000008001bde                PendSV_Handler
 .text.SysTick_Handler
                0x0000000008001bec        0xc ./Core/Src/stm32l5xx_it.o
                0x0000000008001bec                SysTick_Handler
 .text._getpid  0x0000000008001bf8       0x10 ./Core/Src/syscalls.o
                0x0000000008001bf8                _getpid
 .text._kill    0x0000000008001c08       0x20 ./Core/Src/syscalls.o
                0x0000000008001c08                _kill
 .text._exit    0x0000000008001c28       0x14 ./Core/Src/syscalls.o
                0x0000000008001c28                _exit
 .text.SystemInit
                0x0000000008001c3c       0x24 ./Core/Src/system_stm32l5xx.o
                0x0000000008001c3c                SystemInit
 .text.SystemCoreClockUpdate
                0x0000000008001c60      0x15c ./Core/Src/system_stm32l5xx.o
                0x0000000008001c60                SystemCoreClockUpdate
 .text.LL_AHB2_GRP1_EnableClock
                0x0000000008001dbc       0x30 ./Core/Src/ucpd.o
 .text.LL_APB1_GRP2_EnableClock
                0x0000000008001dec       0x30 ./Core/Src/ucpd.o
 .text.MX_UCPD1_Init
                0x0000000008001e1c       0x6c ./Core/Src/ucpd.o
                0x0000000008001e1c                MX_UCPD1_Init
 .text.MX_LPUART1_UART_Init
                0x0000000008001e88       0x9c ./Core/Src/usart.o
                0x0000000008001e88                MX_LPUART1_UART_Init
 .text.HAL_UART_MspInit
                0x0000000008001f24       0xc0 ./Core/Src/usart.o
                0x0000000008001f24                HAL_UART_MspInit
 .text.MX_USB_PCD_Init
                0x0000000008001fe4       0x50 ./Core/Src/usb.o
                0x0000000008001fe4                MX_USB_PCD_Init
 .text.HAL_PCD_MspInit
                0x0000000008002034       0xc0 ./Core/Src/usb.o
                0x0000000008002034                HAL_PCD_MspInit
 .text.Reset_Handler
                0x00000000080020f4       0x50 ./Core/Startup/startup_stm32l552zetxq.o
                0x00000000080020f4                Reset_Handler
 .text.Default_Handler
                0x0000000008002144        0x2 ./Core/Startup/startup_stm32l552zetxq.o
                0x0000000008002144                EXTI2_IRQHandler
                0x0000000008002144                TIM8_TRG_COM_IRQHandler
                0x0000000008002144                TIM8_CC_IRQHandler
                0x0000000008002144                EXTI5_IRQHandler
                0x0000000008002144                FLASH_S_IRQHandler
                0x0000000008002144                EXTI13_IRQHandler
                0x0000000008002144                TIM1_CC_IRQHandler
                0x0000000008002144                TSC_IRQHandler
                0x0000000008002144                TAMP_IRQHandler
                0x0000000008002144                TIM6_IRQHandler
                0x0000000008002144                EXTI12_IRQHandler
                0x0000000008002144                DMA2_Channel8_IRQHandler
                0x0000000008002144                EXTI3_IRQHandler
                0x0000000008002144                EXTI8_IRQHandler
                0x0000000008002144                LPTIM2_IRQHandler
                0x0000000008002144                DFSDM1_FLT1_IRQHandler
                0x0000000008002144                USB_FS_IRQHandler
                0x0000000008002144                I2C3_ER_IRQHandler
                0x0000000008002144                DFSDM1_FLT2_IRQHandler
                0x0000000008002144                DMAMUX1_IRQHandler
                0x0000000008002144                LPTIM3_IRQHandler
                0x0000000008002144                EXTI0_IRQHandler
                0x0000000008002144                I2C2_EV_IRQHandler
                0x0000000008002144                FPU_IRQHandler
                0x0000000008002144                FDCAN1_IT1_IRQHandler
                0x0000000008002144                ADC1_2_IRQHandler
                0x0000000008002144                SPI1_IRQHandler
                0x0000000008002144                OCTOSPI1_IRQHandler
                0x0000000008002144                TIM8_UP_IRQHandler
                0x0000000008002144                RCC_S_IRQHandler
                0x0000000008002144                DMA2_Channel2_IRQHandler
                0x0000000008002144                DMA1_Channel4_IRQHandler
                0x0000000008002144                SAI2_IRQHandler
                0x0000000008002144                DFSDM1_FLT3_IRQHandler
                0x0000000008002144                EXTI15_IRQHandler
                0x0000000008002144                TIM17_IRQHandler
                0x0000000008002144                USART3_IRQHandler
                0x0000000008002144                RTC_IRQHandler
                0x0000000008002144                EXTI9_IRQHandler
                0x0000000008002144                DMA1_Channel7_IRQHandler
                0x0000000008002144                UART5_IRQHandler
                0x0000000008002144                TIM4_IRQHandler
                0x0000000008002144                DMA2_Channel1_IRQHandler
                0x0000000008002144                I2C1_EV_IRQHandler
                0x0000000008002144                DMA1_Channel6_IRQHandler
                0x0000000008002144                TIM16_IRQHandler
                0x0000000008002144                UART4_IRQHandler
                0x0000000008002144                DMA2_Channel4_IRQHandler
                0x0000000008002144                SecureFault_Handler
                0x0000000008002144                TIM3_IRQHandler
                0x0000000008002144                RCC_IRQHandler
                0x0000000008002144                TIM1_TRG_COM_IRQHandler
                0x0000000008002144                DMA1_Channel1_IRQHandler
                0x0000000008002144                Default_Handler
                0x0000000008002144                DMA2_Channel7_IRQHandler
                0x0000000008002144                DMA1_Channel8_IRQHandler
                0x0000000008002144                TIM7_IRQHandler
                0x0000000008002144                SDMMC1_IRQHandler
                0x0000000008002144                TIM5_IRQHandler
                0x0000000008002144                UCPD1_IRQHandler
                0x0000000008002144                TIM15_IRQHandler
                0x0000000008002144                I2C3_EV_IRQHandler
                0x0000000008002144                PVD_PVM_IRQHandler
                0x0000000008002144                SPI2_IRQHandler
                0x0000000008002144                EXTI14_IRQHandler
                0x0000000008002144                EXTI11_IRQHandler
                0x0000000008002144                DMA2_Channel5_IRQHandler
                0x0000000008002144                CRS_IRQHandler
                0x0000000008002144                DMA1_Channel5_IRQHandler
                0x0000000008002144                EXTI4_IRQHandler
                0x0000000008002144                RTC_S_IRQHandler
                0x0000000008002144                RNG_IRQHandler
                0x0000000008002144                DMAMUX1_S_IRQHandler
                0x0000000008002144                DMA1_Channel3_IRQHandler
                0x0000000008002144                COMP_IRQHandler
                0x0000000008002144                TIM1_UP_IRQHandler
                0x0000000008002144                WWDG_IRQHandler
                0x0000000008002144                I2C4_EV_IRQHandler
                0x0000000008002144                LPUART1_IRQHandler
                0x0000000008002144                DMA2_Channel6_IRQHandler
                0x0000000008002144                FDCAN1_IT0_IRQHandler
                0x0000000008002144                TIM2_IRQHandler
                0x0000000008002144                TAMP_S_IRQHandler
                0x0000000008002144                EXTI7_IRQHandler
                0x0000000008002144                TIM1_BRK_IRQHandler
                0x0000000008002144                DAC_IRQHandler
                0x0000000008002144                EXTI1_IRQHandler
                0x0000000008002144                GTZC_IRQHandler
                0x0000000008002144                USART2_IRQHandler
                0x0000000008002144                DFSDM1_FLT0_IRQHandler
                0x0000000008002144                I2C2_ER_IRQHandler
                0x0000000008002144                DMA1_Channel2_IRQHandler
                0x0000000008002144                TIM8_BRK_IRQHandler
                0x0000000008002144                FLASH_IRQHandler
                0x0000000008002144                USART1_IRQHandler
                0x0000000008002144                EXTI10_IRQHandler
                0x0000000008002144                SPI3_IRQHandler
                0x0000000008002144                I2C1_ER_IRQHandler
                0x0000000008002144                FMC_IRQHandler
                0x0000000008002144                EXTI6_IRQHandler
                0x0000000008002144                LPTIM1_IRQHandler
                0x0000000008002144                I2C4_ER_IRQHandler
                0x0000000008002144                ICACHE_IRQHandler
                0x0000000008002144                SAI1_IRQHandler
                0x0000000008002144                HASH_IRQHandler
                0x0000000008002144                DMA2_Channel3_IRQHandler
 .text.HAL_Init
                0x0000000008002146       0x34 ./Drivers/STM32L5xx_HAL_Driver/Src/stm32l5xx_hal.o
                0x0000000008002146                HAL_Init
 *fill*         0x000000000800217a        0x2 
 .text.HAL_InitTick
                0x000000000800217c       0x78 ./Drivers/STM32L5xx_HAL_Driver/Src/stm32l5xx_hal.o
                0x000000000800217c                HAL_InitTick
 .text.HAL_IncTick
                0x00000000080021f4       0x28 ./Drivers/STM32L5xx_HAL_Driver/Src/stm32l5xx_hal.o
                0x00000000080021f4                HAL_IncTick
 .text.HAL_GetTick
                0x000000000800221c       0x18 ./Drivers/STM32L5xx_HAL_Driver/Src/stm32l5xx_hal.o
                0x000000000800221c                HAL_GetTick
 .text.HAL_Delay
                0x0000000008002234       0x48 ./Drivers/STM32L5xx_HAL_Driver/Src/stm32l5xx_hal.o
                0x0000000008002234                HAL_Delay
 .text.LL_ADC_SetCommonClock
                0x000000000800227c       0x26 ./Drivers/STM32L5xx_HAL_Driver/Src/stm32l5xx_hal_adc.o
 .text.LL_ADC_SetCommonPathInternalCh
                0x00000000080022a2       0x26 ./Drivers/STM32L5xx_HAL_Driver/Src/stm32l5xx_hal_adc.o
 .text.LL_ADC_GetCommonPathInternalCh
                0x00000000080022c8       0x1c ./Drivers/STM32L5xx_HAL_Driver/Src/stm32l5xx_hal_adc.o
 .text.LL_ADC_SetOffset
                0x00000000080022e4       0x48 ./Drivers/STM32L5xx_HAL_Driver/Src/stm32l5xx_hal_adc.o
 .text.LL_ADC_GetOffsetChannel
                0x000000000800232c       0x2c ./Drivers/STM32L5xx_HAL_Driver/Src/stm32l5xx_hal_adc.o
 .text.LL_ADC_SetOffsetState
                0x0000000008002358       0x36 ./Drivers/STM32L5xx_HAL_Driver/Src/stm32l5xx_hal_adc.o
 .text.LL_ADC_SetSamplingTimeCommonConfig
                0x000000000800238e       0x26 ./Drivers/STM32L5xx_HAL_Driver/Src/stm32l5xx_hal_adc.o
 .text.LL_ADC_REG_SetSequencerRanks
                0x00000000080023b4       0x58 ./Drivers/STM32L5xx_HAL_Driver/Src/stm32l5xx_hal_adc.o
 .text.LL_ADC_SetChannelSamplingTime
                0x000000000800240c       0x56 ./Drivers/STM32L5xx_HAL_Driver/Src/stm32l5xx_hal_adc.o
 *fill*         0x0000000008002462        0x2 
 .text.LL_ADC_SetChannelSingleDiff
                0x0000000008002464       0x48 ./Drivers/STM32L5xx_HAL_Driver/Src/stm32l5xx_hal_adc.o
 .text.LL_ADC_DisableDeepPowerDown
                0x00000000080024ac       0x24 ./Drivers/STM32L5xx_HAL_Driver/Src/stm32l5xx_hal_adc.o
 .text.LL_ADC_IsDeepPowerDownEnabled
                0x00000000080024d0       0x28 ./Drivers/STM32L5xx_HAL_Driver/Src/stm32l5xx_hal_adc.o
 .text.LL_ADC_EnableInternalRegulator
                0x00000000080024f8       0x28 ./Drivers/STM32L5xx_HAL_Driver/Src/stm32l5xx_hal_adc.o
 .text.LL_ADC_IsInternalRegulatorEnabled
                0x0000000008002520       0x28 ./Drivers/STM32L5xx_HAL_Driver/Src/stm32l5xx_hal_adc.o
 .text.LL_ADC_IsEnabled
                0x0000000008002548       0x26 ./Drivers/STM32L5xx_HAL_Driver/Src/stm32l5xx_hal_adc.o
 .text.LL_ADC_REG_IsConversionOngoing
                0x000000000800256e       0x26 ./Drivers/STM32L5xx_HAL_Driver/Src/stm32l5xx_hal_adc.o
 .text.LL_ADC_INJ_IsConversionOngoing
                0x0000000008002594       0x26 ./Drivers/STM32L5xx_HAL_Driver/Src/stm32l5xx_hal_adc.o
 *fill*         0x00000000080025ba        0x2 
 .text.HAL_ADC_Init
                0x00000000080025bc      0x298 ./Drivers/STM32L5xx_HAL_Driver/Src/stm32l5xx_hal_adc.o
                0x00000000080025bc                HAL_ADC_Init
 .text.HAL_ADC_ConfigChannel
                0x0000000008002854      0x7d4 ./Drivers/STM32L5xx_HAL_Driver/Src/stm32l5xx_hal_adc.o
                0x0000000008002854                HAL_ADC_ConfigChannel
 .text.LL_ADC_IsEnabled
                0x0000000008003028       0x26 ./Drivers/STM32L5xx_HAL_Driver/Src/stm32l5xx_hal_adc_ex.o
 .text.LL_ADC_REG_IsConversionOngoing
                0x000000000800304e       0x26 ./Drivers/STM32L5xx_HAL_Driver/Src/stm32l5xx_hal_adc_ex.o
 .text.HAL_ADCEx_MultiModeConfigChannel
                0x0000000008003074      0x148 ./Drivers/STM32L5xx_HAL_Driver/Src/stm32l5xx_hal_adc_ex.o
                0x0000000008003074                HAL_ADCEx_MultiModeConfigChannel
 .text.__NVIC_SetPriorityGrouping
                0x00000000080031bc       0x48 ./Drivers/STM32L5xx_HAL_Driver/Src/stm32l5xx_hal_cortex.o
 .text.__NVIC_GetPriorityGrouping
                0x0000000008003204       0x1c ./Drivers/STM32L5xx_HAL_Driver/Src/stm32l5xx_hal_cortex.o
 .text.__NVIC_SetPriority
                0x0000000008003220       0x54 ./Drivers/STM32L5xx_HAL_Driver/Src/stm32l5xx_hal_cortex.o
 .text.NVIC_EncodePriority
                0x0000000008003274       0x66 ./Drivers/STM32L5xx_HAL_Driver/Src/stm32l5xx_hal_cortex.o
 *fill*         0x00000000080032da        0x2 
 .text.SysTick_Config
                0x00000000080032dc       0x44 ./Drivers/STM32L5xx_HAL_Driver/Src/stm32l5xx_hal_cortex.o
 .text.HAL_NVIC_SetPriorityGrouping
                0x0000000008003320       0x16 ./Drivers/STM32L5xx_HAL_Driver/Src/stm32l5xx_hal_cortex.o
                0x0000000008003320                HAL_NVIC_SetPriorityGrouping
 .text.HAL_NVIC_SetPriority
                0x0000000008003336       0x34 ./Drivers/STM32L5xx_HAL_Driver/Src/stm32l5xx_hal_cortex.o
                0x0000000008003336                HAL_NVIC_SetPriority
 .text.HAL_SYSTICK_Config
                0x000000000800336a       0x18 ./Drivers/STM32L5xx_HAL_Driver/Src/stm32l5xx_hal_cortex.o
                0x000000000800336a                HAL_SYSTICK_Config
 *fill*         0x0000000008003382        0x2 
 .text.HAL_GPIO_Init
                0x0000000008003384      0x300 ./Drivers/STM32L5xx_HAL_Driver/Src/stm32l5xx_hal_gpio.o
                0x0000000008003384                HAL_GPIO_Init
 .text.HAL_GPIO_WritePin
                0x0000000008003684       0x30 ./Drivers/STM32L5xx_HAL_Driver/Src/stm32l5xx_hal_gpio.o
                0x0000000008003684                HAL_GPIO_WritePin
 .text.HAL_I2C_Init
                0x00000000080036b4      0x11e ./Drivers/STM32L5xx_HAL_Driver/Src/stm32l5xx_hal_i2c.o
                0x00000000080036b4                HAL_I2C_Init
 *fill*         0x00000000080037d2        0x2 
 .text.HAL_I2C_Mem_Write
                0x00000000080037d4      0x228 ./Drivers/STM32L5xx_HAL_Driver/Src/stm32l5xx_hal_i2c.o
                0x00000000080037d4                HAL_I2C_Mem_Write
 .text.HAL_I2C_Mem_Read
                0x00000000080039fc      0x234 ./Drivers/STM32L5xx_HAL_Driver/Src/stm32l5xx_hal_i2c.o
                0x00000000080039fc                HAL_I2C_Mem_Read
 .text.HAL_I2C_IsDeviceReady
                0x0000000008003c30      0x20e ./Drivers/STM32L5xx_HAL_Driver/Src/stm32l5xx_hal_i2c.o
                0x0000000008003c30                HAL_I2C_IsDeviceReady
 *fill*         0x0000000008003e3e        0x2 
 .text.I2C_RequestMemoryWrite
                0x0000000008003e40       0xa8 ./Drivers/STM32L5xx_HAL_Driver/Src/stm32l5xx_hal_i2c.o
 .text.I2C_RequestMemoryRead
                0x0000000008003ee8       0xa8 ./Drivers/STM32L5xx_HAL_Driver/Src/stm32l5xx_hal_i2c.o
 .text.I2C_Flush_TXDR
                0x0000000008003f90       0x48 ./Drivers/STM32L5xx_HAL_Driver/Src/stm32l5xx_hal_i2c.o
 .text.I2C_WaitOnFlagUntilTimeout
                0x0000000008003fd8       0x9e ./Drivers/STM32L5xx_HAL_Driver/Src/stm32l5xx_hal_i2c.o
 .text.I2C_WaitOnTXISFlagUntilTimeout
                0x0000000008004076       0x8e ./Drivers/STM32L5xx_HAL_Driver/Src/stm32l5xx_hal_i2c.o
 .text.I2C_WaitOnSTOPFlagUntilTimeout
                0x0000000008004104       0x86 ./Drivers/STM32L5xx_HAL_Driver/Src/stm32l5xx_hal_i2c.o
 *fill*         0x000000000800418a        0x2 
 .text.I2C_IsErrorOccurred
                0x000000000800418c      0x1c0 ./Drivers/STM32L5xx_HAL_Driver/Src/stm32l5xx_hal_i2c.o
 .text.I2C_TransferConfig
                0x000000000800434c       0x64 ./Drivers/STM32L5xx_HAL_Driver/Src/stm32l5xx_hal_i2c.o
 .text.HAL_I2CEx_ConfigAnalogFilter
                0x00000000080043b0       0x96 ./Drivers/STM32L5xx_HAL_Driver/Src/stm32l5xx_hal_i2c_ex.o
                0x00000000080043b0                HAL_I2CEx_ConfigAnalogFilter
 .text.HAL_I2CEx_ConfigDigitalFilter
                0x0000000008004446       0x98 ./Drivers/STM32L5xx_HAL_Driver/Src/stm32l5xx_hal_i2c_ex.o
                0x0000000008004446                HAL_I2CEx_ConfigDigitalFilter
 .text.HAL_PCD_Init
                0x00000000080044de      0x1b2 ./Drivers/STM32L5xx_HAL_Driver/Src/stm32l5xx_hal_pcd.o
                0x00000000080044de                HAL_PCD_Init
 .text.HAL_PCDEx_ActivateLPM
                0x0000000008004690       0x54 ./Drivers/STM32L5xx_HAL_Driver/Src/stm32l5xx_hal_pcd_ex.o
                0x0000000008004690                HAL_PCDEx_ActivateLPM
 .text.HAL_PWR_EnableBkUpAccess
                0x00000000080046e4       0x20 ./Drivers/STM32L5xx_HAL_Driver/Src/stm32l5xx_hal_pwr.o
                0x00000000080046e4                HAL_PWR_EnableBkUpAccess
 .text.HAL_PWREx_GetVoltageRange
                0x0000000008004704       0x1c ./Drivers/STM32L5xx_HAL_Driver/Src/stm32l5xx_hal_pwr_ex.o
                0x0000000008004704                HAL_PWREx_GetVoltageRange
 .text.HAL_PWREx_ControlVoltageScaling
                0x0000000008004720       0xb8 ./Drivers/STM32L5xx_HAL_Driver/Src/stm32l5xx_hal_pwr_ex.o
                0x0000000008004720                HAL_PWREx_ControlVoltageScaling
 .text.HAL_PWREx_EnableVddIO2
                0x00000000080047d8       0x20 ./Drivers/STM32L5xx_HAL_Driver/Src/stm32l5xx_hal_pwr_ex.o
                0x00000000080047d8                HAL_PWREx_EnableVddIO2
 .text.HAL_PWREx_SMPS_GetEffectiveMode
                0x00000000080047f8       0x48 ./Drivers/STM32L5xx_HAL_Driver/Src/stm32l5xx_hal_pwr_ex.o
                0x00000000080047f8                HAL_PWREx_SMPS_GetEffectiveMode
 .text.HAL_RCC_OscConfig
                0x0000000008004840      0x9ac ./Drivers/STM32L5xx_HAL_Driver/Src/stm32l5xx_hal_rcc.o
                0x0000000008004840                HAL_RCC_OscConfig
 .text.HAL_RCC_ClockConfig
                0x00000000080051ec      0x270 ./Drivers/STM32L5xx_HAL_Driver/Src/stm32l5xx_hal_rcc.o
                0x00000000080051ec                HAL_RCC_ClockConfig
 .text.HAL_RCC_GetSysClockFreq
                0x000000000800545c      0x13c ./Drivers/STM32L5xx_HAL_Driver/Src/stm32l5xx_hal_rcc.o
                0x000000000800545c                HAL_RCC_GetSysClockFreq
 .text.HAL_RCC_GetHCLKFreq
                0x0000000008005598       0x28 ./Drivers/STM32L5xx_HAL_Driver/Src/stm32l5xx_hal_rcc.o
                0x0000000008005598                HAL_RCC_GetHCLKFreq
 .text.HAL_RCC_GetPCLK1Freq
                0x00000000080055c0       0x28 ./Drivers/STM32L5xx_HAL_Driver/Src/stm32l5xx_hal_rcc.o
                0x00000000080055c0                HAL_RCC_GetPCLK1Freq
 .text.HAL_RCC_GetPCLK2Freq
                0x00000000080055e8       0x28 ./Drivers/STM32L5xx_HAL_Driver/Src/stm32l5xx_hal_rcc.o
                0x00000000080055e8                HAL_RCC_GetPCLK2Freq
 .text.RCC_SetFlashLatencyFromMSIRange
                0x0000000008005610       0xc8 ./Drivers/STM32L5xx_HAL_Driver/Src/stm32l5xx_hal_rcc.o
 .text.RCC_GetSysClockFreqFromPLLSource
                0x00000000080056d8       0xdc ./Drivers/STM32L5xx_HAL_Driver/Src/stm32l5xx_hal_rcc.o
 .text.HAL_RCCEx_PeriphCLKConfig
                0x00000000080057b4      0x708 ./Drivers/STM32L5xx_HAL_Driver/Src/stm32l5xx_hal_rcc_ex.o
                0x00000000080057b4                HAL_RCCEx_PeriphCLKConfig
 .text.RCCEx_PLLSAI1_Config
                0x0000000008005ebc      0x1cc ./Drivers/STM32L5xx_HAL_Driver/Src/stm32l5xx_hal_rcc_ex.o
 .text.RCCEx_PLLSAI2_Config
                0x0000000008006088      0x158 ./Drivers/STM32L5xx_HAL_Driver/Src/stm32l5xx_hal_rcc_ex.o
 .text.HAL_RTC_Init
                0x00000000080061e0       0xf0 ./Drivers/STM32L5xx_HAL_Driver/Src/stm32l5xx_hal_rtc.o
                0x00000000080061e0                HAL_RTC_Init
 .text.HAL_RTC_WaitForSynchro
                0x00000000080062d0       0x48 ./Drivers/STM32L5xx_HAL_Driver/Src/stm32l5xx_hal_rtc.o
                0x00000000080062d0                HAL_RTC_WaitForSynchro
 .text.RTC_EnterInitMode
                0x0000000008006318       0x68 ./Drivers/STM32L5xx_HAL_Driver/Src/stm32l5xx_hal_rtc.o
                0x0000000008006318                RTC_EnterInitMode
 .text.RTC_ExitInitMode
                0x0000000008006380       0x7c ./Drivers/STM32L5xx_HAL_Driver/Src/stm32l5xx_hal_rtc.o
                0x0000000008006380                RTC_ExitInitMode
 .text.HAL_RTCEx_PrivilegeModeSet
                0x00000000080063fc       0x58 ./Drivers/STM32L5xx_HAL_Driver/Src/stm32l5xx_hal_rtc_ex.o
                0x00000000080063fc                HAL_RTCEx_PrivilegeModeSet
 .text.HAL_UART_Init
                0x0000000008006454       0xa0 ./Drivers/STM32L5xx_HAL_Driver/Src/stm32l5xx_hal_uart.o
                0x0000000008006454                HAL_UART_Init
 .text.UART_SetConfig
                0x00000000080064f4      0x600 ./Drivers/STM32L5xx_HAL_Driver/Src/stm32l5xx_hal_uart.o
                0x00000000080064f4                UART_SetConfig
 .text.UART_AdvFeatureConfig
                0x0000000008006af4      0x144 ./Drivers/STM32L5xx_HAL_Driver/Src/stm32l5xx_hal_uart.o
                0x0000000008006af4                UART_AdvFeatureConfig
 .text.UART_CheckIdleState
                0x0000000008006c38      0x154 ./Drivers/STM32L5xx_HAL_Driver/Src/stm32l5xx_hal_uart.o
                0x0000000008006c38                UART_CheckIdleState
 .text.UART_WaitOnFlagUntilTimeout
                0x0000000008006d8c       0xce ./Drivers/STM32L5xx_HAL_Driver/Src/stm32l5xx_hal_uart.o
                0x0000000008006d8c                UART_WaitOnFlagUntilTimeout
 .text.UART_EndRxTransfer
                0x0000000008006e5a       0xcc ./Drivers/STM32L5xx_HAL_Driver/Src/stm32l5xx_hal_uart.o
 .text.HAL_UARTEx_DisableFifoMode
                0x0000000008006f26       0x72 ./Drivers/STM32L5xx_HAL_Driver/Src/stm32l5xx_hal_uart_ex.o
                0x0000000008006f26                HAL_UARTEx_DisableFifoMode
 .text.HAL_UARTEx_SetTxFifoThreshold
                0x0000000008006f98       0x7c ./Drivers/STM32L5xx_HAL_Driver/Src/stm32l5xx_hal_uart_ex.o
                0x0000000008006f98                HAL_UARTEx_SetTxFifoThreshold
 .text.HAL_UARTEx_SetRxFifoThreshold
                0x0000000008007014       0x7c ./Drivers/STM32L5xx_HAL_Driver/Src/stm32l5xx_hal_uart_ex.o
                0x0000000008007014                HAL_UARTEx_SetRxFifoThreshold
 .text.UARTEx_SetNbDataToProcess
                0x0000000008007090       0x9c ./Drivers/STM32L5xx_HAL_Driver/Src/stm32l5xx_hal_uart_ex.o
 .text.LL_GPIO_SetPinMode
                0x000000000800712c       0x7a ./Drivers/STM32L5xx_HAL_Driver/Src/stm32l5xx_ll_gpio.o
 .text.LL_GPIO_SetPinOutputType
                0x00000000080071a6       0x30 ./Drivers/STM32L5xx_HAL_Driver/Src/stm32l5xx_ll_gpio.o
 .text.LL_GPIO_SetPinSpeed
                0x00000000080071d6       0x7a ./Drivers/STM32L5xx_HAL_Driver/Src/stm32l5xx_ll_gpio.o
 .text.LL_GPIO_SetPinPull
                0x0000000008007250       0x7a ./Drivers/STM32L5xx_HAL_Driver/Src/stm32l5xx_ll_gpio.o
 .text.LL_GPIO_SetAFPin_0_7
                0x00000000080072ca       0x7a ./Drivers/STM32L5xx_HAL_Driver/Src/stm32l5xx_ll_gpio.o
 .text.LL_GPIO_SetAFPin_8_15
                0x0000000008007344       0x7e ./Drivers/STM32L5xx_HAL_Driver/Src/stm32l5xx_ll_gpio.o
 .text.LL_GPIO_Init
                0x00000000080073c2       0xda ./Drivers/STM32L5xx_HAL_Driver/Src/stm32l5xx_ll_gpio.o
                0x00000000080073c2                LL_GPIO_Init
 .text.USB_DisableGlobalInt
                0x000000000800749c       0x36 ./Drivers/STM32L5xx_HAL_Driver/Src/stm32l5xx_ll_usb.o
                0x000000000800749c                USB_DisableGlobalInt
 .text.USB_DevInit
                0x00000000080074d2       0x42 ./Drivers/STM32L5xx_HAL_Driver/Src/stm32l5xx_ll_usb.o
                0x00000000080074d2                USB_DevInit
 .text.__cxa_guard_acquire
                0x0000000008007514       0x18 c:/st/stm32cubeide_1.12.1/stm32cubeide/plugins/com.st.stm32cube.ide.mcu.externaltools.gnu-tools-for-stm32.10.3-2021.10.win32_1.0.200.202301161003/tools/bin/../lib/gcc/arm-none-eabi/10.3.1/../../../../arm-none-eabi/lib/thumb/v8-m.main+fp/hard\libstdc++_nano.a(guard.o)
                0x0000000008007514                __cxa_guard_acquire
 .text.__cxa_guard_release
                0x000000000800752c        0x6 c:/st/stm32cubeide_1.12.1/stm32cubeide/plugins/com.st.stm32cube.ide.mcu.externaltools.gnu-tools-for-stm32.10.3-2021.10.win32_1.0.200.202301161003/tools/bin/../lib/gcc/arm-none-eabi/10.3.1/../../../../arm-none-eabi/lib/thumb/v8-m.main+fp/hard\libstdc++_nano.a(guard.o)
                0x000000000800752c                __cxa_guard_release
 .text.__cxa_pure_virtual
                0x0000000008007532        0x6 c:/st/stm32cubeide_1.12.1/stm32cubeide/plugins/com.st.stm32cube.ide.mcu.externaltools.gnu-tools-for-stm32.10.3-2021.10.win32_1.0.200.202301161003/tools/bin/../lib/gcc/arm-none-eabi/10.3.1/../../../../arm-none-eabi/lib/thumb/v8-m.main+fp/hard\libstdc++_nano.a(pure.o)
                0x0000000008007532                __cxa_pure_virtual
 .text._ZN10__cxxabiv111__terminateEPFvvE
                0x0000000008007538        0x8 c:/st/stm32cubeide_1.12.1/stm32cubeide/plugins/com.st.stm32cube.ide.mcu.externaltools.gnu-tools-for-stm32.10.3-2021.10.win32_1.0.200.202301161003/tools/bin/../lib/gcc/arm-none-eabi/10.3.1/../../../../arm-none-eabi/lib/thumb/v8-m.main+fp/hard\libstdc++_nano.a(eh_terminate.o)
                0x0000000008007538                __cxxabiv1::__terminate(void (*)())
 .text._ZSt13get_terminatev
                0x0000000008007540        0xc c:/st/stm32cubeide_1.12.1/stm32cubeide/plugins/com.st.stm32cube.ide.mcu.externaltools.gnu-tools-for-stm32.10.3-2021.10.win32_1.0.200.202301161003/tools/bin/../lib/gcc/arm-none-eabi/10.3.1/../../../../arm-none-eabi/lib/thumb/v8-m.main+fp/hard\libstdc++_nano.a(eh_terminate.o)
                0x0000000008007540                std::get_terminate()
 .text._ZSt9terminatev
                0x000000000800754c        0xa c:/st/stm32cubeide_1.12.1/stm32cubeide/plugins/com.st.stm32cube.ide.mcu.externaltools.gnu-tools-for-stm32.10.3-2021.10.win32_1.0.200.202301161003/tools/bin/../lib/gcc/arm-none-eabi/10.3.1/../../../../arm-none-eabi/lib/thumb/v8-m.main+fp/hard\libstdc++_nano.a(eh_terminate.o)
                0x000000000800754c                std::terminate()
 .text.abort    0x0000000008007556        0xe c:/st/stm32cubeide_1.12.1/stm32cubeide/plugins/com.st.stm32cube.ide.mcu.externaltools.gnu-tools-for-stm32.10.3-2021.10.win32_1.0.200.202301161003/tools/bin/../lib/gcc/arm-none-eabi/10.3.1/../../../../arm-none-eabi/lib/thumb/v8-m.main+fp/hard\libc_nano.a(lib_a-abort.o)
                0x0000000008007556                abort
 .text.__errno  0x0000000008007564        0xc c:/st/stm32cubeide_1.12.1/stm32cubeide/plugins/com.st.stm32cube.ide.mcu.externaltools.gnu-tools-for-stm32.10.3-2021.10.win32_1.0.200.202301161003/tools/bin/../lib/gcc/arm-none-eabi/10.3.1/../../../../arm-none-eabi/lib/thumb/v8-m.main+fp/hard\libc_nano.a(lib_a-errno.o)
                0x0000000008007564                __errno
 .text.__libc_init_array
                0x0000000008007570       0x48 c:/st/stm32cubeide_1.12.1/stm32cubeide/plugins/com.st.stm32cube.ide.mcu.externaltools.gnu-tools-for-stm32.10.3-2021.10.win32_1.0.200.202301161003/tools/bin/../lib/gcc/arm-none-eabi/10.3.1/../../../../arm-none-eabi/lib/thumb/v8-m.main+fp/hard\libc_nano.a(lib_a-init.o)
                0x0000000008007570                __libc_init_array
 .text.memset   0x00000000080075b8       0x10 c:/st/stm32cubeide_1.12.1/stm32cubeide/plugins/com.st.stm32cube.ide.mcu.externaltools.gnu-tools-for-stm32.10.3-2021.10.win32_1.0.200.202301161003/tools/bin/../lib/gcc/arm-none-eabi/10.3.1/../../../../arm-none-eabi/lib/thumb/v8-m.main+fp/hard\libc_nano.a(lib_a-memset.o)
                0x00000000080075b8                memset
 .text._raise_r
                0x00000000080075c8       0x50 c:/st/stm32cubeide_1.12.1/stm32cubeide/plugins/com.st.stm32cube.ide.mcu.externaltools.gnu-tools-for-stm32.10.3-2021.10.win32_1.0.200.202301161003/tools/bin/../lib/gcc/arm-none-eabi/10.3.1/../../../../arm-none-eabi/lib/thumb/v8-m.main+fp/hard\libc_nano.a(lib_a-signal.o)
                0x00000000080075c8                _raise_r
 .text.raise    0x0000000008007618       0x10 c:/st/stm32cubeide_1.12.1/stm32cubeide/plugins/com.st.stm32cube.ide.mcu.externaltools.gnu-tools-for-stm32.10.3-2021.10.win32_1.0.200.202301161003/tools/bin/../lib/gcc/arm-none-eabi/10.3.1/../../../../arm-none-eabi/lib/thumb/v8-m.main+fp/hard\libc_nano.a(lib_a-signal.o)
                0x0000000008007618                raise
 .text._kill_r  0x0000000008007628       0x24 c:/st/stm32cubeide_1.12.1/stm32cubeide/plugins/com.st.stm32cube.ide.mcu.externaltools.gnu-tools-for-stm32.10.3-2021.10.win32_1.0.200.202301161003/tools/bin/../lib/gcc/arm-none-eabi/10.3.1/../../../../arm-none-eabi/lib/thumb/v8-m.main+fp/hard\libc_nano.a(lib_a-signalr.o)
                0x0000000008007628                _kill_r
 .text._getpid_r
                0x000000000800764c        0x4 c:/st/stm32cubeide_1.12.1/stm32cubeide/plugins/com.st.stm32cube.ide.mcu.externaltools.gnu-tools-for-stm32.10.3-2021.10.win32_1.0.200.202301161003/tools/bin/../lib/gcc/arm-none-eabi/10.3.1/../../../../arm-none-eabi/lib/thumb/v8-m.main+fp/hard\libc_nano.a(lib_a-signalr.o)
                0x000000000800764c                _getpid_r
 *(.glue_7)
 .glue_7        0x0000000008007650        0x0 linker stubs
 *(.glue_7t)
 .glue_7t       0x0000000008007650        0x0 linker stubs
 *(.eh_frame)
 .eh_frame      0x0000000008007650        0x0 c:/st/stm32cubeide_1.12.1/stm32cubeide/plugins/com.st.stm32cube.ide.mcu.externaltools.gnu-tools-for-stm32.10.3-2021.10.win32_1.0.200.202301161003/tools/bin/../lib/gcc/arm-none-eabi/10.3.1/thumb/v8-m.main+fp/hard/crtbegin.o
 *(.init)
 .init          0x0000000008007650        0x4 c:/st/stm32cubeide_1.12.1/stm32cubeide/plugins/com.st.stm32cube.ide.mcu.externaltools.gnu-tools-for-stm32.10.3-2021.10.win32_1.0.200.202301161003/tools/bin/../lib/gcc/arm-none-eabi/10.3.1/thumb/v8-m.main+fp/hard/crti.o
                0x0000000008007650                _init
 .init          0x0000000008007654        0x8 c:/st/stm32cubeide_1.12.1/stm32cubeide/plugins/com.st.stm32cube.ide.mcu.externaltools.gnu-tools-for-stm32.10.3-2021.10.win32_1.0.200.202301161003/tools/bin/../lib/gcc/arm-none-eabi/10.3.1/thumb/v8-m.main+fp/hard/crtn.o
 *(.fini)
 .fini          0x000000000800765c        0x4 c:/st/stm32cubeide_1.12.1/stm32cubeide/plugins/com.st.stm32cube.ide.mcu.externaltools.gnu-tools-for-stm32.10.3-2021.10.win32_1.0.200.202301161003/tools/bin/../lib/gcc/arm-none-eabi/10.3.1/thumb/v8-m.main+fp/hard/crti.o
                0x000000000800765c                _fini
 .fini          0x0000000008007660        0x8 c:/st/stm32cubeide_1.12.1/stm32cubeide/plugins/com.st.stm32cube.ide.mcu.externaltools.gnu-tools-for-stm32.10.3-2021.10.win32_1.0.200.202301161003/tools/bin/../lib/gcc/arm-none-eabi/10.3.1/thumb/v8-m.main+fp/hard/crtn.o
                0x0000000008007668                . = ALIGN (0x4)
                0x0000000008007668                _etext = .

.vfp11_veneer   0x0000000008007668        0x0
 .vfp11_veneer  0x0000000008007668        0x0 linker stubs

.v4_bx          0x0000000008007668        0x0
 .v4_bx         0x0000000008007668        0x0 linker stubs

.iplt           0x0000000008007668        0x0
 .iplt          0x0000000008007668        0x0 c:/st/stm32cubeide_1.12.1/stm32cubeide/plugins/com.st.stm32cube.ide.mcu.externaltools.gnu-tools-for-stm32.10.3-2021.10.win32_1.0.200.202301161003/tools/bin/../lib/gcc/arm-none-eabi/10.3.1/thumb/v8-m.main+fp/hard/crtbegin.o

.rodata         0x0000000008007668       0x98
                0x0000000008007668                . = ALIGN (0x4)
 *(.rodata)
 *(.rodata*)
 .rodata._ZTV6BMX160
                0x0000000008007668        0xc ./Core/Src/LOS_D_BMX160.o
                0x0000000008007668                vtable for BMX160
 .rodata._ZTV3IMU
                0x0000000008007674        0xc ./Core/Src/LOS_D_BMX160.o
                0x0000000008007674                vtable for IMU
 .rodata.AHBPrescTable
                0x0000000008007680       0x10 ./Core/Src/system_stm32l5xx.o
                0x0000000008007680                AHBPrescTable
 .rodata.APBPrescTable
                0x0000000008007690        0x8 ./Core/Src/system_stm32l5xx.o
                0x0000000008007690                APBPrescTable
 .rodata.MSIRangeTable
                0x0000000008007698       0x40 ./Core/Src/system_stm32l5xx.o
                0x0000000008007698                MSIRangeTable
 .rodata.UARTPrescTable
                0x00000000080076d8       0x18 ./Drivers/STM32L5xx_HAL_Driver/Src/stm32l5xx_hal_uart.o
                0x00000000080076d8                UARTPrescTable
 .rodata.numerator.1
                0x00000000080076f0        0x8 ./Drivers/STM32L5xx_HAL_Driver/Src/stm32l5xx_hal_uart_ex.o
 .rodata.denominator.0
                0x00000000080076f8        0x8 ./Drivers/STM32L5xx_HAL_Driver/Src/stm32l5xx_hal_uart_ex.o
                0x0000000008007700                . = ALIGN (0x4)

.ARM.extab      0x0000000008007700        0x0
                0x0000000008007700                . = ALIGN (0x4)
 *(.ARM.extab* .gnu.linkonce.armextab.*)
                0x0000000008007700                . = ALIGN (0x4)

.ARM            0x0000000008007700        0x8
                0x0000000008007700                . = ALIGN (0x4)
                0x0000000008007700                __exidx_start = .
 *(.ARM.exidx*)
 .ARM.exidx     0x0000000008007700        0x8 c:/st/stm32cubeide_1.12.1/stm32cubeide/plugins/com.st.stm32cube.ide.mcu.externaltools.gnu-tools-for-stm32.10.3-2021.10.win32_1.0.200.202301161003/tools/bin/../lib/gcc/arm-none-eabi/10.3.1/thumb/v8-m.main+fp/hard\libgcc.a(_udivmoddi4.o)
                0x0000000008007708                __exidx_end = .
                0x0000000008007708                . = ALIGN (0x4)

.rel.dyn        0x0000000008007708        0x0
 .rel.iplt      0x0000000008007708        0x0 c:/st/stm32cubeide_1.12.1/stm32cubeide/plugins/com.st.stm32cube.ide.mcu.externaltools.gnu-tools-for-stm32.10.3-2021.10.win32_1.0.200.202301161003/tools/bin/../lib/gcc/arm-none-eabi/10.3.1/thumb/v8-m.main+fp/hard/crtbegin.o

.preinit_array  0x0000000008007708        0x0
                0x0000000008007708                . = ALIGN (0x4)
                0x0000000008007708                PROVIDE (__preinit_array_start = .)
 *(.preinit_array*)
                0x0000000008007708                PROVIDE (__preinit_array_end = .)
                0x0000000008007708                . = ALIGN (0x4)

.init_array     0x0000000008007708        0x4
                0x0000000008007708                . = ALIGN (0x4)
                0x0000000008007708                PROVIDE (__init_array_start = .)
 *(SORT_BY_NAME(.init_array.*))
 *(.init_array*)
 .init_array    0x0000000008007708        0x4 c:/st/stm32cubeide_1.12.1/stm32cubeide/plugins/com.st.stm32cube.ide.mcu.externaltools.gnu-tools-for-stm32.10.3-2021.10.win32_1.0.200.202301161003/tools/bin/../lib/gcc/arm-none-eabi/10.3.1/thumb/v8-m.main+fp/hard/crtbegin.o
                0x000000000800770c                PROVIDE (__init_array_end = .)
                0x000000000800770c                . = ALIGN (0x4)

.fini_array     0x000000000800770c        0x4
                0x000000000800770c                . = ALIGN (0x4)
                [!provide]                        PROVIDE (__fini_array_start = .)
 *(SORT_BY_NAME(.fini_array.*))
 *(.fini_array*)
 .fini_array    0x000000000800770c        0x4 c:/st/stm32cubeide_1.12.1/stm32cubeide/plugins/com.st.stm32cube.ide.mcu.externaltools.gnu-tools-for-stm32.10.3-2021.10.win32_1.0.200.202301161003/tools/bin/../lib/gcc/arm-none-eabi/10.3.1/thumb/v8-m.main+fp/hard/crtbegin.o
                [!provide]                        PROVIDE (__fini_array_end = .)
                0x0000000008007710                . = ALIGN (0x4)
                0x0000000008007710                _sidata = LOADADDR (.data)

.data           0x0000000020000000       0x88 load address 0x0000000008007710
                0x0000000020000000                . = ALIGN (0x4)
                0x0000000020000000                _sdata = .
 *(.data)
 *(.data*)
 .data._ZL12MAG_REPZ_REG
                0x0000000020000000        0x1 ./Core/Src/LOS_D_BMX160.o
 .data._ZL13MAG_REPXY_REG
                0x0000000020000001        0x1 ./Core/Src/LOS_D_BMX160.o
 .data._ZL12MAG_MODE_REG
                0x0000000020000002        0x1 ./Core/Src/LOS_D_BMX160.o
 .data._ZL19ACC_NORMAL_MODE_CMD
                0x0000000020000003        0x1 ./Core/Src/LOS_D_BMX160.o
 .data._ZL20GYRO_NORMAL_MODE_CMD
                0x0000000020000004        0x1 ./Core/Src/LOS_D_BMX160.o
 .data._ZL19MAG_NORMAL_MODE_CMD
                0x0000000020000005        0x1 ./Core/Src/LOS_D_BMX160.o
 .data._ZL12ACC_RANGE_8G
                0x0000000020000006        0x1 ./Core/Src/LOS_D_BMX160.o
 .data._ZL17GYR_SELF_TEST_CMD
                0x0000000020000007        0x1 ./Core/Src/LOS_D_BMX160.o
 .data._ZL16ACC_ODR_800_OSR4
                0x0000000020000008        0x1 ./Core/Src/LOS_D_BMX160.o
 .data._ZL15GYRO_RANGE_1000
                0x0000000020000009        0x1 ./Core/Src/LOS_D_BMX160.o
 .data._ZL17GYRO_ODR_800_OSR4
                0x000000002000000a        0x1 ./Core/Src/LOS_D_BMX160.o
 .data._ZL12MAG_SETUP_EN
                0x000000002000000b        0x1 ./Core/Src/LOS_D_BMX160.o
 .data._ZL21REP_XY_REGULAR_PRESET
                0x000000002000000c        0x1 ./Core/Src/LOS_D_BMX160.o
 .data._ZL20REP_Z_REGULAR_PRESET
                0x000000002000000d        0x1 ./Core/Src/LOS_D_BMX160.o
 .data._ZL18MAG_IF_3_DATA_MODE
                0x000000002000000e        0x1 ./Core/Src/LOS_D_BMX160.o
 .data._ZL18MAG_IF_2_DATA_MODE
                0x000000002000000f        0x1 ./Core/Src/LOS_D_BMX160.o
 .data._ZL18MAG_IF_1_DATA_MODE
                0x0000000020000010        0x1 ./Core/Src/LOS_D_BMX160.o
 .data._ZL17MAG_REFRESH_50_HZ
                0x0000000020000011        0x1 ./Core/Src/LOS_D_BMX160.o
 .data._ZL14MAG_SLEEP_MODE
                0x0000000020000012        0x1 ./Core/Src/LOS_D_BMX160.o
 *fill*         0x0000000020000013        0x1 
 .data.SystemCoreClock
                0x0000000020000014        0x4 ./Core/Src/system_stm32l5xx.o
                0x0000000020000014                SystemCoreClock
 .data.uwTickPrio
                0x0000000020000018        0x4 ./Drivers/STM32L5xx_HAL_Driver/Src/stm32l5xx_hal.o
                0x0000000020000018                uwTickPrio
 .data.uwTickFreq
                0x000000002000001c        0x1 ./Drivers/STM32L5xx_HAL_Driver/Src/stm32l5xx_hal.o
                0x000000002000001c                uwTickFreq
 *fill*         0x000000002000001d        0x3 
 .data._ZN10__cxxabiv119__terminate_handlerE
                0x0000000020000020        0x4 c:/st/stm32cubeide_1.12.1/stm32cubeide/plugins/com.st.stm32cube.ide.mcu.externaltools.gnu-tools-for-stm32.10.3-2021.10.win32_1.0.200.202301161003/tools/bin/../lib/gcc/arm-none-eabi/10.3.1/../../../../arm-none-eabi/lib/thumb/v8-m.main+fp/hard\libstdc++_nano.a(eh_term_handler.o)
                0x0000000020000020                __cxxabiv1::__terminate_handler
 .data._impure_ptr
                0x0000000020000024        0x4 c:/st/stm32cubeide_1.12.1/stm32cubeide/plugins/com.st.stm32cube.ide.mcu.externaltools.gnu-tools-for-stm32.10.3-2021.10.win32_1.0.200.202301161003/tools/bin/../lib/gcc/arm-none-eabi/10.3.1/../../../../arm-none-eabi/lib/thumb/v8-m.main+fp/hard\libc_nano.a(lib_a-impure.o)
                0x0000000020000024                _impure_ptr
 .data.impure_data
                0x0000000020000028       0x60 c:/st/stm32cubeide_1.12.1/stm32cubeide/plugins/com.st.stm32cube.ide.mcu.externaltools.gnu-tools-for-stm32.10.3-2021.10.win32_1.0.200.202301161003/tools/bin/../lib/gcc/arm-none-eabi/10.3.1/../../../../arm-none-eabi/lib/thumb/v8-m.main+fp/hard\libc_nano.a(lib_a-impure.o)
 *(.RamFunc)
 *(.RamFunc*)
                0x0000000020000088                . = ALIGN (0x4)
                0x0000000020000088                _edata = .

.igot.plt       0x0000000020000088        0x0 load address 0x0000000008007798
 .igot.plt      0x0000000020000088        0x0 c:/st/stm32cubeide_1.12.1/stm32cubeide/plugins/com.st.stm32cube.ide.mcu.externaltools.gnu-tools-for-stm32.10.3-2021.10.win32_1.0.200.202301161003/tools/bin/../lib/gcc/arm-none-eabi/10.3.1/thumb/v8-m.main+fp/hard/crtbegin.o
                0x0000000020000088                . = ALIGN (0x4)

.bss            0x0000000020000088      0x508 load address 0x0000000008007798
                0x0000000020000088                _sbss = .
                0x0000000020000088                __bss_start__ = _sbss
 *(.bss)
 .bss           0x0000000020000088       0x1c c:/st/stm32cubeide_1.12.1/stm32cubeide/plugins/com.st.stm32cube.ide.mcu.externaltools.gnu-tools-for-stm32.10.3-2021.10.win32_1.0.200.202301161003/tools/bin/../lib/gcc/arm-none-eabi/10.3.1/thumb/v8-m.main+fp/hard/crtbegin.o
 *(.bss*)
 .bss._ZL13MAG_SETUP_DIS
                0x00000000200000a4        0x1 ./Core/Src/LOS_D_BMX160.o
 *fill*         0x00000000200000a5        0x3 
 .bss._ZZN6BMX16011getInstanceEvE9singleton
                0x00000000200000a8       0x70 ./Core/Src/LOS_D_BMX160.o
 .bss._ZGVZN6BMX16011getInstanceEvE9singleton
                0x0000000020000118        0x4 ./Core/Src/LOS_D_BMX160.o
 .bss.hadc1     0x000000002000011c       0x68 ./Core/Src/adc.o
                0x000000002000011c                hadc1
 .bss.hi2c2     0x0000000020000184       0x54 ./Core/Src/i2c.o
                0x0000000020000184                hi2c2
 .bss.hrtc      0x00000000200001d8       0x28 ./Core/Src/rtc.o
                0x00000000200001d8                hrtc
 .bss.hlpuart1  0x0000000020000200       0x94 ./Core/Src/usart.o
                0x0000000020000200                hlpuart1
 .bss.hpcd_USB_FS
                0x0000000020000294      0x2f4 ./Core/Src/usb.o
                0x0000000020000294                hpcd_USB_FS
 .bss.uwTick    0x0000000020000588        0x4 ./Drivers/STM32L5xx_HAL_Driver/Src/stm32l5xx_hal.o
                0x0000000020000588                uwTick
 .bss.errno     0x000000002000058c        0x4 c:/st/stm32cubeide_1.12.1/stm32cubeide/plugins/com.st.stm32cube.ide.mcu.externaltools.gnu-tools-for-stm32.10.3-2021.10.win32_1.0.200.202301161003/tools/bin/../lib/gcc/arm-none-eabi/10.3.1/../../../../arm-none-eabi/lib/thumb/v8-m.main+fp/hard\libc_nano.a(lib_a-reent.o)
                0x000000002000058c                errno
 *(COMMON)
                0x0000000020000590                . = ALIGN (0x4)
                0x0000000020000590                _ebss = .
                0x0000000020000590                __bss_end__ = _ebss

._user_heap_stack
                0x0000000020000590      0x600 load address 0x0000000008007798
                0x0000000020000590                . = ALIGN (0x8)
                [!provide]                        PROVIDE (end = .)
                0x0000000020000590                PROVIDE (_end = .)
                0x0000000020000790                . = (. + _Min_Heap_Size)
 *fill*         0x0000000020000590      0x200 
                0x0000000020000b90                . = (. + _Min_Stack_Size)
 *fill*         0x0000000020000790      0x400 
                0x0000000020000b90                . = ALIGN (0x8)

/DISCARD/
 libc.a(*)
 libm.a(*)
 libgcc.a(*)

.ARM.attributes
                0x0000000000000000       0x36
 *(.ARM.attributes)
 .ARM.attributes
                0x0000000000000000       0x22 c:/st/stm32cubeide_1.12.1/stm32cubeide/plugins/com.st.stm32cube.ide.mcu.externaltools.gnu-tools-for-stm32.10.3-2021.10.win32_1.0.200.202301161003/tools/bin/../lib/gcc/arm-none-eabi/10.3.1/thumb/v8-m.main+fp/hard/crti.o
 .ARM.attributes
                0x0000000000000022       0x38 c:/st/stm32cubeide_1.12.1/stm32cubeide/plugins/com.st.stm32cube.ide.mcu.externaltools.gnu-tools-for-stm32.10.3-2021.10.win32_1.0.200.202301161003/tools/bin/../lib/gcc/arm-none-eabi/10.3.1/thumb/v8-m.main+fp/hard/crtbegin.o
 .ARM.attributes
                0x000000000000005a       0x3a ./Core/Src/LOS_D_BMX160.o
 .ARM.attributes
                0x0000000000000094       0x3a ./Core/Src/adc.o
 .ARM.attributes
                0x00000000000000ce       0x3a ./Core/Src/gpio.o
 .ARM.attributes
                0x0000000000000108       0x3a ./Core/Src/i2c.o
 .ARM.attributes
                0x0000000000000142       0x3a ./Core/Src/main.o
 .ARM.attributes
                0x000000000000017c       0x3a ./Core/Src/rtc.o
 .ARM.attributes
                0x00000000000001b6       0x3a ./Core/Src/stm32l5xx_hal_msp.o
 .ARM.attributes
                0x00000000000001f0       0x3a ./Core/Src/stm32l5xx_it.o
 .ARM.attributes
                0x000000000000022a       0x3a ./Core/Src/syscalls.o
 .ARM.attributes
                0x0000000000000264       0x3a ./Core/Src/system_stm32l5xx.o
 .ARM.attributes
                0x000000000000029e       0x3a ./Core/Src/ucpd.o
 .ARM.attributes
                0x00000000000002d8       0x3a ./Core/Src/usart.o
 .ARM.attributes
                0x0000000000000312       0x3a ./Core/Src/usb.o
 .ARM.attributes
                0x000000000000034c       0x24 ./Core/Startup/startup_stm32l552zetxq.o
 .ARM.attributes
                0x0000000000000370       0x3a ./Drivers/STM32L5xx_HAL_Driver/Src/stm32l5xx_hal.o
 .ARM.attributes
                0x00000000000003aa       0x3a ./Drivers/STM32L5xx_HAL_Driver/Src/stm32l5xx_hal_adc.o
 .ARM.attributes
                0x00000000000003e4       0x3a ./Drivers/STM32L5xx_HAL_Driver/Src/stm32l5xx_hal_adc_ex.o
 .ARM.attributes
                0x000000000000041e       0x3a ./Drivers/STM32L5xx_HAL_Driver/Src/stm32l5xx_hal_cortex.o
 .ARM.attributes
                0x0000000000000458       0x3a ./Drivers/STM32L5xx_HAL_Driver/Src/stm32l5xx_hal_gpio.o
 .ARM.attributes
                0x0000000000000492       0x3a ./Drivers/STM32L5xx_HAL_Driver/Src/stm32l5xx_hal_i2c.o
 .ARM.attributes
                0x00000000000004cc       0x3a ./Drivers/STM32L5xx_HAL_Driver/Src/stm32l5xx_hal_i2c_ex.o
 .ARM.attributes
                0x0000000000000506       0x3a ./Drivers/STM32L5xx_HAL_Driver/Src/stm32l5xx_hal_pcd.o
 .ARM.attributes
                0x0000000000000540       0x3a ./Drivers/STM32L5xx_HAL_Driver/Src/stm32l5xx_hal_pcd_ex.o
 .ARM.attributes
                0x000000000000057a       0x3a ./Drivers/STM32L5xx_HAL_Driver/Src/stm32l5xx_hal_pwr.o
 .ARM.attributes
                0x00000000000005b4       0x3a ./Drivers/STM32L5xx_HAL_Driver/Src/stm32l5xx_hal_pwr_ex.o
 .ARM.attributes
                0x00000000000005ee       0x3a ./Drivers/STM32L5xx_HAL_Driver/Src/stm32l5xx_hal_rcc.o
 .ARM.attributes
                0x0000000000000628       0x3a ./Drivers/STM32L5xx_HAL_Driver/Src/stm32l5xx_hal_rcc_ex.o
 .ARM.attributes
                0x0000000000000662       0x3a ./Drivers/STM32L5xx_HAL_Driver/Src/stm32l5xx_hal_rtc.o
 .ARM.attributes
                0x000000000000069c       0x3a ./Drivers/STM32L5xx_HAL_Driver/Src/stm32l5xx_hal_rtc_ex.o
 .ARM.attributes
                0x00000000000006d6       0x3a ./Drivers/STM32L5xx_HAL_Driver/Src/stm32l5xx_hal_uart.o
 .ARM.attributes
                0x0000000000000710       0x3a ./Drivers/STM32L5xx_HAL_Driver/Src/stm32l5xx_hal_uart_ex.o
 .ARM.attributes
                0x000000000000074a       0x3a ./Drivers/STM32L5xx_HAL_Driver/Src/stm32l5xx_ll_gpio.o
 .ARM.attributes
                0x0000000000000784       0x3a ./Drivers/STM32L5xx_HAL_Driver/Src/stm32l5xx_ll_usb.o
 .ARM.attributes
                0x00000000000007be       0x38 c:/st/stm32cubeide_1.12.1/stm32cubeide/plugins/com.st.stm32cube.ide.mcu.externaltools.gnu-tools-for-stm32.10.3-2021.10.win32_1.0.200.202301161003/tools/bin/../lib/gcc/arm-none-eabi/10.3.1/../../../../arm-none-eabi/lib/thumb/v8-m.main+fp/hard\libstdc++_nano.a(guard.o)
 .ARM.attributes
                0x00000000000007f6       0x38 c:/st/stm32cubeide_1.12.1/stm32cubeide/plugins/com.st.stm32cube.ide.mcu.externaltools.gnu-tools-for-stm32.10.3-2021.10.win32_1.0.200.202301161003/tools/bin/../lib/gcc/arm-none-eabi/10.3.1/../../../../arm-none-eabi/lib/thumb/v8-m.main+fp/hard\libstdc++_nano.a(pure.o)
 .ARM.attributes
                0x000000000000082e       0x38 c:/st/stm32cubeide_1.12.1/stm32cubeide/plugins/com.st.stm32cube.ide.mcu.externaltools.gnu-tools-for-stm32.10.3-2021.10.win32_1.0.200.202301161003/tools/bin/../lib/gcc/arm-none-eabi/10.3.1/../../../../arm-none-eabi/lib/thumb/v8-m.main+fp/hard\libstdc++_nano.a(eh_terminate.o)
 .ARM.attributes
                0x0000000000000866       0x38 c:/st/stm32cubeide_1.12.1/stm32cubeide/plugins/com.st.stm32cube.ide.mcu.externaltools.gnu-tools-for-stm32.10.3-2021.10.win32_1.0.200.202301161003/tools/bin/../lib/gcc/arm-none-eabi/10.3.1/../../../../arm-none-eabi/lib/thumb/v8-m.main+fp/hard\libstdc++_nano.a(eh_term_handler.o)
 .ARM.attributes
                0x000000000000089e       0x38 c:/st/stm32cubeide_1.12.1/stm32cubeide/plugins/com.st.stm32cube.ide.mcu.externaltools.gnu-tools-for-stm32.10.3-2021.10.win32_1.0.200.202301161003/tools/bin/../lib/gcc/arm-none-eabi/10.3.1/../../../../arm-none-eabi/lib/thumb/v8-m.main+fp/hard\libc_nano.a(lib_a-abort.o)
 .ARM.attributes
                0x00000000000008d6       0x38 c:/st/stm32cubeide_1.12.1/stm32cubeide/plugins/com.st.stm32cube.ide.mcu.externaltools.gnu-tools-for-stm32.10.3-2021.10.win32_1.0.200.202301161003/tools/bin/../lib/gcc/arm-none-eabi/10.3.1/../../../../arm-none-eabi/lib/thumb/v8-m.main+fp/hard\libc_nano.a(lib_a-errno.o)
 .ARM.attributes
                0x000000000000090e       0x38 c:/st/stm32cubeide_1.12.1/stm32cubeide/plugins/com.st.stm32cube.ide.mcu.externaltools.gnu-tools-for-stm32.10.3-2021.10.win32_1.0.200.202301161003/tools/bin/../lib/gcc/arm-none-eabi/10.3.1/../../../../arm-none-eabi/lib/thumb/v8-m.main+fp/hard\libc_nano.a(lib_a-impure.o)
 .ARM.attributes
                0x0000000000000946       0x38 c:/st/stm32cubeide_1.12.1/stm32cubeide/plugins/com.st.stm32cube.ide.mcu.externaltools.gnu-tools-for-stm32.10.3-2021.10.win32_1.0.200.202301161003/tools/bin/../lib/gcc/arm-none-eabi/10.3.1/../../../../arm-none-eabi/lib/thumb/v8-m.main+fp/hard\libc_nano.a(lib_a-init.o)
 .ARM.attributes
                0x000000000000097e       0x38 c:/st/stm32cubeide_1.12.1/stm32cubeide/plugins/com.st.stm32cube.ide.mcu.externaltools.gnu-tools-for-stm32.10.3-2021.10.win32_1.0.200.202301161003/tools/bin/../lib/gcc/arm-none-eabi/10.3.1/../../../../arm-none-eabi/lib/thumb/v8-m.main+fp/hard\libc_nano.a(lib_a-memset.o)
 .ARM.attributes
                0x00000000000009b6       0x38 c:/st/stm32cubeide_1.12.1/stm32cubeide/plugins/com.st.stm32cube.ide.mcu.externaltools.gnu-tools-for-stm32.10.3-2021.10.win32_1.0.200.202301161003/tools/bin/../lib/gcc/arm-none-eabi/10.3.1/../../../../arm-none-eabi/lib/thumb/v8-m.main+fp/hard\libc_nano.a(lib_a-signal.o)
 .ARM.attributes
                0x00000000000009ee       0x38 c:/st/stm32cubeide_1.12.1/stm32cubeide/plugins/com.st.stm32cube.ide.mcu.externaltools.gnu-tools-for-stm32.10.3-2021.10.win32_1.0.200.202301161003/tools/bin/../lib/gcc/arm-none-eabi/10.3.1/../../../../arm-none-eabi/lib/thumb/v8-m.main+fp/hard\libc_nano.a(lib_a-signalr.o)
 .ARM.attributes
                0x0000000000000a26       0x38 c:/st/stm32cubeide_1.12.1/stm32cubeide/plugins/com.st.stm32cube.ide.mcu.externaltools.gnu-tools-for-stm32.10.3-2021.10.win32_1.0.200.202301161003/tools/bin/../lib/gcc/arm-none-eabi/10.3.1/../../../../arm-none-eabi/lib/thumb/v8-m.main+fp/hard\libc_nano.a(lib_a-reent.o)
 .ARM.attributes
                0x0000000000000a5e       0x22 c:/st/stm32cubeide_1.12.1/stm32cubeide/plugins/com.st.stm32cube.ide.mcu.externaltools.gnu-tools-for-stm32.10.3-2021.10.win32_1.0.200.202301161003/tools/bin/../lib/gcc/arm-none-eabi/10.3.1/thumb/v8-m.main+fp/hard\libgcc.a(_arm_addsubdf3.o)
 .ARM.attributes
                0x0000000000000a80       0x22 c:/st/stm32cubeide_1.12.1/stm32cubeide/plugins/com.st.stm32cube.ide.mcu.externaltools.gnu-tools-for-stm32.10.3-2021.10.win32_1.0.200.202301161003/tools/bin/../lib/gcc/arm-none-eabi/10.3.1/thumb/v8-m.main+fp/hard\libgcc.a(_arm_muldivdf3.o)
 .ARM.attributes
                0x0000000000000aa2       0x22 c:/st/stm32cubeide_1.12.1/stm32cubeide/plugins/com.st.stm32cube.ide.mcu.externaltools.gnu-tools-for-stm32.10.3-2021.10.win32_1.0.200.202301161003/tools/bin/../lib/gcc/arm-none-eabi/10.3.1/thumb/v8-m.main+fp/hard\libgcc.a(_aeabi_uldivmod.o)
 .ARM.attributes
                0x0000000000000ac4       0x38 c:/st/stm32cubeide_1.12.1/stm32cubeide/plugins/com.st.stm32cube.ide.mcu.externaltools.gnu-tools-for-stm32.10.3-2021.10.win32_1.0.200.202301161003/tools/bin/../lib/gcc/arm-none-eabi/10.3.1/thumb/v8-m.main+fp/hard\libgcc.a(_udivmoddi4.o)
 .ARM.attributes
                0x0000000000000afc       0x22 c:/st/stm32cubeide_1.12.1/stm32cubeide/plugins/com.st.stm32cube.ide.mcu.externaltools.gnu-tools-for-stm32.10.3-2021.10.win32_1.0.200.202301161003/tools/bin/../lib/gcc/arm-none-eabi/10.3.1/thumb/v8-m.main+fp/hard\libgcc.a(_dvmd_tls.o)
 .ARM.attributes
                0x0000000000000b1e       0x22 c:/st/stm32cubeide_1.12.1/stm32cubeide/plugins/com.st.stm32cube.ide.mcu.externaltools.gnu-tools-for-stm32.10.3-2021.10.win32_1.0.200.202301161003/tools/bin/../lib/gcc/arm-none-eabi/10.3.1/thumb/v8-m.main+fp/hard/crtn.o
OUTPUT(BMXtest.elf elf32-littlearm)
LOAD linker stubs
LOAD c:/st/stm32cubeide_1.12.1/stm32cubeide/plugins/com.st.stm32cube.ide.mcu.externaltools.gnu-tools-for-stm32.10.3-2021.10.win32_1.0.200.202301161003/tools/bin/../lib/gcc/arm-none-eabi/10.3.1/../../../../arm-none-eabi/lib/thumb/v8-m.main+fp/hard\libc.a
LOAD c:/st/stm32cubeide_1.12.1/stm32cubeide/plugins/com.st.stm32cube.ide.mcu.externaltools.gnu-tools-for-stm32.10.3-2021.10.win32_1.0.200.202301161003/tools/bin/../lib/gcc/arm-none-eabi/10.3.1/../../../../arm-none-eabi/lib/thumb/v8-m.main+fp/hard\libm.a
LOAD c:/st/stm32cubeide_1.12.1/stm32cubeide/plugins/com.st.stm32cube.ide.mcu.externaltools.gnu-tools-for-stm32.10.3-2021.10.win32_1.0.200.202301161003/tools/bin/../lib/gcc/arm-none-eabi/10.3.1/thumb/v8-m.main+fp/hard\libgcc.a

.debug_info     0x0000000000000000    0x22ec1
 .debug_info    0x0000000000000000     0x1f74 ./Core/Src/LOS_D_BMX160.o
 .debug_info    0x0000000000001f74     0x11a9 ./Core/Src/adc.o
 .debug_info    0x000000000000311d      0x63f ./Core/Src/gpio.o
 .debug_info    0x000000000000375c      0xf8e ./Core/Src/i2c.o
 .debug_info    0x00000000000046ea      0x9ff ./Core/Src/main.o
 .debug_info    0x00000000000050e9      0xa5d ./Core/Src/rtc.o
 .debug_info    0x0000000000005b46      0x424 ./Core/Src/stm32l5xx_hal_msp.o
 .debug_info    0x0000000000005f6a      0x166 ./Core/Src/stm32l5xx_it.o
 .debug_info    0x00000000000060d0      0x6e0 ./Core/Src/syscalls.o
 .debug_info    0x00000000000067b0      0x7fc ./Core/Src/system_stm32l5xx.o
 .debug_info    0x0000000000006fac      0x5f5 ./Core/Src/ucpd.o
 .debug_info    0x00000000000075a1     0x1046 ./Core/Src/usart.o
 .debug_info    0x00000000000085e7      0xdea ./Core/Src/usb.o
 .debug_info    0x00000000000093d1       0x22 ./Core/Startup/startup_stm32l552zetxq.o
 .debug_info    0x00000000000093f3      0xd43 ./Drivers/STM32L5xx_HAL_Driver/Src/stm32l5xx_hal.o
 .debug_info    0x000000000000a136     0x2026 ./Drivers/STM32L5xx_HAL_Driver/Src/stm32l5xx_hal_adc.o
 .debug_info    0x000000000000c15c     0x1da4 ./Drivers/STM32L5xx_HAL_Driver/Src/stm32l5xx_hal_adc_ex.o
 .debug_info    0x000000000000df00     0x1177 ./Drivers/STM32L5xx_HAL_Driver/Src/stm32l5xx_hal_cortex.o
 .debug_info    0x000000000000f077      0x655 ./Drivers/STM32L5xx_HAL_Driver/Src/stm32l5xx_hal_gpio.o
 .debug_info    0x000000000000f6cc     0x23b4 ./Drivers/STM32L5xx_HAL_Driver/Src/stm32l5xx_hal_i2c.o
 .debug_info    0x0000000000011a80      0xc90 ./Drivers/STM32L5xx_HAL_Driver/Src/stm32l5xx_hal_i2c_ex.o
 .debug_info    0x0000000000012710     0x1714 ./Drivers/STM32L5xx_HAL_Driver/Src/stm32l5xx_hal_pcd.o
 .debug_info    0x0000000000013e24      0x882 ./Drivers/STM32L5xx_HAL_Driver/Src/stm32l5xx_hal_pcd_ex.o
 .debug_info    0x00000000000146a6      0xd12 ./Drivers/STM32L5xx_HAL_Driver/Src/stm32l5xx_hal_pwr.o
 .debug_info    0x00000000000153b8      0xdf9 ./Drivers/STM32L5xx_HAL_Driver/Src/stm32l5xx_hal_pwr_ex.o
 .debug_info    0x00000000000161b1     0x1083 ./Drivers/STM32L5xx_HAL_Driver/Src/stm32l5xx_hal_rcc.o
 .debug_info    0x0000000000017234     0x121a ./Drivers/STM32L5xx_HAL_Driver/Src/stm32l5xx_hal_rcc_ex.o
 .debug_info    0x000000000001844e     0x1079 ./Drivers/STM32L5xx_HAL_Driver/Src/stm32l5xx_hal_rtc.o
 .debug_info    0x00000000000194c7     0x1b9b ./Drivers/STM32L5xx_HAL_Driver/Src/stm32l5xx_hal_rtc_ex.o
 .debug_info    0x000000000001b062     0x4ba2 ./Drivers/STM32L5xx_HAL_Driver/Src/stm32l5xx_hal_uart.o
 .debug_info    0x000000000001fc04     0x10a8 ./Drivers/STM32L5xx_HAL_Driver/Src/stm32l5xx_hal_uart_ex.o
 .debug_info    0x0000000000020cac      0xaec ./Drivers/STM32L5xx_HAL_Driver/Src/stm32l5xx_ll_gpio.o
 .debug_info    0x0000000000021798     0x1729 ./Drivers/STM32L5xx_HAL_Driver/Src/stm32l5xx_ll_usb.o

.debug_abbrev   0x0000000000000000     0x4831
 .debug_abbrev  0x0000000000000000      0x51f ./Core/Src/LOS_D_BMX160.o
 .debug_abbrev  0x000000000000051f      0x207 ./Core/Src/adc.o
 .debug_abbrev  0x0000000000000726      0x180 ./Core/Src/gpio.o
 .debug_abbrev  0x00000000000008a6      0x229 ./Core/Src/i2c.o
 .debug_abbrev  0x0000000000000acf      0x28f ./Core/Src/main.o
 .debug_abbrev  0x0000000000000d5e      0x1d1 ./Core/Src/rtc.o
 .debug_abbrev  0x0000000000000f2f       0xec ./Core/Src/stm32l5xx_hal_msp.o
 .debug_abbrev  0x000000000000101b       0xad ./Core/Src/stm32l5xx_it.o
 .debug_abbrev  0x00000000000010c8      0x1b3 ./Core/Src/syscalls.o
 .debug_abbrev  0x000000000000127b      0x127 ./Core/Src/system_stm32l5xx.o
 .debug_abbrev  0x00000000000013a2      0x1b1 ./Core/Src/ucpd.o
 .debug_abbrev  0x0000000000001553      0x231 ./Core/Src/usart.o
 .debug_abbrev  0x0000000000001784      0x224 ./Core/Src/usb.o
 .debug_abbrev  0x00000000000019a8       0x12 ./Core/Startup/startup_stm32l552zetxq.o
 .debug_abbrev  0x00000000000019ba      0x2c3 ./Drivers/STM32L5xx_HAL_Driver/Src/stm32l5xx_hal.o
 .debug_abbrev  0x0000000000001c7d      0x2b6 ./Drivers/STM32L5xx_HAL_Driver/Src/stm32l5xx_hal_adc.o
 .debug_abbrev  0x0000000000001f33      0x2da ./Drivers/STM32L5xx_HAL_Driver/Src/stm32l5xx_hal_adc_ex.o
 .debug_abbrev  0x000000000000220d      0x31d ./Drivers/STM32L5xx_HAL_Driver/Src/stm32l5xx_hal_cortex.o
 .debug_abbrev  0x000000000000252a      0x1b2 ./Drivers/STM32L5xx_HAL_Driver/Src/stm32l5xx_hal_gpio.o
 .debug_abbrev  0x00000000000026dc      0x243 ./Drivers/STM32L5xx_HAL_Driver/Src/stm32l5xx_hal_i2c.o
 .debug_abbrev  0x000000000000291f      0x1d0 ./Drivers/STM32L5xx_HAL_Driver/Src/stm32l5xx_hal_i2c_ex.o
 .debug_abbrev  0x0000000000002aef      0x2a4 ./Drivers/STM32L5xx_HAL_Driver/Src/stm32l5xx_hal_pcd.o
 .debug_abbrev  0x0000000000002d93      0x21d ./Drivers/STM32L5xx_HAL_Driver/Src/stm32l5xx_hal_pcd_ex.o
 .debug_abbrev  0x0000000000002fb0      0x1fa ./Drivers/STM32L5xx_HAL_Driver/Src/stm32l5xx_hal_pwr.o
 .debug_abbrev  0x00000000000031aa      0x283 ./Drivers/STM32L5xx_HAL_Driver/Src/stm32l5xx_hal_pwr_ex.o
 .debug_abbrev  0x000000000000342d      0x2ee ./Drivers/STM32L5xx_HAL_Driver/Src/stm32l5xx_hal_rcc.o
 .debug_abbrev  0x000000000000371b      0x2b9 ./Drivers/STM32L5xx_HAL_Driver/Src/stm32l5xx_hal_rcc_ex.o
 .debug_abbrev  0x00000000000039d4      0x1ff ./Drivers/STM32L5xx_HAL_Driver/Src/stm32l5xx_hal_rtc.o
 .debug_abbrev  0x0000000000003bd3      0x21f ./Drivers/STM32L5xx_HAL_Driver/Src/stm32l5xx_hal_rtc_ex.o
 .debug_abbrev  0x0000000000003df2      0x310 ./Drivers/STM32L5xx_HAL_Driver/Src/stm32l5xx_hal_uart.o
 .debug_abbrev  0x0000000000004102      0x2bd ./Drivers/STM32L5xx_HAL_Driver/Src/stm32l5xx_hal_uart_ex.o
 .debug_abbrev  0x00000000000043bf      0x243 ./Drivers/STM32L5xx_HAL_Driver/Src/stm32l5xx_ll_gpio.o
 .debug_abbrev  0x0000000000004602      0x22f ./Drivers/STM32L5xx_HAL_Driver/Src/stm32l5xx_ll_usb.o

.debug_aranges  0x0000000000000000     0x19d8
 .debug_aranges
                0x0000000000000000       0xa0 ./Core/Src/LOS_D_BMX160.o
 .debug_aranges
                0x00000000000000a0       0x30 ./Core/Src/adc.o
 .debug_aranges
                0x00000000000000d0       0x20 ./Core/Src/gpio.o
 .debug_aranges
                0x00000000000000f0       0x30 ./Core/Src/i2c.o
 .debug_aranges
                0x0000000000000120       0x30 ./Core/Src/main.o
 .debug_aranges
                0x0000000000000150       0x30 ./Core/Src/rtc.o
 .debug_aranges
                0x0000000000000180       0x20 ./Core/Src/stm32l5xx_hal_msp.o
 .debug_aranges
                0x00000000000001a0       0x60 ./Core/Src/stm32l5xx_it.o
 .debug_aranges
                0x0000000000000200       0xa8 ./Core/Src/syscalls.o
 .debug_aranges
                0x00000000000002a8       0x28 ./Core/Src/system_stm32l5xx.o
 .debug_aranges
                0x00000000000002d0       0x30 ./Core/Src/ucpd.o
 .debug_aranges
                0x0000000000000300       0x30 ./Core/Src/usart.o
 .debug_aranges
                0x0000000000000330       0x30 ./Core/Src/usb.o
 .debug_aranges
                0x0000000000000360       0x28 ./Core/Startup/startup_stm32l552zetxq.o
 .debug_aranges
                0x0000000000000388      0x130 ./Drivers/STM32L5xx_HAL_Driver/Src/stm32l5xx_hal.o
 .debug_aranges
                0x00000000000004b8      0x228 ./Drivers/STM32L5xx_HAL_Driver/Src/stm32l5xx_hal_adc.o
 .debug_aranges
                0x00000000000006e0      0x1b0 ./Drivers/STM32L5xx_HAL_Driver/Src/stm32l5xx_hal_adc_ex.o
 .debug_aranges
                0x0000000000000890      0x130 ./Drivers/STM32L5xx_HAL_Driver/Src/stm32l5xx_hal_cortex.o
 .debug_aranges
                0x00000000000009c0       0x60 ./Drivers/STM32L5xx_HAL_Driver/Src/stm32l5xx_hal_gpio.o
 .debug_aranges
                0x0000000000000a20      0x2a0 ./Drivers/STM32L5xx_HAL_Driver/Src/stm32l5xx_hal_i2c.o
 .debug_aranges
                0x0000000000000cc0       0x48 ./Drivers/STM32L5xx_HAL_Driver/Src/stm32l5xx_hal_i2c_ex.o
 .debug_aranges
                0x0000000000000d08      0x138 ./Drivers/STM32L5xx_HAL_Driver/Src/stm32l5xx_hal_pcd.o
 .debug_aranges
                0x0000000000000e40       0x58 ./Drivers/STM32L5xx_HAL_Driver/Src/stm32l5xx_hal_pcd_ex.o
 .debug_aranges
                0x0000000000000e98       0xa8 ./Drivers/STM32L5xx_HAL_Driver/Src/stm32l5xx_hal_pwr.o
 .debug_aranges
                0x0000000000000f40      0x1b8 ./Drivers/STM32L5xx_HAL_Driver/Src/stm32l5xx_hal_pwr_ex.o
 .debug_aranges
                0x00000000000010f8       0xa8 ./Drivers/STM32L5xx_HAL_Driver/Src/stm32l5xx_hal_rcc.o
 .debug_aranges
                0x00000000000011a0      0x118 ./Drivers/STM32L5xx_HAL_Driver/Src/stm32l5xx_hal_rcc_ex.o
 .debug_aranges
                0x00000000000012b8       0xe8 ./Drivers/STM32L5xx_HAL_Driver/Src/stm32l5xx_hal_rtc.o
 .debug_aranges
                0x00000000000013a0      0x220 ./Drivers/STM32L5xx_HAL_Driver/Src/stm32l5xx_hal_rtc_ex.o
 .debug_aranges
                0x00000000000015c0      0x248 ./Drivers/STM32L5xx_HAL_Driver/Src/stm32l5xx_hal_uart.o
 .debug_aranges
                0x0000000000001808       0xa8 ./Drivers/STM32L5xx_HAL_Driver/Src/stm32l5xx_hal_uart_ex.o
 .debug_aranges
                0x00000000000018b0       0x70 ./Drivers/STM32L5xx_HAL_Driver/Src/stm32l5xx_ll_gpio.o
 .debug_aranges
                0x0000000000001920       0xb8 ./Drivers/STM32L5xx_HAL_Driver/Src/stm32l5xx_ll_usb.o

.debug_ranges   0x0000000000000000     0x1800
 .debug_ranges  0x0000000000000000       0x90 ./Core/Src/LOS_D_BMX160.o
 .debug_ranges  0x0000000000000090       0x20 ./Core/Src/adc.o
 .debug_ranges  0x00000000000000b0       0x10 ./Core/Src/gpio.o
 .debug_ranges  0x00000000000000c0       0x20 ./Core/Src/i2c.o
 .debug_ranges  0x00000000000000e0       0x20 ./Core/Src/main.o
 .debug_ranges  0x0000000000000100       0x20 ./Core/Src/rtc.o
 .debug_ranges  0x0000000000000120       0x10 ./Core/Src/stm32l5xx_hal_msp.o
 .debug_ranges  0x0000000000000130       0x50 ./Core/Src/stm32l5xx_it.o
 .debug_ranges  0x0000000000000180       0x98 ./Core/Src/syscalls.o
 .debug_ranges  0x0000000000000218       0x18 ./Core/Src/system_stm32l5xx.o
 .debug_ranges  0x0000000000000230       0x20 ./Core/Src/ucpd.o
 .debug_ranges  0x0000000000000250       0x20 ./Core/Src/usart.o
 .debug_ranges  0x0000000000000270       0x20 ./Core/Src/usb.o
 .debug_ranges  0x0000000000000290       0x20 ./Core/Startup/startup_stm32l552zetxq.o
 .debug_ranges  0x00000000000002b0      0x120 ./Drivers/STM32L5xx_HAL_Driver/Src/stm32l5xx_hal.o
 .debug_ranges  0x00000000000003d0      0x218 ./Drivers/STM32L5xx_HAL_Driver/Src/stm32l5xx_hal_adc.o
 .debug_ranges  0x00000000000005e8      0x1a0 ./Drivers/STM32L5xx_HAL_Driver/Src/stm32l5xx_hal_adc_ex.o
 .debug_ranges  0x0000000000000788      0x120 ./Drivers/STM32L5xx_HAL_Driver/Src/stm32l5xx_hal_cortex.o
 .debug_ranges  0x00000000000008a8       0x50 ./Drivers/STM32L5xx_HAL_Driver/Src/stm32l5xx_hal_gpio.o
 .debug_ranges  0x00000000000008f8      0x290 ./Drivers/STM32L5xx_HAL_Driver/Src/stm32l5xx_hal_i2c.o
 .debug_ranges  0x0000000000000b88       0x38 ./Drivers/STM32L5xx_HAL_Driver/Src/stm32l5xx_hal_i2c_ex.o
 .debug_ranges  0x0000000000000bc0      0x128 ./Drivers/STM32L5xx_HAL_Driver/Src/stm32l5xx_hal_pcd.o
 .debug_ranges  0x0000000000000ce8       0x48 ./Drivers/STM32L5xx_HAL_Driver/Src/stm32l5xx_hal_pcd_ex.o
 .debug_ranges  0x0000000000000d30       0x98 ./Drivers/STM32L5xx_HAL_Driver/Src/stm32l5xx_hal_pwr.o
 .debug_ranges  0x0000000000000dc8      0x1a8 ./Drivers/STM32L5xx_HAL_Driver/Src/stm32l5xx_hal_pwr_ex.o
 .debug_ranges  0x0000000000000f70       0x98 ./Drivers/STM32L5xx_HAL_Driver/Src/stm32l5xx_hal_rcc.o
 .debug_ranges  0x0000000000001008      0x108 ./Drivers/STM32L5xx_HAL_Driver/Src/stm32l5xx_hal_rcc_ex.o
 .debug_ranges  0x0000000000001110       0xd8 ./Drivers/STM32L5xx_HAL_Driver/Src/stm32l5xx_hal_rtc.o
 .debug_ranges  0x00000000000011e8      0x210 ./Drivers/STM32L5xx_HAL_Driver/Src/stm32l5xx_hal_rtc_ex.o
 .debug_ranges  0x00000000000013f8      0x268 ./Drivers/STM32L5xx_HAL_Driver/Src/stm32l5xx_hal_uart.o
 .debug_ranges  0x0000000000001660       0x98 ./Drivers/STM32L5xx_HAL_Driver/Src/stm32l5xx_hal_uart_ex.o
 .debug_ranges  0x00000000000016f8       0x60 ./Drivers/STM32L5xx_HAL_Driver/Src/stm32l5xx_ll_gpio.o
 .debug_ranges  0x0000000000001758       0xa8 ./Drivers/STM32L5xx_HAL_Driver/Src/stm32l5xx_ll_usb.o

.debug_macro    0x0000000000000000    0x3321e
 .debug_macro   0x0000000000000000      0x49e ./Core/Src/LOS_D_BMX160.o
 .debug_macro   0x000000000000049e      0xb5c ./Core/Src/LOS_D_BMX160.o
 .debug_macro   0x0000000000000ffa       0x1c ./Core/Src/LOS_D_BMX160.o
 .debug_macro   0x0000000000001016       0x22 ./Core/Src/LOS_D_BMX160.o
 .debug_macro   0x0000000000001038       0x8e ./Core/Src/LOS_D_BMX160.o
 .debug_macro   0x00000000000010c6       0x51 ./Core/Src/LOS_D_BMX160.o
 .debug_macro   0x0000000000001117      0x103 ./Core/Src/LOS_D_BMX160.o
 .debug_macro   0x000000000000121a       0x6a ./Core/Src/LOS_D_BMX160.o
 .debug_macro   0x0000000000001284      0x1df ./Core/Src/LOS_D_BMX160.o
 .debug_macro   0x0000000000001463      0x1a2 ./Core/Src/LOS_D_BMX160.o
 .debug_macro   0x0000000000001605       0x2e ./Core/Src/LOS_D_BMX160.o
 .debug_macro   0x0000000000001633       0x42 ./Core/Src/LOS_D_BMX160.o
 .debug_macro   0x0000000000001675       0x1c ./Core/Src/LOS_D_BMX160.o
 .debug_macro   0x0000000000001691       0x29 ./Core/Src/LOS_D_BMX160.o
 .debug_macro   0x00000000000016ba       0xfb ./Core/Src/LOS_D_BMX160.o
 .debug_macro   0x00000000000017b5     0x1336 ./Core/Src/LOS_D_BMX160.o
 .debug_macro   0x0000000000002aeb       0x5e ./Core/Src/LOS_D_BMX160.o
 .debug_macro   0x0000000000002b49    0x1aca2 ./Core/Src/LOS_D_BMX160.o
 .debug_macro   0x000000000001d7eb       0x6c ./Core/Src/LOS_D_BMX160.o
 .debug_macro   0x000000000001d857     0x3535 ./Core/Src/LOS_D_BMX160.o
 .debug_macro   0x0000000000020d8c      0x17b ./Core/Src/LOS_D_BMX160.o
 .debug_macro   0x0000000000020f07       0x5c ./Core/Src/LOS_D_BMX160.o
 .debug_macro   0x0000000000020f63     0x1987 ./Core/Src/LOS_D_BMX160.o
 .debug_macro   0x00000000000228ea      0xa52 ./Core/Src/LOS_D_BMX160.o
 .debug_macro   0x000000000002333c      0x1cf ./Core/Src/LOS_D_BMX160.o
 .debug_macro   0x000000000002350b      0x1d8 ./Core/Src/LOS_D_BMX160.o
 .debug_macro   0x00000000000236e3      0x4e1 ./Core/Src/LOS_D_BMX160.o
 .debug_macro   0x0000000000023bc4      0x1ab ./Core/Src/LOS_D_BMX160.o
 .debug_macro   0x0000000000023d6f       0x4a ./Core/Src/LOS_D_BMX160.o
 .debug_macro   0x0000000000023db9      0x1b9 ./Core/Src/LOS_D_BMX160.o
 .debug_macro   0x0000000000023f72      0xecd ./Core/Src/LOS_D_BMX160.o
 .debug_macro   0x0000000000024e3f      0x608 ./Core/Src/LOS_D_BMX160.o
 .debug_macro   0x0000000000025447      0x2e9 ./Core/Src/LOS_D_BMX160.o
 .debug_macro   0x0000000000025730      0x230 ./Core/Src/LOS_D_BMX160.o
 .debug_macro   0x0000000000025960      0x3bb ./Core/Src/LOS_D_BMX160.o
 .debug_macro   0x0000000000025d1b       0x36 ./Core/Src/LOS_D_BMX160.o
 .debug_macro   0x0000000000025d51      0x11c ./Core/Src/LOS_D_BMX160.o
 .debug_macro   0x0000000000025e6d      0x22c ./Core/Src/LOS_D_BMX160.o
 .debug_macro   0x0000000000026099       0x5b ./Core/Src/LOS_D_BMX160.o
 .debug_macro   0x00000000000260f4       0xa5 ./Core/Src/LOS_D_BMX160.o
 .debug_macro   0x0000000000026199       0xc8 ./Core/Src/LOS_D_BMX160.o
 .debug_macro   0x0000000000026261       0x73 ./Core/Src/LOS_D_BMX160.o
 .debug_macro   0x00000000000262d4      0x22d ./Core/Src/LOS_D_BMX160.o
 .debug_macro   0x0000000000026501      0x199 ./Core/Src/LOS_D_BMX160.o
 .debug_macro   0x000000000002669a      0x487 ./Core/Src/LOS_D_BMX160.o
 .debug_macro   0x0000000000026b21      0x31a ./Core/Src/LOS_D_BMX160.o
 .debug_macro   0x0000000000026e3b      0x748 ./Core/Src/LOS_D_BMX160.o
 .debug_macro   0x0000000000027583       0xeb ./Core/Src/LOS_D_BMX160.o
 .debug_macro   0x000000000002766e      0x693 ./Core/Src/LOS_D_BMX160.o
 .debug_macro   0x0000000000027d01       0xa6 ./Core/Src/LOS_D_BMX160.o
 .debug_macro   0x0000000000027da7      0x3f1 ./Core/Src/LOS_D_BMX160.o
 .debug_macro   0x0000000000028198      0x2b6 ./Core/Src/LOS_D_BMX160.o
 .debug_macro   0x000000000002844e      0x1e2 ./Core/Src/LOS_D_BMX160.o
 .debug_macro   0x0000000000028630      0x15a ./Core/Src/LOS_D_BMX160.o
 .debug_macro   0x000000000002878a      0xbd0 ./Core/Src/LOS_D_BMX160.o
 .debug_macro   0x000000000002935a      0x398 ./Core/Src/LOS_D_BMX160.o
 .debug_macro   0x00000000000296f2       0xae ./Core/Src/LOS_D_BMX160.o
 .debug_macro   0x00000000000297a0      0x21d ./Core/Src/LOS_D_BMX160.o
 .debug_macro   0x00000000000299bd      0x165 ./Core/Src/LOS_D_BMX160.o
 .debug_macro   0x0000000000029b22      0x5bf ./Core/Src/LOS_D_BMX160.o
 .debug_macro   0x000000000002a0e1      0x314 ./Core/Src/LOS_D_BMX160.o
 .debug_macro   0x000000000002a3f5      0x215 ./Core/Src/LOS_D_BMX160.o
 .debug_macro   0x000000000002a60a       0x7c ./Core/Src/LOS_D_BMX160.o
 .debug_macro   0x000000000002a686       0x74 ./Core/Src/LOS_D_BMX160.o
 .debug_macro   0x000000000002a6fa      0x18a ./Core/Src/LOS_D_BMX160.o
 .debug_macro   0x000000000002a884       0x10 ./Core/Src/LOS_D_BMX160.o
 .debug_macro   0x000000000002a894      0x3d1 ./Core/Src/LOS_D_BMX160.o
 .debug_macro   0x000000000002ac65       0x10 ./Core/Src/LOS_D_BMX160.o
 .debug_macro   0x000000000002ac75       0x1e ./Core/Src/LOS_D_BMX160.o
 .debug_macro   0x000000000002ac93       0x52 ./Core/Src/LOS_D_BMX160.o
 .debug_macro   0x000000000002ace5       0x3c ./Core/Src/LOS_D_BMX160.o
 .debug_macro   0x000000000002ad21       0x34 ./Core/Src/LOS_D_BMX160.o
 .debug_macro   0x000000000002ad55       0x16 ./Core/Src/LOS_D_BMX160.o
 .debug_macro   0x000000000002ad6b       0x35 ./Core/Src/LOS_D_BMX160.o
 .debug_macro   0x000000000002ada0       0x16 ./Core/Src/LOS_D_BMX160.o
 .debug_macro   0x000000000002adb6       0x43 ./Core/Src/LOS_D_BMX160.o
 .debug_macro   0x000000000002adf9       0x34 ./Core/Src/LOS_D_BMX160.o
 .debug_macro   0x000000000002ae2d       0x10 ./Core/Src/LOS_D_BMX160.o
 .debug_macro   0x000000000002ae3d       0x58 ./Core/Src/LOS_D_BMX160.o
 .debug_macro   0x000000000002ae95       0x71 ./Core/Src/LOS_D_BMX160.o
 .debug_macro   0x000000000002af06       0x16 ./Core/Src/LOS_D_BMX160.o
 .debug_macro   0x000000000002af1c      0x12a ./Core/Src/LOS_D_BMX160.o
 .debug_macro   0x000000000002b046      0x364 ./Core/Src/LOS_D_BMX160.o
 .debug_macro   0x000000000002b3aa       0x16 ./Core/Src/LOS_D_BMX160.o
 .debug_macro   0x000000000002b3c0       0x29 ./Core/Src/LOS_D_BMX160.o
 .debug_macro   0x000000000002b3e9       0x1c ./Core/Src/LOS_D_BMX160.o
 .debug_macro   0x000000000002b405       0xde ./Core/Src/LOS_D_BMX160.o
 .debug_macro   0x000000000002b4e3      0x2be ./Core/Src/adc.o
 .debug_macro   0x000000000002b7a1      0xa84 ./Core/Src/adc.o
 .debug_macro   0x000000000002c225     0x1336 ./Core/Src/adc.o
 .debug_macro   0x000000000002d55b      0x174 ./Core/Src/adc.o
 .debug_macro   0x000000000002d6cf      0x2be ./Core/Src/gpio.o
 .debug_macro   0x000000000002d98d      0x2be ./Core/Src/i2c.o
 .debug_macro   0x000000000002dc4b      0x329 ./Core/Src/main.o
 .debug_macro   0x000000000002df74      0x2be ./Core/Src/rtc.o
 .debug_macro   0x000000000002e232      0x2b4 ./Core/Src/stm32l5xx_hal_msp.o
 .debug_macro   0x000000000002e4e6      0x2be ./Core/Src/stm32l5xx_it.o
 .debug_macro   0x000000000002e7a4      0x24c ./Core/Src/syscalls.o
 .debug_macro   0x000000000002e9f0       0x4c ./Core/Src/syscalls.o
 .debug_macro   0x000000000002ea3c       0x94 ./Core/Src/syscalls.o
 .debug_macro   0x000000000002ead0       0x34 ./Core/Src/syscalls.o
 .debug_macro   0x000000000002eb04       0x57 ./Core/Src/syscalls.o
 .debug_macro   0x000000000002eb5b      0x341 ./Core/Src/syscalls.o
 .debug_macro   0x000000000002ee9c       0x43 ./Core/Src/syscalls.o
 .debug_macro   0x000000000002eedf       0x1c ./Core/Src/syscalls.o
 .debug_macro   0x000000000002eefb       0x10 ./Core/Src/syscalls.o
 .debug_macro   0x000000000002ef0b       0x35 ./Core/Src/syscalls.o
 .debug_macro   0x000000000002ef40       0x10 ./Core/Src/syscalls.o
 .debug_macro   0x000000000002ef50       0x10 ./Core/Src/syscalls.o
 .debug_macro   0x000000000002ef60       0x10 ./Core/Src/syscalls.o
 .debug_macro   0x000000000002ef70       0x1c ./Core/Src/syscalls.o
 .debug_macro   0x000000000002ef8c       0x52 ./Core/Src/syscalls.o
 .debug_macro   0x000000000002efde       0x22 ./Core/Src/syscalls.o
 .debug_macro   0x000000000002f000       0x10 ./Core/Src/syscalls.o
 .debug_macro   0x000000000002f010       0x52 ./Core/Src/syscalls.o
 .debug_macro   0x000000000002f062       0xd5 ./Core/Src/syscalls.o
 .debug_macro   0x000000000002f137       0x1c ./Core/Src/syscalls.o
 .debug_macro   0x000000000002f153       0x3d ./Core/Src/syscalls.o
 .debug_macro   0x000000000002f190       0x35 ./Core/Src/syscalls.o
 .debug_macro   0x000000000002f1c5      0x12c ./Core/Src/syscalls.o
 .debug_macro   0x000000000002f2f1       0x10 ./Core/Src/syscalls.o
 .debug_macro   0x000000000002f301      0x241 ./Core/Src/syscalls.o
 .debug_macro   0x000000000002f542       0x1c ./Core/Src/syscalls.o
 .debug_macro   0x000000000002f55e       0x10 ./Core/Src/syscalls.o
 .debug_macro   0x000000000002f56e       0x10 ./Core/Src/syscalls.o
 .debug_macro   0x000000000002f57e       0x16 ./Core/Src/syscalls.o
 .debug_macro   0x000000000002f594      0x145 ./Core/Src/syscalls.o
 .debug_macro   0x000000000002f6d9      0x189 ./Core/Src/syscalls.o
 .debug_macro   0x000000000002f862       0x16 ./Core/Src/syscalls.o
 .debug_macro   0x000000000002f878       0xce ./Core/Src/syscalls.o
 .debug_macro   0x000000000002f946      0x23c ./Core/Src/system_stm32l5xx.o
 .debug_macro   0x000000000002fb82      0x2be ./Core/Src/ucpd.o
 .debug_macro   0x000000000002fe40      0x2be ./Core/Src/usart.o
 .debug_macro   0x00000000000300fe      0x2be ./Core/Src/usb.o
 .debug_macro   0x00000000000303bc      0x26c ./Drivers/STM32L5xx_HAL_Driver/Src/stm32l5xx_hal.o
 .debug_macro   0x0000000000030628      0x259 ./Drivers/STM32L5xx_HAL_Driver/Src/stm32l5xx_hal_adc.o
 .debug_macro   0x0000000000030881      0x248 ./Drivers/STM32L5xx_HAL_Driver/Src/stm32l5xx_hal_adc_ex.o
 .debug_macro   0x0000000000030ac9      0x23c ./Drivers/STM32L5xx_HAL_Driver/Src/stm32l5xx_hal_cortex.o
 .debug_macro   0x0000000000030d05      0x242 ./Drivers/STM32L5xx_HAL_Driver/Src/stm32l5xx_hal_gpio.o
 .debug_macro   0x0000000000030f47      0x308 ./Drivers/STM32L5xx_HAL_Driver/Src/stm32l5xx_hal_i2c.o
 .debug_macro   0x000000000003124f      0x23c ./Drivers/STM32L5xx_HAL_Driver/Src/stm32l5xx_hal_i2c_ex.o
 .debug_macro   0x000000000003148b      0x248 ./Drivers/STM32L5xx_HAL_Driver/Src/stm32l5xx_hal_pcd.o
 .debug_macro   0x00000000000316d3      0x23c ./Drivers/STM32L5xx_HAL_Driver/Src/stm32l5xx_hal_pcd_ex.o