Archive member included to satisfy reference by file (symbol)

c:/st/stm32cubeide_1.12.1/stm32cubeide/plugins/com.st.stm32cube.ide.mcu.externaltools.gnu-tools-for-stm32.10.3-2021.10.win32_1.0.200.202301161003/tools/bin/../lib/gcc/arm-none-eabi/10.3.1/../../../../arm-none-eabi/lib/thumb/v8-m.main+fp/hard\libstdc++_nano.a(del_ops.o)
                              ./Core/Src/SSM_D_MAVLink.o (operator delete(void*, unsigned int))
c:/st/stm32cubeide_1.12.1/stm32cubeide/plugins/com.st.stm32cube.ide.mcu.externaltools.gnu-tools-for-stm32.10.3-2021.10.win32_1.0.200.202301161003/tools/bin/../lib/gcc/arm-none-eabi/10.3.1/../../../../arm-none-eabi/lib/thumb/v8-m.main+fp/hard\libstdc++_nano.a(new_op.o)
                              ./Core/Src/SSM_D_MAVLink.o (operator new(unsigned int))
c:/st/stm32cubeide_1.12.1/stm32cubeide/plugins/com.st.stm32cube.ide.mcu.externaltools.gnu-tools-for-stm32.10.3-2021.10.win32_1.0.200.202301161003/tools/bin/../lib/gcc/arm-none-eabi/10.3.1/../../../../arm-none-eabi/lib/thumb/v8-m.main+fp/hard\libstdc++_nano.a(del_op.o)
                              c:/st/stm32cubeide_1.12.1/stm32cubeide/plugins/com.st.stm32cube.ide.mcu.externaltools.gnu-tools-for-stm32.10.3-2021.10.win32_1.0.200.202301161003/tools/bin/../lib/gcc/arm-none-eabi/10.3.1/../../../../arm-none-eabi/lib/thumb/v8-m.main+fp/hard\libstdc++_nano.a(del_ops.o) (operator delete(void*))
c:/st/stm32cubeide_1.12.1/stm32cubeide/plugins/com.st.stm32cube.ide.mcu.externaltools.gnu-tools-for-stm32.10.3-2021.10.win32_1.0.200.202301161003/tools/bin/../lib/gcc/arm-none-eabi/10.3.1/../../../../arm-none-eabi/lib/thumb/v8-m.main+fp/hard\libstdc++_nano.a(new_handler.o)
                              c:/st/stm32cubeide_1.12.1/stm32cubeide/plugins/com.st.stm32cube.ide.mcu.externaltools.gnu-tools-for-stm32.10.3-2021.10.win32_1.0.200.202301161003/tools/bin/../lib/gcc/arm-none-eabi/10.3.1/../../../../arm-none-eabi/lib/thumb/v8-m.main+fp/hard\libstdc++_nano.a(new_op.o) (std::get_new_handler())
c:/st/stm32cubeide_1.12.1/stm32cubeide/plugins/com.st.stm32cube.ide.mcu.externaltools.gnu-tools-for-stm32.10.3-2021.10.win32_1.0.200.202301161003/tools/bin/../lib/gcc/arm-none-eabi/10.3.1/../../../../arm-none-eabi/lib/thumb/v8-m.main+fp/hard\libc_nano.a(lib_a-abort.o)
                              c:/st/stm32cubeide_1.12.1/stm32cubeide/plugins/com.st.stm32cube.ide.mcu.externaltools.gnu-tools-for-stm32.10.3-2021.10.win32_1.0.200.202301161003/tools/bin/../lib/gcc/arm-none-eabi/10.3.1/../../../../arm-none-eabi/lib/thumb/v8-m.main+fp/hard\libstdc++_nano.a(new_op.o) (abort)
c:/st/stm32cubeide_1.12.1/stm32cubeide/plugins/com.st.stm32cube.ide.mcu.externaltools.gnu-tools-for-stm32.10.3-2021.10.win32_1.0.200.202301161003/tools/bin/../lib/gcc/arm-none-eabi/10.3.1/../../../../arm-none-eabi/lib/thumb/v8-m.main+fp/hard\libc_nano.a(lib_a-errno.o)
                              ./Core/Src/syscalls.o (__errno)
c:/st/stm32cubeide_1.12.1/stm32cubeide/plugins/com.st.stm32cube.ide.mcu.externaltools.gnu-tools-for-stm32.10.3-2021.10.win32_1.0.200.202301161003/tools/bin/../lib/gcc/arm-none-eabi/10.3.1/../../../../arm-none-eabi/lib/thumb/v8-m.main+fp/hard\libc_nano.a(lib_a-exit.o)
                              c:/st/stm32cubeide_1.12.1/stm32cubeide/plugins/com.st.stm32cube.ide.mcu.externaltools.gnu-tools-for-stm32.10.3-2021.10.win32_1.0.200.202301161003/tools/bin/../lib/gcc/arm-none-eabi/10.3.1/../../../../arm-none-eabi/lib/thumb/v8-m.main+fp/hard/crt0.o (exit)
c:/st/stm32cubeide_1.12.1/stm32cubeide/plugins/com.st.stm32cube.ide.mcu.externaltools.gnu-tools-for-stm32.10.3-2021.10.win32_1.0.200.202301161003/tools/bin/../lib/gcc/arm-none-eabi/10.3.1/../../../../arm-none-eabi/lib/thumb/v8-m.main+fp/hard\libc_nano.a(lib_a-impure.o)
                              c:/st/stm32cubeide_1.12.1/stm32cubeide/plugins/com.st.stm32cube.ide.mcu.externaltools.gnu-tools-for-stm32.10.3-2021.10.win32_1.0.200.202301161003/tools/bin/../lib/gcc/arm-none-eabi/10.3.1/../../../../arm-none-eabi/lib/thumb/v8-m.main+fp/hard\libc_nano.a(lib_a-exit.o) (_global_impure_ptr)
c:/st/stm32cubeide_1.12.1/stm32cubeide/plugins/com.st.stm32cube.ide.mcu.externaltools.gnu-tools-for-stm32.10.3-2021.10.win32_1.0.200.202301161003/tools/bin/../lib/gcc/arm-none-eabi/10.3.1/../../../../arm-none-eabi/lib/thumb/v8-m.main+fp/hard\libc_nano.a(lib_a-init.o)
                              c:/st/stm32cubeide_1.12.1/stm32cubeide/plugins/com.st.stm32cube.ide.mcu.externaltools.gnu-tools-for-stm32.10.3-2021.10.win32_1.0.200.202301161003/tools/bin/../lib/gcc/arm-none-eabi/10.3.1/../../../../arm-none-eabi/lib/thumb/v8-m.main+fp/hard/crt0.o (__libc_init_array)
c:/st/stm32cubeide_1.12.1/stm32cubeide/plugins/com.st.stm32cube.ide.mcu.externaltools.gnu-tools-for-stm32.10.3-2021.10.win32_1.0.200.202301161003/tools/bin/../lib/gcc/arm-none-eabi/10.3.1/../../../../arm-none-eabi/lib/thumb/v8-m.main+fp/hard\libc_nano.a(lib_a-malloc.o)
[...]
Memory Configuration

Name             Origin             Length             Attributes
RAM              0x0000000020000000 0x0000000000030000 xrw
RAM2             0x0000000020030000 0x0000000000010000 xrw
FLASH            0x0000000008000000 0x0000000000080000 xr
*default*        0x0000000000000000 0xffffffffffffffff

Linker script and memory map

LOAD c:/st/stm32cubeide_1.12.1/stm32cubeide/plugins/com.st.stm32cube.ide.mcu.externaltools.gnu-tools-for-stm32.10.3-2021.10.win32_1.0.200.202301161003/tools/bin/../lib/gcc/arm-none-eabi/10.3.1/thumb/v8-m.main+fp/hard/crti.o
LOAD c:/st/stm32cubeide_1.12.1/stm32cubeide/plugins/com.st.stm32cube.ide.mcu.externaltools.gnu-tools-for-stm32.10.3-2021.10.win32_1.0.200.202301161003/tools/bin/../lib/gcc/arm-none-eabi/10.3.1/thumb/v8-m.main+fp/hard/crtbegin.o
LOAD c:/st/stm32cubeide_1.12.1/stm32cubeide/plugins/com.st.stm32cube.ide.mcu.externaltools.gnu-tools-for-stm32.10.3-2021.10.win32_1.0.200.202301161003/tools/bin/../lib/gcc/arm-none-eabi/10.3.1/../../../../arm-none-eabi/lib/thumb/v8-m.main+fp/hard/crt0.o
LOAD ./Core/Src/CircularBuffer.o
LOAD ./Core/Src/CommonDataTypes.o
LOAD ./Core/Src/SSM_D_MAVLink.o
LOAD ./Core/Src/adc.o
LOAD ./Core/Src/callback_organize.o
LOAD ./Core/Src/dma.o
LOAD ./Core/Src/gpio.o
LOAD ./Core/Src/main.o
LOAD ./Core/Src/rtc.o
LOAD ./Core/Src/stm32l5xx_hal_msp.o
LOAD ./Core/Src/stm32l5xx_it.o
LOAD ./Core/Src/syscalls.o
LOAD ./Core/Src/sysmem.o
LOAD ./Core/Src/system_stm32l5xx.o
LOAD ./Core/Src/usart.o
LOAD ./Core/Src/usb.o
LOAD ./Core/Startup/startup_stm32l552zetxq.o
LOAD ./Drivers/STM32L5xx_HAL_Driver/Src/stm32l5xx_hal.o
LOAD ./Drivers/STM32L5xx_HAL_Driver/Src/stm32l5xx_hal_adc.o
LOAD ./Drivers/STM32L5xx_HAL_Driver/Src/stm32l5xx_hal_adc_ex.o
LOAD ./Drivers/STM32L5xx_HAL_Driver/Src/stm32l5xx_hal_cortex.o
LOAD ./Drivers/STM32L5xx_HAL_Driver/Src/stm32l5xx_hal_dma.o
LOAD ./Drivers/STM32L5xx_HAL_Driver/Src/stm32l5xx_hal_dma_ex.o
LOAD ./Drivers/STM32L5xx_HAL_Driver/Src/stm32l5xx_hal_exti.o
LOAD ./Drivers/STM32L5xx_HAL_Driver/Src/stm32l5xx_hal_flash.o
LOAD ./Drivers/STM32L5xx_HAL_Driver/Src/stm32l5xx_hal_flash_ex.o
LOAD ./Drivers/STM32L5xx_HAL_Driver/Src/stm32l5xx_hal_flash_ramfunc.o
LOAD ./Drivers/STM32L5xx_HAL_Driver/Src/stm32l5xx_hal_gpio.o
LOAD ./Drivers/STM32L5xx_HAL_Driver/Src/stm32l5xx_hal_i2c.o
LOAD ./Drivers/STM32L5xx_HAL_Driver/Src/stm32l5xx_hal_i2c_ex.o
LOAD ./Drivers/STM32L5xx_HAL_Driver/Src/stm32l5xx_hal_icache.o
LOAD ./Drivers/STM32L5xx_HAL_Driver/Src/stm32l5xx_hal_pcd.o
LOAD ./Drivers/STM32L5xx_HAL_Driver/Src/stm32l5xx_hal_pcd_ex.o
LOAD ./Drivers/STM32L5xx_HAL_Driver/Src/stm32l5xx_hal_pwr.o
LOAD ./Drivers/STM32L5xx_HAL_Driver/Src/stm32l5xx_hal_pwr_ex.o
LOAD ./Drivers/STM32L5xx_HAL_Driver/Src/stm32l5xx_hal_rcc.o
LOAD ./Drivers/STM32L5xx_HAL_Driver/Src/stm32l5xx_hal_rcc_ex.o
LOAD ./Drivers/STM32L5xx_HAL_Driver/Src/stm32l5xx_hal_rtc.o
LOAD ./Drivers/STM32L5xx_HAL_Driver/Src/stm32l5xx_hal_rtc_ex.o
LOAD ./Drivers/STM32L5xx_HAL_Driver/Src/stm32l5xx_hal_tim.o
LOAD ./Drivers/STM32L5xx_HAL_Driver/Src/stm32l5xx_hal_tim_ex.o
LOAD ./Drivers/STM32L5xx_HAL_Driver/Src/stm32l5xx_hal_uart.o
LOAD ./Drivers/STM32L5xx_HAL_Driver/Src/stm32l5xx_hal_uart_ex.o
LOAD ./Drivers/STM32L5xx_HAL_Driver/Src/stm32l5xx_ll_usb.o
START GROUP
LOAD c:/st/stm32cubeide_1.12.1/stm32cubeide/plugins/com.st.stm32cube.ide.mcu.externaltools.gnu-tools-for-stm32.10.3-2021.10.win32_1.0.200.202301161003/tools/bin/../lib/gcc/arm-none-eabi/10.3.1/../../../../arm-none-eabi/lib/thumb/v8-m.main+fp/hard\libstdc++_nano.a
LOAD c:/st/stm32cubeide_1.12.1/stm32cubeide/plugins/com.st.stm32cube.ide.mcu.externaltools.gnu-tools-for-stm32.10.3-2021.10.win32_1.0.200.202301161003/tools/bin/../lib/gcc/arm-none-eabi/10.3.1/../../../../arm-none-eabi/lib/thumb/v8-m.main+fp/hard\libsupc++_nano.a
END GROUP
LOAD c:/st/stm32cubeide_1.12.1/stm32cubeide/plugins/com.st.stm32cube.ide.mcu.externaltools.gnu-tools-for-stm32.10.3-2021.10.win32_1.0.200.202301161003/tools/bin/../lib/gcc/arm-none-eabi/10.3.1/../../../../arm-none-eabi/lib/thumb/v8-m.main+fp/hard\libstdc++_nano.a
LOAD c:/st/stm32cubeide_1.12.1/stm32cubeide/plugins/com.st.stm32cube.ide.mcu.externaltools.gnu-tools-for-stm32.10.3-2021.10.win32_1.0.200.202301161003/tools/bin/../lib/gcc/arm-none-eabi/10.3.1/../../../../arm-none-eabi/lib/thumb/v8-m.main+fp/hard\libm.a
LOAD c:/st/stm32cubeide_1.12.1/stm32cubeide/plugins/com.st.stm32cube.ide.mcu.externaltools.gnu-tools-for-stm32.10.3-2021.10.win32_1.0.200.202301161003/tools/bin/../lib/gcc/arm-none-eabi/10.3.1/../../../../arm-none-eabi/lib/thumb/v8-m.main+fp/hard\libc_nano.a
START GROUP
LOAD c:/st/stm32cubeide_1.12.1/stm32cubeide/plugins/com.st.stm32cube.ide.mcu.externaltools.gnu-tools-for-stm32.10.3-2021.10.win32_1.0.200.202301161003/tools/bin/../lib/gcc/arm-none-eabi/10.3.1/thumb/v8-m.main+fp/hard\libgcc.a
LOAD c:/st/stm32cubeide_1.12.1/stm32cubeide/plugins/com.st.stm32cube.ide.mcu.externaltools.gnu-tools-for-stm32.10.3-2021.10.win32_1.0.200.202301161003/tools/bin/../lib/gcc/arm-none-eabi/10.3.1/../../../../arm-none-eabi/lib/thumb/v8-m.main+fp/hard\libc_nano.a
END GROUP
START GROUP
LOAD c:/st/stm32cubeide_1.12.1/stm32cubeide/plugins/com.st.stm32cube.ide.mcu.externaltools.gnu-tools-for-stm32.10.3-2021.10.win32_1.0.200.202301161003/tools/bin/../lib/gcc/arm-none-eabi/10.3.1/thumb/v8-m.main+fp/hard\libgcc.a
LOAD c:/st/stm32cubeide_1.12.1/stm32cubeide/plugins/com.st.stm32cube.ide.mcu.externaltools.gnu-tools-for-stm32.10.3-2021.10.win32_1.0.200.202301161003/tools/bin/../lib/gcc/arm-none-eabi/10.3.1/../../../../arm-none-eabi/lib/thumb/v8-m.main+fp/hard\libc_nano.a
LOAD c:/st/stm32cubeide_1.12.1/stm32cubeide/plugins/com.st.stm32cube.ide.mcu.externaltools.gnu-tools-for-stm32.10.3-2021.10.win32_1.0.200.202301161003/tools/bin/../lib/gcc/arm-none-eabi/10.3.1/../../../../arm-none-eabi/lib/thumb/v8-m.main+fp/hard\libnosys.a
END GROUP
START GROUP
LOAD c:/st/stm32cubeide_1.12.1/stm32cubeide/plugins/com.st.stm32cube.ide.mcu.externaltools.gnu-tools-for-stm32.10.3-2021.10.win32_1.0.200.202301161003/tools/bin/../lib/gcc/arm-none-eabi/10.3.1/thumb/v8-m.main+fp/hard\libgcc.a
LOAD c:/st/stm32cubeide_1.12.1/stm32cubeide/plugins/com.st.stm32cube.ide.mcu.externaltools.gnu-tools-for-stm32.10.3-2021.10.win32_1.0.200.202301161003/tools/bin/../lib/gcc/arm-none-eabi/10.3.1/../../../../arm-none-eabi/lib/thumb/v8-m.main+fp/hard\libc_nano.a
LOAD c:/st/stm32cubeide_1.12.1/stm32cubeide/plugins/com.st.stm32cube.ide.mcu.externaltools.gnu-tools-for-stm32.10.3-2021.10.win32_1.0.200.202301161003/tools/bin/../lib/gcc/arm-none-eabi/10.3.1/../../../../arm-none-eabi/lib/thumb/v8-m.main+fp/hard\libnosys.a
END GROUP
LOAD c:/st/stm32cubeide_1.12.1/stm32cubeide/plugins/com.st.stm32cube.ide.mcu.externaltools.gnu-tools-for-stm32.10.3-2021.10.win32_1.0.200.202301161003/tools/bin/../lib/gcc/arm-none-eabi/10.3.1/thumb/v8-m.main+fp/hard/crtend.o
LOAD c:/st/stm32cubeide_1.12.1/stm32cubeide/plugins/com.st.stm32cube.ide.mcu.externaltools.gnu-tools-for-stm32.10.3-2021.10.win32_1.0.200.202301161003/tools/bin/../lib/gcc/arm-none-eabi/10.3.1/thumb/v8-m.main+fp/hard/crtn.o
                0x0000000020030000                _estack = (ORIGIN (RAM) + LENGTH (RAM))
                0x0000000000000200                _Min_Heap_Size = 0x200
                0x0000000000000400                _Min_Stack_Size = 0x400

.isr_vector     0x0000000008000000      0x1f4
                0x0000000008000000                . = ALIGN (0x4)
 *(.isr_vector)
 .isr_vector    0x0000000008000000      0x1f4 ./Core/Startup/startup_stm32l552zetxq.o
                0x0000000008000000                g_pfnVectors
                0x00000000080001f4                . = ALIGN (0x4)

.text           0x00000000080001f4     0x8624
                0x00000000080001f4                . = ALIGN (0x4)
 *(.text)
 .text          0x00000000080001f4       0x40 c:/st/stm32cubeide_1.12.1/stm32cubeide/plugins/com.st.stm32cube.ide.mcu.externaltools.gnu-tools-for-stm32.10.3-2021.10.win32_1.0.200.202301161003/tools/bin/../lib/gcc/arm-none-eabi/10.3.1/thumb/v8-m.main+fp/hard/crtbegin.o
 .text          0x0000000008000234       0x30 c:/st/stm32cubeide_1.12.1/stm32cubeide/plugins/com.st.stm32cube.ide.mcu.externaltools.gnu-tools-for-stm32.10.3-2021.10.win32_1.0.200.202301161003/tools/bin/../lib/gcc/arm-none-eabi/10.3.1/thumb/v8-m.main+fp/hard\libgcc.a(_aeabi_uldivmod.o)
                0x0000000008000234                __aeabi_uldivmod
 .text          0x0000000008000264      0x2ec c:/st/stm32cubeide_1.12.1/stm32cubeide/plugins/com.st.stm32cube.ide.mcu.externaltools.gnu-tools-for-stm32.10.3-2021.10.win32_1.0.200.202301161003/tools/bin/../lib/gcc/arm-none-eabi/10.3.1/thumb/v8-m.main+fp/hard\libgcc.a(_udivmoddi4.o)
                0x0000000008000264                __udivmoddi4
 .text          0x0000000008000550        0x4 c:/st/stm32cubeide_1.12.1/stm32cubeide/plugins/com.st.stm32cube.ide.mcu.externaltools.gnu-tools-for-stm32.10.3-2021.10.win32_1.0.200.202301161003/tools/bin/../lib/gcc/arm-none-eabi/10.3.1/thumb/v8-m.main+fp/hard\libgcc.a(_dvmd_tls.o)
                0x0000000008000550                __aeabi_idiv0
                0x0000000008000550                __aeabi_ldiv0
 *(.text*)
 .text._ZN14CircularBuffer4readEPhi
                0x0000000008000554       0xfc ./Core/Src/CircularBuffer.o
                0x0000000008000554                CircularBuffer::read(unsigned char*, int)
 .text._ZN14CircularBufferC2EPhi
                0x0000000008000650       0x32 ./Core/Src/CircularBuffer.o
                0x0000000008000650                CircularBuffer::CircularBuffer(unsigned char*, int)
                0x0000000008000650                CircularBuffer::CircularBuffer(unsigned char*, int)
 .text._ZN14CircularBuffer5writeEh
                0x0000000008000682       0x40 ./Core/Src/CircularBuffer.o
                0x0000000008000682                CircularBuffer::write(unsigned char)
 *fill*         0x00000000080006c2        0x2 
 .text._Z41__static_initialization_and_destruction_0ii
                0x00000000080006c4       0x60 ./Core/Src/CommonDataTypes.o
 .text._GLOBAL__sub_I_drone_mavlink_instance
                0x0000000008000724       0x10 ./Core/Src/CommonDataTypes.o
 .text._GLOBAL__sub_D_drone_mavlink_instance
                0x0000000008000734       0x10 ./Core/Src/CommonDataTypes.o
 .text.crc_accumulate
                0x0000000008000744       0x64 ./Core/Src/SSM_D_MAVLink.o
 .text.crc_init
                0x00000000080007a8       0x1c ./Core/Src/SSM_D_MAVLink.o
 .text.mavlink_sha256_init
                0x00000000080007c4       0x70 ./Core/Src/SSM_D_MAVLink.o
 .text.mavlink_sha256_calc
                0x0000000008000834      0x3c0 ./Core/Src/SSM_D_MAVLink.o
 .text.mavlink_sha256_update
                0x0000000008000bf4      0x102 ./Core/Src/SSM_D_MAVLink.o
 .text.mavlink_sha256_final_48
                0x0000000008000cf6      0x12e ./Core/Src/SSM_D_MAVLink.o
 .text.mavlink_get_channel_status
                0x0000000008000e24       0x28 ./Core/Src/SSM_D_MAVLink.o
 .text.mavlink_get_channel_buffer
                0x0000000008000e4c       0x28 ./Core/Src/SSM_D_MAVLink.o
 .text.mavlink_reset_channel_status
                0x0000000008000e74       0x22 ./Core/Src/SSM_D_MAVLink.o
 .text._mav_trim_payload
                0x0000000008000e96       0x36 ./Core/Src/SSM_D_MAVLink.o
 .text.mavlink_signature_check
                0x0000000008000ecc      0x270 ./Core/Src/SSM_D_MAVLink.o
 .text._mav_parse_error
                0x000000000800113c       0x20 ./Core/Src/SSM_D_MAVLink.o
 .text.mavlink_msg_to_send_buffer
                0x000000000800115c      0x1be ./Core/Src/SSM_D_MAVLink.o
 .text.mavlink_start_checksum
                0x000000000800131a       0x24 ./Core/Src/SSM_D_MAVLink.o
 .text.mavlink_update_checksum
                0x000000000800133e       0x30 ./Core/Src/SSM_D_MAVLink.o
 *fill*         0x000000000800136e        0x2 
 .text.mavlink_get_msg_entry
                0x0000000008001370       0xa0 ./Core/Src/SSM_D_MAVLink.o
 .text.mavlink_frame_char_buffer
                0x0000000008001410      0x5c8 ./Core/Src/SSM_D_MAVLink.o
 .text.mavlink_frame_char
                0x00000000080019d8       0x3e ./Core/Src/SSM_D_MAVLink.o
 .text.mavlink_parse_char
                0x0000000008001a16       0x7a ./Core/Src/SSM_D_MAVLink.o
 .text._ZN7MAVLinkC2EP20__UART_HandleTypeDef
                0x0000000008001a90       0x56 ./Core/Src/SSM_D_MAVLink.o
                0x0000000008001a90                MAVLink::MAVLink(__UART_HandleTypeDef*)
                0x0000000008001a90                MAVLink::MAVLink(__UART_HandleTypeDef*)
 .text._ZN7MAVLinkD2Ev
                0x0000000008001ae6       0x24 ./Core/Src/SSM_D_MAVLink.o
                0x0000000008001ae6                MAVLink::~MAVLink()
                0x0000000008001ae6                MAVLink::~MAVLink()
 .text._ZN7MAVLink11readMessageER17__mavlink_message
                0x0000000008001b0a       0xfa ./Core/Src/SSM_D_MAVLink.o
                0x0000000008001b0a                MAVLink::readMessage(__mavlink_message&)
 .text._ZN7MAVLink12writeMessageE17__mavlink_message
                0x0000000008001c04       0x64 ./Core/Src/SSM_D_MAVLink.o
                0x0000000008001c04                MAVLink::writeMessage(__mavlink_message)
 .text.MX_ADC1_Init
                0x0000000008001c68       0xec ./Core/Src/adc.o
                0x0000000008001c68                MX_ADC1_Init
 .text.HAL_ADC_MspInit
                0x0000000008001d54       0xb4 ./Core/Src/adc.o
                0x0000000008001d54                HAL_ADC_MspInit
 .text.HAL_UARTEx_RxEventCallback
                0x0000000008001e08       0xe8 ./Core/Src/callback_organize.o
                0x0000000008001e08                HAL_UARTEx_RxEventCallback
 .text.HAL_UART_RxCpltCallback
                0x0000000008001ef0       0xe0 ./Core/Src/callback_organize.o
                0x0000000008001ef0                HAL_UART_RxCpltCallback
 .text.HAL_UART_ErrorCallback
                0x0000000008001fd0       0x64 ./Core/Src/callback_organize.o
                0x0000000008001fd0                HAL_UART_ErrorCallback
 .text.MX_DMA_Init
                0x0000000008002034       0x64 ./Core/Src/dma.o
                0x0000000008002034                MX_DMA_Init
 .text.MX_GPIO_Init
                0x0000000008002098      0x180 ./Core/Src/gpio.o
                0x0000000008002098                MX_GPIO_Init
 .text.main     0x0000000008002218       0xbc ./Core/Src/main.o
                0x0000000008002218                main
 .text._Z18SystemClock_Configv
                0x00000000080022d4       0xe0 ./Core/Src/main.o
                0x00000000080022d4                SystemClock_Config()
 .text.Error_Handler
                0x00000000080023b4        0xa ./Core/Src/main.o
                0x00000000080023b4                Error_Handler
 *fill*         0x00000000080023be        0x2 
 .text.MX_RTC_Init
                0x00000000080023c0       0x94 ./Core/Src/rtc.o
                0x00000000080023c0                MX_RTC_Init
 .text.HAL_RTC_MspInit
                0x0000000008002454       0x7c ./Core/Src/rtc.o
                0x0000000008002454                HAL_RTC_MspInit
 .text.HAL_MspInit
                0x00000000080024d0       0x48 ./Core/Src/stm32l5xx_hal_msp.o
                0x00000000080024d0                HAL_MspInit
 .text.NMI_Handler
                0x0000000008002518        0x6 ./Core/Src/stm32l5xx_it.o
                0x0000000008002518                NMI_Handler
 .text.HardFault_Handler
                0x000000000800251e        0x6 ./Core/Src/stm32l5xx_it.o
                0x000000000800251e                HardFault_Handler
 .text.MemManage_Handler
                0x0000000008002524        0x6 ./Core/Src/stm32l5xx_it.o
                0x0000000008002524                MemManage_Handler
 .text.BusFault_Handler
                0x000000000800252a        0x6 ./Core/Src/stm32l5xx_it.o
                0x000000000800252a                BusFault_Handler
 .text.UsageFault_Handler
                0x0000000008002530        0x6 ./Core/Src/stm32l5xx_it.o
                0x0000000008002530                UsageFault_Handler
 .text.SVC_Handler
                0x0000000008002536        0xe ./Core/Src/stm32l5xx_it.o
                0x0000000008002536                SVC_Handler
 .text.DebugMon_Handler
                0x0000000008002544        0xe ./Core/Src/stm32l5xx_it.o
                0x0000000008002544                DebugMon_Handler
 .text.PendSV_Handler
                0x0000000008002552        0xe ./Core/Src/stm32l5xx_it.o
                0x0000000008002552                PendSV_Handler
 .text.SysTick_Handler
                0x0000000008002560        0xc ./Core/Src/stm32l5xx_it.o
                0x0000000008002560                SysTick_Handler
 .text.DMA1_Channel1_IRQHandler
                0x000000000800256c       0x14 ./Core/Src/stm32l5xx_it.o
                0x000000000800256c                DMA1_Channel1_IRQHandler
 .text.DMA1_Channel2_IRQHandler
                0x0000000008002580       0x14 ./Core/Src/stm32l5xx_it.o
                0x0000000008002580                DMA1_Channel2_IRQHandler
 .text.USART2_IRQHandler
                0x0000000008002594       0x14 ./Core/Src/stm32l5xx_it.o
                0x0000000008002594                USART2_IRQHandler
 .text.USART3_IRQHandler
                0x00000000080025a8       0x14 ./Core/Src/stm32l5xx_it.o
                0x00000000080025a8                USART3_IRQHandler
 .text._getpid  0x00000000080025bc       0x10 ./Core/Src/syscalls.o
                0x00000000080025bc                _getpid
 .text._kill    0x00000000080025cc       0x20 ./Core/Src/syscalls.o
                0x00000000080025cc                _kill
 .text._exit    0x00000000080025ec       0x14 ./Core/Src/syscalls.o
                0x00000000080025ec                _exit
 .text._sbrk    0x0000000008002600       0x6c ./Core/Src/sysmem.o
                0x0000000008002600                _sbrk
 .text.SystemInit
                0x000000000800266c       0x24 ./Core/Src/system_stm32l5xx.o
                0x000000000800266c                SystemInit
 .text.SystemCoreClockUpdate
                0x0000000008002690      0x15c ./Core/Src/system_stm32l5xx.o
                0x0000000008002690                SystemCoreClockUpdate
 .text.MX_USART2_UART_Init
                0x00000000080027ec       0x98 ./Core/Src/usart.o
                0x00000000080027ec                MX_USART2_UART_Init
 .text.MX_USART3_UART_Init
                0x0000000008002884       0x98 ./Core/Src/usart.o
                0x0000000008002884                MX_USART3_UART_Init
 .text.HAL_UART_MspInit
                0x000000000800291c      0x244 ./Core/Src/usart.o
                0x000000000800291c                HAL_UART_MspInit
 .text.MX_USB_PCD_Init
                0x0000000008002b60       0x50 ./Core/Src/usb.o
                0x0000000008002b60                MX_USB_PCD_Init
 .text.HAL_PCD_MspInit
                0x0000000008002bb0       0xc0 ./Core/Src/usb.o
                0x0000000008002bb0                HAL_PCD_MspInit
 .text.Reset_Handler
                0x0000000008002c70       0x50 ./Core/Startup/startup_stm32l552zetxq.o
                0x0000000008002c70                Reset_Handler
 .text.Default_Handler
                0x0000000008002cc0        0x2 ./Core/Startup/startup_stm32l552zetxq.o
                0x0000000008002cc0                EXTI2_IRQHandler
                0x0000000008002cc0                TIM8_TRG_COM_IRQHandler
                0x0000000008002cc0                TIM8_CC_IRQHandler
                0x0000000008002cc0                EXTI5_IRQHandler
                0x0000000008002cc0                FLASH_S_IRQHandler
                0x0000000008002cc0                EXTI13_IRQHandler
                0x0000000008002cc0                TIM1_CC_IRQHandler
                0x0000000008002cc0                TSC_IRQHandler
                0x0000000008002cc0                TAMP_IRQHandler
                0x0000000008002cc0                TIM6_IRQHandler
                0x0000000008002cc0                EXTI12_IRQHandler
                0x0000000008002cc0                DMA2_Channel8_IRQHandler
                0x0000000008002cc0                EXTI3_IRQHandler
                0x0000000008002cc0                EXTI8_IRQHandler
                0x0000000008002cc0                LPTIM2_IRQHandler
                0x0000000008002cc0                DFSDM1_FLT1_IRQHandler
                0x0000000008002cc0                USB_FS_IRQHandler
                0x0000000008002cc0                I2C3_ER_IRQHandler
                0x0000000008002cc0                DFSDM1_FLT2_IRQHandler
                0x0000000008002cc0                DMAMUX1_IRQHandler
                0x0000000008002cc0                LPTIM3_IRQHandler
                0x0000000008002cc0                EXTI0_IRQHandler
                0x0000000008002cc0                I2C2_EV_IRQHandler
                0x0000000008002cc0                FPU_IRQHandler
                0x0000000008002cc0                FDCAN1_IT1_IRQHandler
                0x0000000008002cc0                ADC1_2_IRQHandler
                0x0000000008002cc0                SPI1_IRQHandler
                0x0000000008002cc0                OCTOSPI1_IRQHandler
                0x0000000008002cc0                TIM8_UP_IRQHandler
                0x0000000008002cc0                RCC_S_IRQHandler
                0x0000000008002cc0                DMA2_Channel2_IRQHandler
                0x0000000008002cc0                DMA1_Channel4_IRQHandler
                0x0000000008002cc0                SAI2_IRQHandler
                0x0000000008002cc0                DFSDM1_FLT3_IRQHandler
                0x0000000008002cc0                EXTI15_IRQHandler
                0x0000000008002cc0                TIM17_IRQHandler
                0x0000000008002cc0                RTC_IRQHandler
                0x0000000008002cc0                EXTI9_IRQHandler
                0x0000000008002cc0                DMA1_Channel7_IRQHandler
                0x0000000008002cc0                UART5_IRQHandler
                0x0000000008002cc0                TIM4_IRQHandler
                0x0000000008002cc0                DMA2_Channel1_IRQHandler
                0x0000000008002cc0                I2C1_EV_IRQHandler
                0x0000000008002cc0                DMA1_Channel6_IRQHandler
                0x0000000008002cc0                TIM16_IRQHandler
                0x0000000008002cc0                UART4_IRQHandler
                0x0000000008002cc0                DMA2_Channel4_IRQHandler
                0x0000000008002cc0                SecureFault_Handler
                0x0000000008002cc0                TIM3_IRQHandler
                0x0000000008002cc0                RCC_IRQHandler
                0x0000000008002cc0                TIM1_TRG_COM_IRQHandler
                0x0000000008002cc0                Default_Handler
                0x0000000008002cc0                DMA2_Channel7_IRQHandler
                0x0000000008002cc0                DMA1_Channel8_IRQHandler
                0x0000000008002cc0                TIM7_IRQHandler
                0x0000000008002cc0                SDMMC1_IRQHandler
                0x0000000008002cc0                TIM5_IRQHandler
                0x0000000008002cc0                UCPD1_IRQHandler
                0x0000000008002cc0                TIM15_IRQHandler
                0x0000000008002cc0                I2C3_EV_IRQHandler
                0x0000000008002cc0                PVD_PVM_IRQHandler
                0x0000000008002cc0                SPI2_IRQHandler
                0x0000000008002cc0                EXTI14_IRQHandler
                0x0000000008002cc0                EXTI11_IRQHandler
                0x0000000008002cc0                DMA2_Channel5_IRQHandler
                0x0000000008002cc0                CRS_IRQHandler
                0x0000000008002cc0                DMA1_Channel5_IRQHandler
                0x0000000008002cc0                EXTI4_IRQHandler
                0x0000000008002cc0                RTC_S_IRQHandler
                0x0000000008002cc0                RNG_IRQHandler
                0x0000000008002cc0                DMAMUX1_S_IRQHandler
                0x0000000008002cc0                DMA1_Channel3_IRQHandler
                0x0000000008002cc0                COMP_IRQHandler
                0x0000000008002cc0                TIM1_UP_IRQHandler
                0x0000000008002cc0                WWDG_IRQHandler
                0x0000000008002cc0                I2C4_EV_IRQHandler
                0x0000000008002cc0                LPUART1_IRQHandler
                0x0000000008002cc0                DMA2_Channel6_IRQHandler
                0x0000000008002cc0                FDCAN1_IT0_IRQHandler
                0x0000000008002cc0                TIM2_IRQHandler
                0x0000000008002cc0                TAMP_S_IRQHandler
                0x0000000008002cc0                EXTI7_IRQHandler
                0x0000000008002cc0                TIM1_BRK_IRQHandler
                0x0000000008002cc0                DAC_IRQHandler
                0x0000000008002cc0                EXTI1_IRQHandler
                0x0000000008002cc0                GTZC_IRQHandler
                0x0000000008002cc0                DFSDM1_FLT0_IRQHandler
                0x0000000008002cc0                I2C2_ER_IRQHandler
                0x0000000008002cc0                TIM8_BRK_IRQHandler
                0x0000000008002cc0                FLASH_IRQHandler
                0x0000000008002cc0                USART1_IRQHandler
                0x0000000008002cc0                EXTI10_IRQHandler
                0x0000000008002cc0                SPI3_IRQHandler
                0x0000000008002cc0                I2C1_ER_IRQHandler
                0x0000000008002cc0                FMC_IRQHandler
                0x0000000008002cc0                EXTI6_IRQHandler
                0x0000000008002cc0                LPTIM1_IRQHandler
                0x0000000008002cc0                I2C4_ER_IRQHandler
                0x0000000008002cc0                ICACHE_IRQHandler
                0x0000000008002cc0                SAI1_IRQHandler
                0x0000000008002cc0                HASH_IRQHandler
                0x0000000008002cc0                DMA2_Channel3_IRQHandler
 .text.HAL_Init
                0x0000000008002cc2       0x34 ./Drivers/STM32L5xx_HAL_Driver/Src/stm32l5xx_hal.o
                0x0000000008002cc2                HAL_Init
 *fill*         0x0000000008002cf6        0x2 
 .text.HAL_InitTick
                0x0000000008002cf8       0x78 ./Drivers/STM32L5xx_HAL_Driver/Src/stm32l5xx_hal.o
                0x0000000008002cf8                HAL_InitTick
 .text.HAL_IncTick
                0x0000000008002d70       0x28 ./Drivers/STM32L5xx_HAL_Driver/Src/stm32l5xx_hal.o
                0x0000000008002d70                HAL_IncTick
 .text.HAL_GetTick
                0x0000000008002d98       0x18 ./Drivers/STM32L5xx_HAL_Driver/Src/stm32l5xx_hal.o
                0x0000000008002d98                HAL_GetTick
 .text.LL_ADC_SetCommonClock
                0x0000000008002db0       0x26 ./Drivers/STM32L5xx_HAL_Driver/Src/stm32l5xx_hal_adc.o
 .text.LL_ADC_SetCommonPathInternalCh
                0x0000000008002dd6       0x26 ./Drivers/STM32L5xx_HAL_Driver/Src/stm32l5xx_hal_adc.o
 .text.LL_ADC_GetCommonPathInternalCh
                0x0000000008002dfc       0x1c ./Drivers/STM32L5xx_HAL_Driver/Src/stm32l5xx_hal_adc.o
 .text.LL_ADC_SetOffset
                0x0000000008002e18       0x48 ./Drivers/STM32L5xx_HAL_Driver/Src/stm32l5xx_hal_adc.o
 .text.LL_ADC_GetOffsetChannel
                0x0000000008002e60       0x2c ./Drivers/STM32L5xx_HAL_Driver/Src/stm32l5xx_hal_adc.o
 .text.LL_ADC_SetOffsetState
                0x0000000008002e8c       0x36 ./Drivers/STM32L5xx_HAL_Driver/Src/stm32l5xx_hal_adc.o
 .text.LL_ADC_SetSamplingTimeCommonConfig
                0x0000000008002ec2       0x26 ./Drivers/STM32L5xx_HAL_Driver/Src/stm32l5xx_hal_adc.o
 .text.LL_ADC_REG_SetSequencerRanks
                0x0000000008002ee8       0x58 ./Drivers/STM32L5xx_HAL_Driver/Src/stm32l5xx_hal_adc.o
 .text.LL_ADC_SetChannelSamplingTime
                0x0000000008002f40       0x56 ./Drivers/STM32L5xx_HAL_Driver/Src/stm32l5xx_hal_adc.o
 *fill*         0x0000000008002f96        0x2 
 .text.LL_ADC_SetChannelSingleDiff
                0x0000000008002f98       0x48 ./Drivers/STM32L5xx_HAL_Driver/Src/stm32l5xx_hal_adc.o
 .text.LL_ADC_DisableDeepPowerDown
                0x0000000008002fe0       0x24 ./Drivers/STM32L5xx_HAL_Driver/Src/stm32l5xx_hal_adc.o
 .text.LL_ADC_IsDeepPowerDownEnabled
                0x0000000008003004       0x28 ./Drivers/STM32L5xx_HAL_Driver/Src/stm32l5xx_hal_adc.o
 .text.LL_ADC_EnableInternalRegulator
                0x000000000800302c       0x28 ./Drivers/STM32L5xx_HAL_Driver/Src/stm32l5xx_hal_adc.o
 .text.LL_ADC_IsInternalRegulatorEnabled
                0x0000000008003054       0x28 ./Drivers/STM32L5xx_HAL_Driver/Src/stm32l5xx_hal_adc.o
 .text.LL_ADC_IsEnabled
                0x000000000800307c       0x26 ./Drivers/STM32L5xx_HAL_Driver/Src/stm32l5xx_hal_adc.o
 .text.LL_ADC_REG_IsConversionOngoing
                0x00000000080030a2       0x26 ./Drivers/STM32L5xx_HAL_Driver/Src/stm32l5xx_hal_adc.o
 .text.LL_ADC_INJ_IsConversionOngoing
                0x00000000080030c8       0x26 ./Drivers/STM32L5xx_HAL_Driver/Src/stm32l5xx_hal_adc.o
 *fill*         0x00000000080030ee        0x2 
 .text.HAL_ADC_Init
                0x00000000080030f0      0x298 ./Drivers/STM32L5xx_HAL_Driver/Src/stm32l5xx_hal_adc.o
                0x00000000080030f0                HAL_ADC_Init
 .text.HAL_ADC_ConfigChannel
                0x0000000008003388      0x7d4 ./Drivers/STM32L5xx_HAL_Driver/Src/stm32l5xx_hal_adc.o
                0x0000000008003388                HAL_ADC_ConfigChannel
 .text.LL_ADC_IsEnabled
                0x0000000008003b5c       0x26 ./Drivers/STM32L5xx_HAL_Driver/Src/stm32l5xx_hal_adc_ex.o
 .text.LL_ADC_REG_IsConversionOngoing
                0x0000000008003b82       0x26 ./Drivers/STM32L5xx_HAL_Driver/Src/stm32l5xx_hal_adc_ex.o
 .text.HAL_ADCEx_MultiModeConfigChannel
                0x0000000008003ba8      0x148 ./Drivers/STM32L5xx_HAL_Driver/Src/stm32l5xx_hal_adc_ex.o
                0x0000000008003ba8                HAL_ADCEx_MultiModeConfigChannel
 .text.__NVIC_SetPriorityGrouping
                0x0000000008003cf0       0x48 ./Drivers/STM32L5xx_HAL_Driver/Src/stm32l5xx_hal_cortex.o
 .text.__NVIC_GetPriorityGrouping
                0x0000000008003d38       0x1c ./Drivers/STM32L5xx_HAL_Driver/Src/stm32l5xx_hal_cortex.o
 .text.__NVIC_EnableIRQ
                0x0000000008003d54       0x3c ./Drivers/STM32L5xx_HAL_Driver/Src/stm32l5xx_hal_cortex.o
 .text.__NVIC_SetPriority
                0x0000000008003d90       0x54 ./Drivers/STM32L5xx_HAL_Driver/Src/stm32l5xx_hal_cortex.o
 .text.NVIC_EncodePriority
                0x0000000008003de4       0x66 ./Drivers/STM32L5xx_HAL_Driver/Src/stm32l5xx_hal_cortex.o
 *fill*         0x0000000008003e4a        0x2 
 .text.SysTick_Config
                0x0000000008003e4c       0x44 ./Drivers/STM32L5xx_HAL_Driver/Src/stm32l5xx_hal_cortex.o
 .text.HAL_NVIC_SetPriorityGrouping
                0x0000000008003e90       0x16 ./Drivers/STM32L5xx_HAL_Driver/Src/stm32l5xx_hal_cortex.o
                0x0000000008003e90                HAL_NVIC_SetPriorityGrouping
 .text.HAL_NVIC_SetPriority
                0x0000000008003ea6       0x34 ./Drivers/STM32L5xx_HAL_Driver/Src/stm32l5xx_hal_cortex.o
                0x0000000008003ea6                HAL_NVIC_SetPriority
 .text.HAL_NVIC_EnableIRQ
                0x0000000008003eda       0x1c ./Drivers/STM32L5xx_HAL_Driver/Src/stm32l5xx_hal_cortex.o
                0x0000000008003eda                HAL_NVIC_EnableIRQ
 .text.HAL_SYSTICK_Config
                0x0000000008003ef6       0x18 ./Drivers/STM32L5xx_HAL_Driver/Src/stm32l5xx_hal_cortex.o
                0x0000000008003ef6                HAL_SYSTICK_Config
 *fill*         0x0000000008003f0e        0x2 
 .text.HAL_DMA_Init
                0x0000000008003f10      0x150 ./Drivers/STM32L5xx_HAL_Driver/Src/stm32l5xx_hal_dma.o
                0x0000000008003f10                HAL_DMA_Init
 .text.HAL_DMA_Start_IT
                0x0000000008004060       0xf6 ./Drivers/STM32L5xx_HAL_Driver/Src/stm32l5xx_hal_dma.o
                0x0000000008004060                HAL_DMA_Start_IT
 .text.HAL_DMA_Abort
                0x0000000008004156       0xb8 ./Drivers/STM32L5xx_HAL_Driver/Src/stm32l5xx_hal_dma.o
                0x0000000008004156                HAL_DMA_Abort
 .text.HAL_DMA_Abort_IT
                0x000000000800420e       0xbe ./Drivers/STM32L5xx_HAL_Driver/Src/stm32l5xx_hal_dma.o
                0x000000000800420e                HAL_DMA_Abort_IT
 .text.HAL_DMA_IRQHandler
                0x00000000080042cc      0x200 ./Drivers/STM32L5xx_HAL_Driver/Src/stm32l5xx_hal_dma.o
                0x00000000080042cc                HAL_DMA_IRQHandler
 .text.HAL_DMA_GetError
                0x00000000080044cc       0x18 ./Drivers/STM32L5xx_HAL_Driver/Src/stm32l5xx_hal_dma.o
                0x00000000080044cc                HAL_DMA_GetError
 .text.HAL_DMA_ConfigChannelAttributes
                0x00000000080044e4       0x60 ./Drivers/STM32L5xx_HAL_Driver/Src/stm32l5xx_hal_dma.o
                0x00000000080044e4                HAL_DMA_ConfigChannelAttributes
 .text.DMA_SetConfig
                0x0000000008004544       0x7c ./Drivers/STM32L5xx_HAL_Driver/Src/stm32l5xx_hal_dma.o
 .text.DMA_CalcDMAMUXChannelBaseAndMask
                0x00000000080045c0       0x7c ./Drivers/STM32L5xx_HAL_Driver/Src/stm32l5xx_hal_dma.o
 .text.DMA_CalcDMAMUXRequestGenBaseAndMask
                0x000000000800463c       0x48 ./Drivers/STM32L5xx_HAL_Driver/Src/stm32l5xx_hal_dma.o
 .text.HAL_GPIO_Init
                0x0000000008004684      0x300 ./Drivers/STM32L5xx_HAL_Driver/Src/stm32l5xx_hal_gpio.o
                0x0000000008004684                HAL_GPIO_Init
 .text.HAL_GPIO_WritePin
                0x0000000008004984       0x30 ./Drivers/STM32L5xx_HAL_Driver/Src/stm32l5xx_hal_gpio.o
                0x0000000008004984                HAL_GPIO_WritePin
 .text.HAL_PCD_Init
                0x00000000080049b4      0x1b2 ./Drivers/STM32L5xx_HAL_Driver/Src/stm32l5xx_hal_pcd.o
                0x00000000080049b4                HAL_PCD_Init
 .text.HAL_PCDEx_ActivateLPM
                0x0000000008004b66       0x54 ./Drivers/STM32L5xx_HAL_Driver/Src/stm32l5xx_hal_pcd_ex.o
                0x0000000008004b66                HAL_PCDEx_ActivateLPM
 *fill*         0x0000000008004bba        0x2 
 .text.HAL_PWR_EnableBkUpAccess
                0x0000000008004bbc       0x20 ./Drivers/STM32L5xx_HAL_Driver/Src/stm32l5xx_hal_pwr.o
                0x0000000008004bbc                HAL_PWR_EnableBkUpAccess
 .text.HAL_PWREx_GetVoltageRange
                0x0000000008004bdc       0x1c ./Drivers/STM32L5xx_HAL_Driver/Src/stm32l5xx_hal_pwr_ex.o
                0x0000000008004bdc                HAL_PWREx_GetVoltageRange
 .text.HAL_PWREx_ControlVoltageScaling
                0x0000000008004bf8       0xb8 ./Drivers/STM32L5xx_HAL_Driver/Src/stm32l5xx_hal_pwr_ex.o
                0x0000000008004bf8                HAL_PWREx_ControlVoltageScaling
 .text.HAL_PWREx_EnableVddIO2
                0x0000000008004cb0       0x20 ./Drivers/STM32L5xx_HAL_Driver/Src/stm32l5xx_hal_pwr_ex.o
                0x0000000008004cb0                HAL_PWREx_EnableVddIO2
 .text.HAL_PWREx_DisableUCPDDeadBattery
                0x0000000008004cd0       0x20 ./Drivers/STM32L5xx_HAL_Driver/Src/stm32l5xx_hal_pwr_ex.o
                0x0000000008004cd0                HAL_PWREx_DisableUCPDDeadBattery
 .text.HAL_PWREx_SMPS_GetEffectiveMode
                0x0000000008004cf0       0x48 ./Drivers/STM32L5xx_HAL_Driver/Src/stm32l5xx_hal_pwr_ex.o
                0x0000000008004cf0                HAL_PWREx_SMPS_GetEffectiveMode
 .text.HAL_RCC_OscConfig
                0x0000000008004d38      0x9ac ./Drivers/STM32L5xx_HAL_Driver/Src/stm32l5xx_hal_rcc.o
                0x0000000008004d38                HAL_RCC_OscConfig
 .text.HAL_RCC_ClockConfig
                0x00000000080056e4      0x270 ./Drivers/STM32L5xx_HAL_Driver/Src/stm32l5xx_hal_rcc.o
                0x00000000080056e4                HAL_RCC_ClockConfig
 .text.HAL_RCC_GetSysClockFreq
                0x0000000008005954      0x13c ./Drivers/STM32L5xx_HAL_Driver/Src/stm32l5xx_hal_rcc.o
                0x0000000008005954                HAL_RCC_GetSysClockFreq
 .text.HAL_RCC_GetHCLKFreq
                0x0000000008005a90       0x28 ./Drivers/STM32L5xx_HAL_Driver/Src/stm32l5xx_hal_rcc.o
                0x0000000008005a90                HAL_RCC_GetHCLKFreq
 .text.HAL_RCC_GetPCLK1Freq
                0x0000000008005ab8       0x28 ./Drivers/STM32L5xx_HAL_Driver/Src/stm32l5xx_hal_rcc.o
                0x0000000008005ab8                HAL_RCC_GetPCLK1Freq
 .text.HAL_RCC_GetPCLK2Freq
                0x0000000008005ae0       0x28 ./Drivers/STM32L5xx_HAL_Driver/Src/stm32l5xx_hal_rcc.o
                0x0000000008005ae0                HAL_RCC_GetPCLK2Freq
 .text.RCC_SetFlashLatencyFromMSIRange
                0x0000000008005b08       0xc8 ./Drivers/STM32L5xx_HAL_Driver/Src/stm32l5xx_hal_rcc.o
 .text.RCC_GetSysClockFreqFromPLLSource
                0x0000000008005bd0       0xdc ./Drivers/STM32L5xx_HAL_Driver/Src/stm32l5xx_hal_rcc.o
 .text.HAL_RCCEx_PeriphCLKConfig
                0x0000000008005cac      0x708 ./Drivers/STM32L5xx_HAL_Driver/Src/stm32l5xx_hal_rcc_ex.o
                0x0000000008005cac                HAL_RCCEx_PeriphCLKConfig
 .text.RCCEx_PLLSAI1_Config
                0x00000000080063b4      0x1cc ./Drivers/STM32L5xx_HAL_Driver/Src/stm32l5xx_hal_rcc_ex.o
 .text.RCCEx_PLLSAI2_Config
                0x0000000008006580      0x158 ./Drivers/STM32L5xx_HAL_Driver/Src/stm32l5xx_hal_rcc_ex.o
 .text.HAL_RTC_Init
                0x00000000080066d8       0xf0 ./Drivers/STM32L5xx_HAL_Driver/Src/stm32l5xx_hal_rtc.o
                0x00000000080066d8                HAL_RTC_Init
 .text.HAL_RTC_WaitForSynchro
                0x00000000080067c8       0x48 ./Drivers/STM32L5xx_HAL_Driver/Src/stm32l5xx_hal_rtc.o
                0x00000000080067c8                HAL_RTC_WaitForSynchro
 .text.RTC_EnterInitMode
                0x0000000008006810       0x68 ./Drivers/STM32L5xx_HAL_Driver/Src/stm32l5xx_hal_rtc.o
                0x0000000008006810                RTC_EnterInitMode
 .text.RTC_ExitInitMode
                0x0000000008006878       0x7c ./Drivers/STM32L5xx_HAL_Driver/Src/stm32l5xx_hal_rtc.o
                0x0000000008006878                RTC_ExitInitMode
 .text.HAL_RTCEx_PrivilegeModeSet
                0x00000000080068f4       0x58 ./Drivers/STM32L5xx_HAL_Driver/Src/stm32l5xx_hal_rtc_ex.o
                0x00000000080068f4                HAL_RTCEx_PrivilegeModeSet
 .text.HAL_UART_Init
                0x000000000800694c       0xa0 ./Drivers/STM32L5xx_HAL_Driver/Src/stm32l5xx_hal_uart.o
                0x000000000800694c                HAL_UART_Init
 .text.HAL_UART_Transmit
                0x00000000080069ec      0x11c ./Drivers/STM32L5xx_HAL_Driver/Src/stm32l5xx_hal_uart.o
                0x00000000080069ec                HAL_UART_Transmit
 .text.HAL_UART_DMAStop
                0x0000000008006b08      0x12c ./Drivers/STM32L5xx_HAL_Driver/Src/stm32l5xx_hal_uart.o
                0x0000000008006b08                HAL_UART_DMAStop
 .text.HAL_UART_IRQHandler
                0x0000000008006c34      0x648 ./Drivers/STM32L5xx_HAL_Driver/Src/stm32l5xx_hal_uart.o
                0x0000000008006c34                HAL_UART_IRQHandler
 .text.HAL_UART_TxCpltCallback
                0x000000000800727c       0x14 ./Drivers/STM32L5xx_HAL_Driver/Src/stm32l5xx_hal_uart.o
                0x000000000800727c                HAL_UART_TxCpltCallback
 .text.HAL_UART_RxHalfCpltCallback
                0x0000000008007290       0x14 ./Drivers/STM32L5xx_HAL_Driver/Src/stm32l5xx_hal_uart.o
                0x0000000008007290                HAL_UART_RxHalfCpltCallback
 .text.UART_SetConfig
                0x00000000080072a4      0x600 ./Drivers/STM32L5xx_HAL_Driver/Src/stm32l5xx_hal_uart.o
                0x00000000080072a4                UART_SetConfig
 .text.UART_AdvFeatureConfig
                0x00000000080078a4      0x144 ./Drivers/STM32L5xx_HAL_Driver/Src/stm32l5xx_hal_uart.o
                0x00000000080078a4                UART_AdvFeatureConfig
 .text.UART_CheckIdleState
                0x00000000080079e8      0x154 ./Drivers/STM32L5xx_HAL_Driver/Src/stm32l5xx_hal_uart.o
                0x00000000080079e8                UART_CheckIdleState
 .text.UART_WaitOnFlagUntilTimeout
                0x0000000008007b3c       0xce ./Drivers/STM32L5xx_HAL_Driver/Src/stm32l5xx_hal_uart.o
                0x0000000008007b3c                UART_WaitOnFlagUntilTimeout
 *fill*         0x0000000008007c0a        0x2 
 .text.UART_Start_Receive_DMA
                0x0000000008007c0c      0x14c ./Drivers/STM32L5xx_HAL_Driver/Src/stm32l5xx_hal_uart.o
                0x0000000008007c0c                UART_Start_Receive_DMA
 .text.UART_EndTxTransfer
                0x0000000008007d58       0x82 ./Drivers/STM32L5xx_HAL_Driver/Src/stm32l5xx_hal_uart.o
 .text.UART_EndRxTransfer
                0x0000000008007dda       0xcc ./Drivers/STM32L5xx_HAL_Driver/Src/stm32l5xx_hal_uart.o
 .text.UART_DMAReceiveCplt
                0x0000000008007ea6      0x12c ./Drivers/STM32L5xx_HAL_Driver/Src/stm32l5xx_hal_uart.o
 .text.UART_DMARxHalfCplt
                0x0000000008007fd2       0x3e ./Drivers/STM32L5xx_HAL_Driver/Src/stm32l5xx_hal_uart.o
 .text.UART_DMAError
                0x0000000008008010       0x80 ./Drivers/STM32L5xx_HAL_Driver/Src/stm32l5xx_hal_uart.o
 .text.UART_DMAAbortOnError
                0x0000000008008090       0x2c ./Drivers/STM32L5xx_HAL_Driver/Src/stm32l5xx_hal_uart.o
 .text.UART_EndTransmit_IT
                0x00000000080080bc       0x56 ./Drivers/STM32L5xx_HAL_Driver/Src/stm32l5xx_hal_uart.o
 .text.HAL_UARTEx_WakeupCallback
                0x0000000008008112       0x14 ./Drivers/STM32L5xx_HAL_Driver/Src/stm32l5xx_hal_uart_ex.o
                0x0000000008008112                HAL_UARTEx_WakeupCallback
 .text.HAL_UARTEx_RxFifoFullCallback
                0x0000000008008126       0x14 ./Drivers/STM32L5xx_HAL_Driver/Src/stm32l5xx_hal_uart_ex.o
                0x0000000008008126                HAL_UARTEx_RxFifoFullCallback
 .text.HAL_UARTEx_TxFifoEmptyCallback
                0x000000000800813a       0x14 ./Drivers/STM32L5xx_HAL_Driver/Src/stm32l5xx_hal_uart_ex.o
                0x000000000800813a                HAL_UARTEx_TxFifoEmptyCallback
 .text.HAL_UARTEx_DisableFifoMode
                0x000000000800814e       0x72 ./Drivers/STM32L5xx_HAL_Driver/Src/stm32l5xx_hal_uart_ex.o
                0x000000000800814e                HAL_UARTEx_DisableFifoMode
 .text.HAL_UARTEx_SetTxFifoThreshold
                0x00000000080081c0       0x7c ./Drivers/STM32L5xx_HAL_Driver/Src/stm32l5xx_hal_uart_ex.o
                0x00000000080081c0                HAL_UARTEx_SetTxFifoThreshold
 .text.HAL_UARTEx_SetRxFifoThreshold
                0x000000000800823c       0x7c ./Drivers/STM32L5xx_HAL_Driver/Src/stm32l5xx_hal_uart_ex.o
                0x000000000800823c                HAL_UARTEx_SetRxFifoThreshold
 .text.HAL_UARTEx_ReceiveToIdle_DMA
                0x00000000080082b8       0xa8 ./Drivers/STM32L5xx_HAL_Driver/Src/stm32l5xx_hal_uart_ex.o
                0x00000000080082b8                HAL_UARTEx_ReceiveToIdle_DMA
 .text.UARTEx_SetNbDataToProcess
                0x0000000008008360       0x9c ./Drivers/STM32L5xx_HAL_Driver/Src/stm32l5xx_hal_uart_ex.o
 .text.USB_DisableGlobalInt
                0x00000000080083fc       0x36 ./Drivers/STM32L5xx_HAL_Driver/Src/stm32l5xx_ll_usb.o
                0x00000000080083fc                USB_DisableGlobalInt
 .text.USB_DevInit
                0x0000000008008432       0x42 ./Drivers/STM32L5xx_HAL_Driver/Src/stm32l5xx_ll_usb.o
                0x0000000008008432                USB_DevInit
 .text._ZdlPvj  0x0000000008008474        0x4 c:/st/stm32cubeide_1.12.1/stm32cubeide/plugins/com.st.stm32cube.ide.mcu.externaltools.gnu-tools-for-stm32.10.3-2021.10.win32_1.0.200.202301161003/tools/bin/../lib/gcc/arm-none-eabi/10.3.1/../../../../arm-none-eabi/lib/thumb/v8-m.main+fp/hard\libstdc++_nano.a(del_ops.o)
                0x0000000008008474                operator delete(void*, unsigned int)
 .text._Znwj    0x0000000008008478       0x22 c:/st/stm32cubeide_1.12.1/stm32cubeide/plugins/com.st.stm32cube.ide.mcu.externaltools.gnu-tools-for-stm32.10.3-2021.10.win32_1.0.200.202301161003/tools/bin/../lib/gcc/arm-none-eabi/10.3.1/../../../../arm-none-eabi/lib/thumb/v8-m.main+fp/hard\libstdc++_nano.a(new_op.o)
                0x0000000008008478                operator new(unsigned int)
 .text._ZdlPv   0x000000000800849a        0x4 c:/st/stm32cubeide_1.12.1/stm32cubeide/plugins/com.st.stm32cube.ide.mcu.externaltools.gnu-tools-for-stm32.10.3-2021.10.win32_1.0.200.202301161003/tools/bin/../lib/gcc/arm-none-eabi/10.3.1/../../../../arm-none-eabi/lib/thumb/v8-m.main+fp/hard\libstdc++_nano.a(del_op.o)
                0x000000000800849a                operator delete(void*)
 *fill*         0x000000000800849e        0x2 
 .text._ZSt15get_new_handlerv
                0x00000000080084a0        0xc c:/st/stm32cubeide_1.12.1/stm32cubeide/plugins/com.st.stm32cube.ide.mcu.externaltools.gnu-tools-for-stm32.10.3-2021.10.win32_1.0.200.202301161003/tools/bin/../lib/gcc/arm-none-eabi/10.3.1/../../../../arm-none-eabi/lib/thumb/v8-m.main+fp/hard\libstdc++_nano.a(new_handler.o)
                0x00000000080084a0                std::get_new_handler()
 .text.abort    0x00000000080084ac        0xe c:/st/stm32cubeide_1.12.1/stm32cubeide/plugins/com.st.stm32cube.ide.mcu.externaltools.gnu-tools-for-stm32.10.3-2021.10.win32_1.0.200.202301161003/tools/bin/../lib/gcc/arm-none-eabi/10.3.1/../../../../arm-none-eabi/lib/thumb/v8-m.main+fp/hard\libc_nano.a(lib_a-abort.o)
                0x00000000080084ac                abort
 *fill*         0x00000000080084ba        0x2 
 .text.__errno  0x00000000080084bc        0xc c:/st/stm32cubeide_1.12.1/stm32cubeide/plugins/com.st.stm32cube.ide.mcu.externaltools.gnu-tools-for-stm32.10.3-2021.10.win32_1.0.200.202301161003/tools/bin/../lib/gcc/arm-none-eabi/10.3.1/../../../../arm-none-eabi/lib/thumb/v8-m.main+fp/hard\libc_nano.a(lib_a-errno.o)
                0x00000000080084bc                __errno
 .text.__libc_init_array
                0x00000000080084c8       0x48 c:/st/stm32cubeide_1.12.1/stm32cubeide/plugins/com.st.stm32cube.ide.mcu.externaltools.gnu-tools-for-stm32.10.3-2021.10.win32_1.0.200.202301161003/tools/bin/../lib/gcc/arm-none-eabi/10.3.1/../../../../arm-none-eabi/lib/thumb/v8-m.main+fp/hard\libc_nano.a(lib_a-init.o)
                0x00000000080084c8                __libc_init_array
 .text.malloc   0x0000000008008510       0x10 c:/st/stm32cubeide_1.12.1/stm32cubeide/plugins/com.st.stm32cube.ide.mcu.externaltools.gnu-tools-for-stm32.10.3-2021.10.win32_1.0.200.202301161003/tools/bin/../lib/gcc/arm-none-eabi/10.3.1/../../../../arm-none-eabi/lib/thumb/v8-m.main+fp/hard\libc_nano.a(lib_a-malloc.o)
                0x0000000008008510                malloc
 .text.free     0x0000000008008520       0x10 c:/st/stm32cubeide_1.12.1/stm32cubeide/plugins/com.st.stm32cube.ide.mcu.externaltools.gnu-tools-for-stm32.10.3-2021.10.win32_1.0.200.202301161003/tools/bin/../lib/gcc/arm-none-eabi/10.3.1/../../../../arm-none-eabi/lib/thumb/v8-m.main+fp/hard\libc_nano.a(lib_a-malloc.o)
                0x0000000008008520                free
 .text.memcmp   0x0000000008008530       0x20 c:/st/stm32cubeide_1.12.1/stm32cubeide/plugins/com.st.stm32cube.ide.mcu.externaltools.gnu-tools-for-stm32.10.3-2021.10.win32_1.0.200.202301161003/tools/bin/../lib/gcc/arm-none-eabi/10.3.1/../../../../arm-none-eabi/lib/thumb/v8-m.main+fp/hard\libc_nano.a(lib_a-memcmp.o)
                0x0000000008008530                memcmp
 .text.memcpy   0x0000000008008550       0x1a c:/st/stm32cubeide_1.12.1/stm32cubeide/plugins/com.st.stm32cube.ide.mcu.externaltools.gnu-tools-for-stm32.10.3-2021.10.win32_1.0.200.202301161003/tools/bin/../lib/gcc/arm-none-eabi/10.3.1/../../../../arm-none-eabi/lib/thumb/v8-m.main+fp/hard\libc_nano.a(lib_a-memcpy-stub.o)
                0x0000000008008550                memcpy
 .text.memset   0x000000000800856a       0x10 c:/st/stm32cubeide_1.12.1/stm32cubeide/plugins/com.st.stm32cube.ide.mcu.externaltools.gnu-tools-for-stm32.10.3-2021.10.win32_1.0.200.202301161003/tools/bin/../lib/gcc/arm-none-eabi/10.3.1/../../../../arm-none-eabi/lib/thumb/v8-m.main+fp/hard\libc_nano.a(lib_a-memset.o)
                0x000000000800856a                memset
 *fill*         0x000000000800857a        0x2 
 .text._free_r  0x000000000800857c       0x98 c:/st/stm32cubeide_1.12.1/stm32cubeide/plugins/com.st.stm32cube.ide.mcu.externaltools.gnu-tools-for-stm32.10.3-2021.10.win32_1.0.200.202301161003/tools/bin/../lib/gcc/arm-none-eabi/10.3.1/../../../../arm-none-eabi/lib/thumb/v8-m.main+fp/hard\libc_nano.a(lib_a-nano-freer.o)
                0x000000000800857c                _free_r
 .text.sbrk_aligned
                0x0000000008008614       0x40 c:/st/stm32cubeide_1.12.1/stm32cubeide/plugins/com.st.stm32cube.ide.mcu.externaltools.gnu-tools-for-stm32.10.3-2021.10.win32_1.0.200.202301161003/tools/bin/../lib/gcc/arm-none-eabi/10.3.1/../../../../arm-none-eabi/lib/thumb/v8-m.main+fp/hard\libc_nano.a(lib_a-nano-mallocr.o)
 .text._malloc_r
                0x0000000008008654       0xe8 c:/st/stm32cubeide_1.12.1/stm32cubeide/plugins/com.st.stm32cube.ide.mcu.externaltools.gnu-tools-for-stm32.10.3-2021.10.win32_1.0.200.202301161003/tools/bin/../lib/gcc/arm-none-eabi/10.3.1/../../../../arm-none-eabi/lib/thumb/v8-m.main+fp/hard\libc_nano.a(lib_a-nano-mallocr.o)
                0x0000000008008654                _malloc_r
 .text._sbrk_r  0x000000000800873c       0x20 c:/st/stm32cubeide_1.12.1/stm32cubeide/plugins/com.st.stm32cube.ide.mcu.externaltools.gnu-tools-for-stm32.10.3-2021.10.win32_1.0.200.202301161003/tools/bin/../lib/gcc/arm-none-eabi/10.3.1/../../../../arm-none-eabi/lib/thumb/v8-m.main+fp/hard\libc_nano.a(lib_a-sbrkr.o)
                0x000000000800873c                _sbrk_r
 .text._raise_r
                0x000000000800875c       0x50 c:/st/stm32cubeide_1.12.1/stm32cubeide/plugins/com.st.stm32cube.ide.mcu.externaltools.gnu-tools-for-stm32.10.3-2021.10.win32_1.0.200.202301161003/tools/bin/../lib/gcc/arm-none-eabi/10.3.1/../../../../arm-none-eabi/lib/thumb/v8-m.main+fp/hard\libc_nano.a(lib_a-signal.o)
                0x000000000800875c                _raise_r
 .text.raise    0x00000000080087ac       0x10 c:/st/stm32cubeide_1.12.1/stm32cubeide/plugins/com.st.stm32cube.ide.mcu.externaltools.gnu-tools-for-stm32.10.3-2021.10.win32_1.0.200.202301161003/tools/bin/../lib/gcc/arm-none-eabi/10.3.1/../../../../arm-none-eabi/lib/thumb/v8-m.main+fp/hard\libc_nano.a(lib_a-signal.o)
                0x00000000080087ac                raise
 .text._kill_r  0x00000000080087bc       0x24 c:/st/stm32cubeide_1.12.1/stm32cubeide/plugins/com.st.stm32cube.ide.mcu.externaltools.gnu-tools-for-stm32.10.3-2021.10.win32_1.0.200.202301161003/tools/bin/../lib/gcc/arm-none-eabi/10.3.1/../../../../arm-none-eabi/lib/thumb/v8-m.main+fp/hard\libc_nano.a(lib_a-signalr.o)
                0x00000000080087bc                _kill_r
 .text._getpid_r
                0x00000000080087e0        0x4 c:/st/stm32cubeide_1.12.1/stm32cubeide/plugins/com.st.stm32cube.ide.mcu.externaltools.gnu-tools-for-stm32.10.3-2021.10.win32_1.0.200.202301161003/tools/bin/../lib/gcc/arm-none-eabi/10.3.1/../../../../arm-none-eabi/lib/thumb/v8-m.main+fp/hard\libc_nano.a(lib_a-signalr.o)
                0x00000000080087e0                _getpid_r
 .text.__malloc_lock
                0x00000000080087e4        0xc c:/st/stm32cubeide_1.12.1/stm32cubeide/plugins/com.st.stm32cube.ide.mcu.externaltools.gnu-tools-for-stm32.10.3-2021.10.win32_1.0.200.202301161003/tools/bin/../lib/gcc/arm-none-eabi/10.3.1/../../../../arm-none-eabi/lib/thumb/v8-m.main+fp/hard\libc_nano.a(lib_a-mlock.o)
                0x00000000080087e4                __malloc_lock
 .text.__malloc_unlock
                0x00000000080087f0        0xc c:/st/stm32cubeide_1.12.1/stm32cubeide/plugins/com.st.stm32cube.ide.mcu.externaltools.gnu-tools-for-stm32.10.3-2021.10.win32_1.0.200.202301161003/tools/bin/../lib/gcc/arm-none-eabi/10.3.1/../../../../arm-none-eabi/lib/thumb/v8-m.main+fp/hard\libc_nano.a(lib_a-mlock.o)
                0x00000000080087f0                __malloc_unlock
 .text.__retarget_lock_acquire_recursive
                0x00000000080087fc        0x2 c:/st/stm32cubeide_1.12.1/stm32cubeide/plugins/com.st.stm32cube.ide.mcu.externaltools.gnu-tools-for-stm32.10.3-2021.10.win32_1.0.200.202301161003/tools/bin/../lib/gcc/arm-none-eabi/10.3.1/../../../../arm-none-eabi/lib/thumb/v8-m.main+fp/hard\libc_nano.a(lib_a-lock.o)
                0x00000000080087fc                __retarget_lock_acquire_recursive
 .text.__retarget_lock_release_recursive
                0x00000000080087fe        0x2 c:/st/stm32cubeide_1.12.1/stm32cubeide/plugins/com.st.stm32cube.ide.mcu.externaltools.gnu-tools-for-stm32.10.3-2021.10.win32_1.0.200.202301161003/tools/bin/../lib/gcc/arm-none-eabi/10.3.1/../../../../arm-none-eabi/lib/thumb/v8-m.main+fp/hard\libc_nano.a(lib_a-lock.o)
                0x00000000080087fe                __retarget_lock_release_recursive
 *(.glue_7)
 .glue_7        0x0000000008008800        0x0 linker stubs
 *(.glue_7t)
 .glue_7t       0x0000000008008800        0x0 linker stubs
 *(.eh_frame)
 .eh_frame      0x0000000008008800        0x0 c:/st/stm32cubeide_1.12.1/stm32cubeide/plugins/com.st.stm32cube.ide.mcu.externaltools.gnu-tools-for-stm32.10.3-2021.10.win32_1.0.200.202301161003/tools/bin/../lib/gcc/arm-none-eabi/10.3.1/thumb/v8-m.main+fp/hard/crtbegin.o
 *(.init)
 .init          0x0000000008008800        0x4 c:/st/stm32cubeide_1.12.1/stm32cubeide/plugins/com.st.stm32cube.ide.mcu.externaltools.gnu-tools-for-stm32.10.3-2021.10.win32_1.0.200.202301161003/tools/bin/../lib/gcc/arm-none-eabi/10.3.1/thumb/v8-m.main+fp/hard/crti.o
                0x0000000008008800                _init
 .init          0x0000000008008804        0x8 c:/st/stm32cubeide_1.12.1/stm32cubeide/plugins/com.st.stm32cube.ide.mcu.externaltools.gnu-tools-for-stm32.10.3-2021.10.win32_1.0.200.202301161003/tools/bin/../lib/gcc/arm-none-eabi/10.3.1/thumb/v8-m.main+fp/hard/crtn.o
 *(.fini)
 .fini          0x000000000800880c        0x4 c:/st/stm32cubeide_1.12.1/stm32cubeide/plugins/com.st.stm32cube.ide.mcu.externaltools.gnu-tools-for-stm32.10.3-2021.10.win32_1.0.200.202301161003/tools/bin/../lib/gcc/arm-none-eabi/10.3.1/thumb/v8-m.main+fp/hard/crti.o
                0x000000000800880c                _fini
 .fini          0x0000000008008810        0x8 c:/st/stm32cubeide_1.12.1/stm32cubeide/plugins/com.st.stm32cube.ide.mcu.externaltools.gnu-tools-for-stm32.10.3-2021.10.win32_1.0.200.202301161003/tools/bin/../lib/gcc/arm-none-eabi/10.3.1/thumb/v8-m.main+fp/hard/crtn.o
                0x0000000008008818                . = ALIGN (0x4)
                0x0000000008008818                _etext = .

.vfp11_veneer   0x0000000008008818        0x0
 .vfp11_veneer  0x0000000008008818        0x0 linker stubs

.v4_bx          0x0000000008008818        0x0
 .v4_bx         0x0000000008008818        0x0 linker stubs

.iplt           0x0000000008008818        0x0
 .iplt          0x0000000008008818        0x0 c:/st/stm32cubeide_1.12.1/stm32cubeide/plugins/com.st.stm32cube.ide.mcu.externaltools.gnu-tools-for-stm32.10.3-2021.10.win32_1.0.200.202301161003/tools/bin/../lib/gcc/arm-none-eabi/10.3.1/thumb/v8-m.main+fp/hard/crtbegin.o

.rodata         0x0000000008008818      0xf60
                0x0000000008008818                . = ALIGN (0x4)
 *(.rodata)
 *(.rodata*)
 .rodata._ZL27mavlink_sha256_constant_256
                0x0000000008008818      0x100 ./Core/Src/SSM_D_MAVLink.o
 .rodata._ZZ21mavlink_get_msg_entryE20mavlink_message_crcs
                0x0000000008008918      0xde0 ./Core/Src/SSM_D_MAVLink.o
 .rodata.AHBPrescTable
                0x00000000080096f8       0x10 ./Core/Src/system_stm32l5xx.o
                0x00000000080096f8                AHBPrescTable
 .rodata.APBPrescTable
                0x0000000008009708        0x8 ./Core/Src/system_stm32l5xx.o
                0x0000000008009708                APBPrescTable
 .rodata.MSIRangeTable
                0x0000000008009710       0x40 ./Core/Src/system_stm32l5xx.o
                0x0000000008009710                MSIRangeTable
 .rodata.UARTPrescTable
                0x0000000008009750       0x18 ./Drivers/STM32L5xx_HAL_Driver/Src/stm32l5xx_hal_uart.o
                0x0000000008009750                UARTPrescTable
 .rodata.numerator.1
                0x0000000008009768        0x8 ./Drivers/STM32L5xx_HAL_Driver/Src/stm32l5xx_hal_uart_ex.o
 .rodata.denominator.0
                0x0000000008009770        0x8 ./Drivers/STM32L5xx_HAL_Driver/Src/stm32l5xx_hal_uart_ex.o
                0x0000000008009778                . = ALIGN (0x4)

.ARM.extab      0x0000000008009778        0x0
                0x0000000008009778                . = ALIGN (0x4)
 *(.ARM.extab* .gnu.linkonce.armextab.*)
                0x0000000008009778                . = ALIGN (0x4)

.ARM            0x0000000008009778        0x8
                0x0000000008009778                . = ALIGN (0x4)
                0x0000000008009778                __exidx_start = .
 *(.ARM.exidx*)
 .ARM.exidx     0x0000000008009778        0x8 c:/st/stm32cubeide_1.12.1/stm32cubeide/plugins/com.st.stm32cube.ide.mcu.externaltools.gnu-tools-for-stm32.10.3-2021.10.win32_1.0.200.202301161003/tools/bin/../lib/gcc/arm-none-eabi/10.3.1/thumb/v8-m.main+fp/hard\libgcc.a(_udivmoddi4.o)
                0x0000000008009780                __exidx_end = .
                0x0000000008009780                . = ALIGN (0x4)

.rel.dyn        0x0000000008009780        0x0
 .rel.iplt      0x0000000008009780        0x0 c:/st/stm32cubeide_1.12.1/stm32cubeide/plugins/com.st.stm32cube.ide.mcu.externaltools.gnu-tools-for-stm32.10.3-2021.10.win32_1.0.200.202301161003/tools/bin/../lib/gcc/arm-none-eabi/10.3.1/thumb/v8-m.main+fp/hard/crtbegin.o

.preinit_array  0x0000000008009780        0x0
                0x0000000008009780                . = ALIGN (0x4)
                0x0000000008009780                PROVIDE (__preinit_array_start = .)
 *(.preinit_array*)
                0x0000000008009780                PROVIDE (__preinit_array_end = .)
                0x0000000008009780                . = ALIGN (0x4)

.init_array     0x0000000008009780        0x8
                0x0000000008009780                . = ALIGN (0x4)
                0x0000000008009780                PROVIDE (__init_array_start = .)
 *(SORT_BY_NAME(.init_array.*))
 *(.init_array*)
 .init_array    0x0000000008009780        0x4 c:/st/stm32cubeide_1.12.1/stm32cubeide/plugins/com.st.stm32cube.ide.mcu.externaltools.gnu-tools-for-stm32.10.3-2021.10.win32_1.0.200.202301161003/tools/bin/../lib/gcc/arm-none-eabi/10.3.1/thumb/v8-m.main+fp/hard/crtbegin.o
 .init_array    0x0000000008009784        0x4 ./Core/Src/CommonDataTypes.o
                0x0000000008009788                PROVIDE (__init_array_end = .)
                0x0000000008009788                . = ALIGN (0x4)

.fini_array     0x0000000008009788        0x8
                0x0000000008009788                . = ALIGN (0x4)
                [!provide]                        PROVIDE (__fini_array_start = .)
 *(SORT_BY_NAME(.fini_array.*))
 *(.fini_array*)
 .fini_array    0x0000000008009788        0x4 c:/st/stm32cubeide_1.12.1/stm32cubeide/plugins/com.st.stm32cube.ide.mcu.externaltools.gnu-tools-for-stm32.10.3-2021.10.win32_1.0.200.202301161003/tools/bin/../lib/gcc/arm-none-eabi/10.3.1/thumb/v8-m.main+fp/hard/crtbegin.o
 .fini_array    0x000000000800978c        0x4 ./Core/Src/CommonDataTypes.o
                [!provide]                        PROVIDE (__fini_array_end = .)
                0x0000000008009790                . = ALIGN (0x4)
                0x0000000008009790                _sidata = LOADADDR (.data)

.data           0x0000000020000000       0x78 load address 0x0000000008009790
                0x0000000020000000                . = ALIGN (0x4)
                0x0000000020000000                _sdata = .
 *(.data)
 *(.data*)
 .data.drone_mavlink
                0x0000000020000000        0x4 ./Core/Src/CommonDataTypes.o
                0x0000000020000000                drone_mavlink
 .data.antenna_mavlink
                0x0000000020000004        0x4 ./Core/Src/CommonDataTypes.o
                0x0000000020000004                antenna_mavlink
 .data.SystemCoreClock
                0x0000000020000008        0x4 ./Core/Src/system_stm32l5xx.o
                0x0000000020000008                SystemCoreClock
 .data.uwTickPrio
                0x000000002000000c        0x4 ./Drivers/STM32L5xx_HAL_Driver/Src/stm32l5xx_hal.o
                0x000000002000000c                uwTickPrio
 .data.uwTickFreq
                0x0000000020000010        0x1 ./Drivers/STM32L5xx_HAL_Driver/Src/stm32l5xx_hal.o
                0x0000000020000010                uwTickFreq
 *fill*         0x0000000020000011        0x3 
 .data._impure_ptr
                0x0000000020000014        0x4 c:/st/stm32cubeide_1.12.1/stm32cubeide/plugins/com.st.stm32cube.ide.mcu.externaltools.gnu-tools-for-stm32.10.3-2021.10.win32_1.0.200.202301161003/tools/bin/../lib/gcc/arm-none-eabi/10.3.1/../../../../arm-none-eabi/lib/thumb/v8-m.main+fp/hard\libc_nano.a(lib_a-impure.o)
                0x0000000020000014                _impure_ptr
 .data.impure_data
                0x0000000020000018       0x60 c:/st/stm32cubeide_1.12.1/stm32cubeide/plugins/com.st.stm32cube.ide.mcu.externaltools.gnu-tools-for-stm32.10.3-2021.10.win32_1.0.200.202301161003/tools/bin/../lib/gcc/arm-none-eabi/10.3.1/../../../../arm-none-eabi/lib/thumb/v8-m.main+fp/hard\libc_nano.a(lib_a-impure.o)
 *(.RamFunc)
 *(.RamFunc*)
                0x0000000020000078                . = ALIGN (0x4)
                0x0000000020000078                _edata = .

.igot.plt       0x0000000020000078        0x0 load address 0x0000000008009808
 .igot.plt      0x0000000020000078        0x0 c:/st/stm32cubeide_1.12.1/stm32cubeide/plugins/com.st.stm32cube.ide.mcu.externaltools.gnu-tools-for-stm32.10.3-2021.10.win32_1.0.200.202301161003/tools/bin/../lib/gcc/arm-none-eabi/10.3.1/thumb/v8-m.main+fp/hard/crtbegin.o
                0x0000000020000078                . = ALIGN (0x4)

.bss            0x0000000020000078     0x1668 load address 0x0000000008009808
                0x0000000020000078                _sbss = .
                0x0000000020000078                __bss_start__ = _sbss
 *(.bss)
 .bss           0x0000000020000078       0x1c c:/st/stm32cubeide_1.12.1/stm32cubeide/plugins/com.st.stm32cube.ide.mcu.externaltools.gnu-tools-for-stm32.10.3-2021.10.win32_1.0.200.202301161003/tools/bin/../lib/gcc/arm-none-eabi/10.3.1/thumb/v8-m.main+fp/hard/crtbegin.o
 *(.bss*)
 .bss.drone_mavlink_instance
                0x0000000020000094      0x5e4 ./Core/Src/CommonDataTypes.o
                0x0000000020000094                drone_mavlink_instance
 .bss.antenna_mavlink_instance
                0x0000000020000678      0x5e4 ./Core/Src/CommonDataTypes.o
                0x0000000020000678                antenna_mavlink_instance
 .bss._ZZ26mavlink_get_channel_statusE16m_mavlink_status
                0x0000000020000c5c       0x60 ./Core/Src/SSM_D_MAVLink.o
 .bss._ZZ26mavlink_get_channel_bufferE16m_mavlink_buffer
                0x0000000020000cbc      0x48c ./Core/Src/SSM_D_MAVLink.o
 .bss.hadc1     0x0000000020001148       0x68 ./Core/Src/adc.o
                0x0000000020001148                hadc1
 .bss.hrtc      0x00000000200011b0       0x28 ./Core/Src/rtc.o
                0x00000000200011b0                hrtc
 .bss.__sbrk_heap_end
                0x00000000200011d8        0x4 ./Core/Src/sysmem.o
 .bss.huart2    0x00000000200011dc       0x94 ./Core/Src/usart.o
                0x00000000200011dc                huart2
 .bss.huart3    0x0000000020001270       0x94 ./Core/Src/usart.o
                0x0000000020001270                huart3
 .bss.hdma_usart2_rx
                0x0000000020001304       0x68 ./Core/Src/usart.o
                0x0000000020001304                hdma_usart2_rx
 .bss.hdma_usart3_rx
                0x000000002000136c       0x68 ./Core/Src/usart.o
                0x000000002000136c                hdma_usart3_rx
 .bss.hpcd_USB_FS
                0x00000000200013d4      0x2f4 ./Core/Src/usb.o
                0x00000000200013d4                hpcd_USB_FS
 .bss.uwTick    0x00000000200016c8        0x4 ./Drivers/STM32L5xx_HAL_Driver/Src/stm32l5xx_hal.o
                0x00000000200016c8                uwTick
 .bss._ZN12_GLOBAL__N_113__new_handlerE
                0x00000000200016cc        0x4 c:/st/stm32cubeide_1.12.1/stm32cubeide/plugins/com.st.stm32cube.ide.mcu.externaltools.gnu-tools-for-stm32.10.3-2021.10.win32_1.0.200.202301161003/tools/bin/../lib/gcc/arm-none-eabi/10.3.1/../../../../arm-none-eabi/lib/thumb/v8-m.main+fp/hard\libstdc++_nano.a(new_handler.o)
 .bss.__malloc_free_list
                0x00000000200016d0        0x4 c:/st/stm32cubeide_1.12.1/stm32cubeide/plugins/com.st.stm32cube.ide.mcu.externaltools.gnu-tools-for-stm32.10.3-2021.10.win32_1.0.200.202301161003/tools/bin/../lib/gcc/arm-none-eabi/10.3.1/../../../../arm-none-eabi/lib/thumb/v8-m.main+fp/hard\libc_nano.a(lib_a-nano-mallocr.o)
                0x00000000200016d0                __malloc_free_list
 .bss.__malloc_sbrk_start
                0x00000000200016d4        0x4 c:/st/stm32cubeide_1.12.1/stm32cubeide/plugins/com.st.stm32cube.ide.mcu.externaltools.gnu-tools-for-stm32.10.3-2021.10.win32_1.0.200.202301161003/tools/bin/../lib/gcc/arm-none-eabi/10.3.1/../../../../arm-none-eabi/lib/thumb/v8-m.main+fp/hard\libc_nano.a(lib_a-nano-mallocr.o)
                0x00000000200016d4                __malloc_sbrk_start
 .bss.errno     0x00000000200016d8        0x4 c:/st/stm32cubeide_1.12.1/stm32cubeide/plugins/com.st.stm32cube.ide.mcu.externaltools.gnu-tools-for-stm32.10.3-2021.10.win32_1.0.200.202301161003/tools/bin/../lib/gcc/arm-none-eabi/10.3.1/../../../../arm-none-eabi/lib/thumb/v8-m.main+fp/hard\libc_nano.a(lib_a-reent.o)
                0x00000000200016d8                errno
 .bss.__lock___malloc_recursive_mutex
                0x00000000200016dc        0x1 c:/st/stm32cubeide_1.12.1/stm32cubeide/plugins/com.st.stm32cube.ide.mcu.externaltools.gnu-tools-for-stm32.10.3-2021.10.win32_1.0.200.202301161003/tools/bin/../lib/gcc/arm-none-eabi/10.3.1/../../../../arm-none-eabi/lib/thumb/v8-m.main+fp/hard\libc_nano.a(lib_a-lock.o)
                0x00000000200016dc                __lock___malloc_recursive_mutex
 *(COMMON)
                0x00000000200016e0                . = ALIGN (0x4)
 *fill*         0x00000000200016dd        0x3 
                0x00000000200016e0                _ebss = .
                0x00000000200016e0                __bss_end__ = _ebss

._user_heap_stack
                0x00000000200016e0      0x600 load address 0x0000000008009808
                0x00000000200016e0                . = ALIGN (0x8)
                [!provide]                        PROVIDE (end = .)
                0x00000000200016e0                PROVIDE (_end = .)
                0x00000000200018e0                . = (. + _Min_Heap_Size)
 *fill*         0x00000000200016e0      0x200 
                0x0000000020001ce0                . = (. + _Min_Stack_Size)
 *fill*         0x00000000200018e0      0x400 
                0x0000000020001ce0                . = ALIGN (0x8)

/DISCARD/
 libc.a(*)
 libm.a(*)
 libgcc.a(*)

.ARM.attributes
                0x0000000000000000       0x36
 *(.ARM.attributes)
 .ARM.attributes
                0x0000000000000000       0x22 c:/st/stm32cubeide_1.12.1/stm32cubeide/plugins/com.st.stm32cube.ide.mcu.externaltools.gnu-tools-for-stm32.10.3-2021.10.win32_1.0.200.202301161003/tools/bin/../lib/gcc/arm-none-eabi/10.3.1/thumb/v8-m.main+fp/hard/crti.o
 .ARM.attributes
                0x0000000000000022       0x38 c:/st/stm32cubeide_1.12.1/stm32cubeide/plugins/com.st.stm32cube.ide.mcu.externaltools.gnu-tools-for-stm32.10.3-2021.10.win32_1.0.200.202301161003/tools/bin/../lib/gcc/arm-none-eabi/10.3.1/thumb/v8-m.main+fp/hard/crtbegin.o
 .ARM.attributes
                0x000000000000005a       0x3a ./Core/Src/CircularBuffer.o
 .ARM.attributes
                0x0000000000000094       0x3a ./Core/Src/CommonDataTypes.o
 .ARM.attributes
                0x00000000000000ce       0x3a ./Core/Src/SSM_D_MAVLink.o
 .ARM.attributes
                0x0000000000000108       0x3a ./Core/Src/adc.o
 .ARM.attributes
                0x0000000000000142       0x3a ./Core/Src/callback_organize.o
 .ARM.attributes
                0x000000000000017c       0x3a ./Core/Src/dma.o
 .ARM.attributes
                0x00000000000001b6       0x3a ./Core/Src/gpio.o
 .ARM.attributes
                0x00000000000001f0       0x3a ./Core/Src/main.o
 .ARM.attributes
                0x000000000000022a       0x3a ./Core/Src/rtc.o
 .ARM.attributes
                0x0000000000000264       0x3a ./Core/Src/stm32l5xx_hal_msp.o
 .ARM.attributes
                0x000000000000029e       0x3a ./Core/Src/stm32l5xx_it.o
 .ARM.attributes
                0x00000000000002d8       0x3a ./Core/Src/syscalls.o
 .ARM.attributes
                0x0000000000000312       0x3a ./Core/Src/sysmem.o
 .ARM.attributes
                0x000000000000034c       0x3a ./Core/Src/system_stm32l5xx.o
 .ARM.attributes
                0x0000000000000386       0x3a ./Core/Src/usart.o
 .ARM.attributes
                0x00000000000003c0       0x3a ./Core/Src/usb.o
 .ARM.attributes
                0x00000000000003fa       0x24 ./Core/Startup/startup_stm32l552zetxq.o
 .ARM.attributes
                0x000000000000041e       0x3a ./Drivers/STM32L5xx_HAL_Driver/Src/stm32l5xx_hal.o
 .ARM.attributes
                0x0000000000000458       0x3a ./Drivers/STM32L5xx_HAL_Driver/Src/stm32l5xx_hal_adc.o
 .ARM.attributes
                0x0000000000000492       0x3a ./Drivers/STM32L5xx_HAL_Driver/Src/stm32l5xx_hal_adc_ex.o
 .ARM.attributes
                0x00000000000004cc       0x3a ./Drivers/STM32L5xx_HAL_Driver/Src/stm32l5xx_hal_cortex.o
 .ARM.attributes
                0x0000000000000506       0x3a ./Drivers/STM32L5xx_HAL_Driver/Src/stm32l5xx_hal_dma.o
 .ARM.attributes
                0x0000000000000540       0x3a ./Drivers/STM32L5xx_HAL_Driver/Src/stm32l5xx_hal_gpio.o
 .ARM.attributes
                0x000000000000057a       0x3a ./Drivers/STM32L5xx_HAL_Driver/Src/stm32l5xx_hal_pcd.o
 .ARM.attributes
                0x00000000000005b4       0x3a ./Drivers/STM32L5xx_HAL_Driver/Src/stm32l5xx_hal_pcd_ex.o
 .ARM.attributes
                0x00000000000005ee       0x3a ./Drivers/STM32L5xx_HAL_Driver/Src/stm32l5xx_hal_pwr.o
 .ARM.attributes
                0x0000000000000628       0x3a ./Drivers/STM32L5xx_HAL_Driver/Src/stm32l5xx_hal_pwr_ex.o
 .ARM.attributes
                0x0000000000000662       0x3a ./Drivers/STM32L5xx_HAL_Driver/Src/stm32l5xx_hal_rcc.o
 .ARM.attributes
                0x000000000000069c       0x3a ./Drivers/STM32L5xx_HAL_Driver/Src/stm32l5xx_hal_rcc_ex.o
 .ARM.attributes
                0x00000000000006d6       0x3a ./Drivers/STM32L5xx_HAL_Driver/Src/stm32l5xx_hal_rtc.o
 .ARM.attributes
                0x0000000000000710       0x3a ./Drivers/STM32L5xx_HAL_Driver/Src/stm32l5xx_hal_rtc_ex.o
 .ARM.attributes
                0x000000000000074a       0x3a ./Drivers/STM32L5xx_HAL_Driver/Src/stm32l5xx_hal_uart.o
 .ARM.attributes
                0x0000000000000784       0x3a ./Drivers/STM32L5xx_HAL_Driver/Src/stm32l5xx_hal_uart_ex.o
 .ARM.attributes
                0x00000000000007be       0x3a ./Drivers/STM32L5xx_HAL_Driver/Src/stm32l5xx_ll_usb.o
 .ARM.attributes
                0x00000000000007f8       0x38 c:/st/stm32cubeide_1.12.1/stm32cubeide/plugins/com.st.stm32cube.ide.mcu.externaltools.gnu-tools-for-stm32.10.3-2021.10.win32_1.0.200.202301161003/tools/bin/../lib/gcc/arm-none-eabi/10.3.1/../../../../arm-none-eabi/lib/thumb/v8-m.main+fp/hard\libstdc++_nano.a(del_ops.o)
 .ARM.attributes
                0x0000000000000830       0x38 c:/st/stm32cubeide_1.12.1/stm32cubeide/plugins/com.st.stm32cube.ide.mcu.externaltools.gnu-tools-for-stm32.10.3-2021.10.win32_1.0.200.202301161003/tools/bin/../lib/gcc/arm-none-eabi/10.3.1/../../../../arm-none-eabi/lib/thumb/v8-m.main+fp/hard\libstdc++_nano.a(new_op.o)
 .ARM.attributes
                0x0000000000000868       0x38 c:/st/stm32cubeide_1.12.1/stm32cubeide/plugins/com.st.stm32cube.ide.mcu.externaltools.gnu-tools-for-stm32.10.3-2021.10.win32_1.0.200.202301161003/tools/bin/../lib/gcc/arm-none-eabi/10.3.1/../../../../arm-none-eabi/lib/thumb/v8-m.main+fp/hard\libstdc++_nano.a(del_op.o)
 .ARM.attributes
                0x00000000000008a0       0x38 c:/st/stm32cubeide_1.12.1/stm32cubeide/plugins/com.st.stm32cube.ide.mcu.externaltools.gnu-tools-for-stm32.10.3-2021.10.win32_1.0.200.202301161003/tools/bin/../lib/gcc/arm-none-eabi/10.3.1/../../../../arm-none-eabi/lib/thumb/v8-m.main+fp/hard\libstdc++_nano.a(new_handler.o)
 .ARM.attributes
                0x00000000000008d8       0x38 c:/st/stm32cubeide_1.12.1/stm32cubeide/plugins/com.st.stm32cube.ide.mcu.externaltools.gnu-tools-for-stm32.10.3-2021.10.win32_1.0.200.202301161003/tools/bin/../lib/gcc/arm-none-eabi/10.3.1/../../../../arm-none-eabi/lib/thumb/v8-m.main+fp/hard\libc_nano.a(lib_a-abort.o)
 .ARM.attributes
                0x0000000000000910       0x38 c:/st/stm32cubeide_1.12.1/stm32cubeide/plugins/com.st.stm32cube.ide.mcu.externaltools.gnu-tools-for-stm32.10.3-2021.10.win32_1.0.200.202301161003/tools/bin/../lib/gcc/arm-none-eabi/10.3.1/../../../../arm-none-eabi/lib/thumb/v8-m.main+fp/hard\libc_nano.a(lib_a-errno.o)
 .ARM.attributes
                0x0000000000000948       0x38 c:/st/stm32cubeide_1.12.1/stm32cubeide/plugins/com.st.stm32cube.ide.mcu.externaltools.gnu-tools-for-stm32.10.3-2021.10.win32_1.0.200.202301161003/tools/bin/../lib/gcc/arm-none-eabi/10.3.1/../../../../arm-none-eabi/lib/thumb/v8-m.main+fp/hard\libc_nano.a(lib_a-impure.o)
 .ARM.attributes
                0x0000000000000980       0x38 c:/st/stm32cubeide_1.12.1/stm32cubeide/plugins/com.st.stm32cube.ide.mcu.externaltools.gnu-tools-for-stm32.10.3-2021.10.win32_1.0.200.202301161003/tools/bin/../lib/gcc/arm-none-eabi/10.3.1/../../../../arm-none-eabi/lib/thumb/v8-m.main+fp/hard\libc_nano.a(lib_a-init.o)
 .ARM.attributes
                0x00000000000009b8       0x38 c:/st/stm32cubeide_1.12.1/stm32cubeide/plugins/com.st.stm32cube.ide.mcu.externaltools.gnu-tools-for-stm32.10.3-2021.10.win32_1.0.200.202301161003/tools/bin/../lib/gcc/arm-none-eabi/10.3.1/../../../../arm-none-eabi/lib/thumb/v8-m.main+fp/hard\libc_nano.a(lib_a-malloc.o)
 .ARM.attributes
                0x00000000000009f0       0x38 c:/st/stm32cubeide_1.12.1/stm32cubeide/plugins/com.st.stm32cube.ide.mcu.externaltools.gnu-tools-for-stm32.10.3-2021.10.win32_1.0.200.202301161003/tools/bin/../lib/gcc/arm-none-eabi/10.3.1/../../../../arm-none-eabi/lib/thumb/v8-m.main+fp/hard\libc_nano.a(lib_a-memcmp.o)
 .ARM.attributes
                0x0000000000000a28       0x38 c:/st/stm32cubeide_1.12.1/stm32cubeide/plugins/com.st.stm32cube.ide.mcu.externaltools.gnu-tools-for-stm32.10.3-2021.10.win32_1.0.200.202301161003/tools/bin/../lib/gcc/arm-none-eabi/10.3.1/../../../../arm-none-eabi/lib/thumb/v8-m.main+fp/hard\libc_nano.a(lib_a-memcpy-stub.o)
 .ARM.attributes
                0x0000000000000a60       0x38 c:/st/stm32cubeide_1.12.1/stm32cubeide/plugins/com.st.stm32cube.ide.mcu.externaltools.gnu-tools-for-stm32.10.3-2021.10.win32_1.0.200.202301161003/tools/bin/../lib/gcc/arm-none-eabi/10.3.1/../../../../arm-none-eabi/lib/thumb/v8-m.main+fp/hard\libc_nano.a(lib_a-memset.o)
 .ARM.attributes
                0x0000000000000a98       0x38 c:/st/stm32cubeide_1.12.1/stm32cubeide/plugins/com.st.stm32cube.ide.mcu.externaltools.gnu-tools-for-stm32.10.3-2021.10.win32_1.0.200.202301161003/tools/bin/../lib/gcc/arm-none-eabi/10.3.1/../../../../arm-none-eabi/lib/thumb/v8-m.main+fp/hard\libc_nano.a(lib_a-nano-freer.o)
 .ARM.attributes
                0x0000000000000ad0       0x38 c:/st/stm32cubeide_1.12.1/stm32cubeide/plugins/com.st.stm32cube.ide.mcu.externaltools.gnu-tools-for-stm32.10.3-2021.10.win32_1.0.200.202301161003/tools/bin/../lib/gcc/arm-none-eabi/10.3.1/../../../../arm-none-eabi/lib/thumb/v8-m.main+fp/hard\libc_nano.a(lib_a-nano-mallocr.o)
 .ARM.attributes
                0x0000000000000b08       0x38 c:/st/stm32cubeide_1.12.1/stm32cubeide/plugins/com.st.stm32cube.ide.mcu.externaltools.gnu-tools-for-stm32.10.3-2021.10.win32_1.0.200.202301161003/tools/bin/../lib/gcc/arm-none-eabi/10.3.1/../../../../arm-none-eabi/lib/thumb/v8-m.main+fp/hard\libc_nano.a(lib_a-sbrkr.o)
 .ARM.attributes
                0x0000000000000b40       0x38 c:/st/stm32cubeide_1.12.1/stm32cubeide/plugins/com.st.stm32cube.ide.mcu.externaltools.gnu-tools-for-stm32.10.3-2021.10.win32_1.0.200.202301161003/tools/bin/../lib/gcc/arm-none-eabi/10.3.1/../../../../arm-none-eabi/lib/thumb/v8-m.main+fp/hard\libc_nano.a(lib_a-signal.o)
 .ARM.attributes
                0x0000000000000b78       0x38 c:/st/stm32cubeide_1.12.1/stm32cubeide/plugins/com.st.stm32cube.ide.mcu.externaltools.gnu-tools-for-stm32.10.3-2021.10.win32_1.0.200.202301161003/tools/bin/../lib/gcc/arm-none-eabi/10.3.1/../../../../arm-none-eabi/lib/thumb/v8-m.main+fp/hard\libc_nano.a(lib_a-signalr.o)
 .ARM.attributes
                0x0000000000000bb0       0x38 c:/st/stm32cubeide_1.12.1/stm32cubeide/plugins/com.st.stm32cube.ide.mcu.externaltools.gnu-tools-for-stm32.10.3-2021.10.win32_1.0.200.202301161003/tools/bin/../lib/gcc/arm-none-eabi/10.3.1/../../../../arm-none-eabi/lib/thumb/v8-m.main+fp/hard\libc_nano.a(lib_a-mlock.o)
 .ARM.attributes
                0x0000000000000be8       0x38 c:/st/stm32cubeide_1.12.1/stm32cubeide/plugins/com.st.stm32cube.ide.mcu.externaltools.gnu-tools-for-stm32.10.3-2021.10.win32_1.0.200.202301161003/tools/bin/../lib/gcc/arm-none-eabi/10.3.1/../../../../arm-none-eabi/lib/thumb/v8-m.main+fp/hard\libc_nano.a(lib_a-reent.o)
 .ARM.attributes
                0x0000000000000c20       0x38 c:/st/stm32cubeide_1.12.1/stm32cubeide/plugins/com.st.stm32cube.ide.mcu.externaltools.gnu-tools-for-stm32.10.3-2021.10.win32_1.0.200.202301161003/tools/bin/../lib/gcc/arm-none-eabi/10.3.1/../../../../arm-none-eabi/lib/thumb/v8-m.main+fp/hard\libc_nano.a(lib_a-lock.o)
 .ARM.attributes
                0x0000000000000c58       0x22 c:/st/stm32cubeide_1.12.1/stm32cubeide/plugins/com.st.stm32cube.ide.mcu.externaltools.gnu-tools-for-stm32.10.3-2021.10.win32_1.0.200.202301161003/tools/bin/../lib/gcc/arm-none-eabi/10.3.1/thumb/v8-m.main+fp/hard\libgcc.a(_aeabi_uldivmod.o)
 .ARM.attributes
                0x0000000000000c7a       0x38 c:/st/stm32cubeide_1.12.1/stm32cubeide/plugins/com.st.stm32cube.ide.mcu.externaltools.gnu-tools-for-stm32.10.3-2021.10.win32_1.0.200.202301161003/tools/bin/../lib/gcc/arm-none-eabi/10.3.1/thumb/v8-m.main+fp/hard\libgcc.a(_udivmoddi4.o)
 .ARM.attributes
                0x0000000000000cb2       0x22 c:/st/stm32cubeide_1.12.1/stm32cubeide/plugins/com.st.stm32cube.ide.mcu.externaltools.gnu-tools-for-stm32.10.3-2021.10.win32_1.0.200.202301161003/tools/bin/../lib/gcc/arm-none-eabi/10.3.1/thumb/v8-m.main+fp/hard\libgcc.a(_dvmd_tls.o)
 .ARM.attributes
                0x0000000000000cd4       0x22 c:/st/stm32cubeide_1.12.1/stm32cubeide/plugins/com.st.stm32cube.ide.mcu.externaltools.gnu-tools-for-stm32.10.3-2021.10.win32_1.0.200.202301161003/tools/bin/../lib/gcc/arm-none-eabi/10.3.1/thumb/v8-m.main+fp/hard/crtn.o
OUTPUT(MavlinkPassthrough_L5.elf elf32-littlearm)
LOAD linker stubs
LOAD c:/st/stm32cubeide_1.12.1/stm32cubeide/plugins/com.st.stm32cube.ide.mcu.externaltools.gnu-tools-for-stm32.10.3-2021.10.win32_1.0.200.202301161003/tools/bin/../lib/gcc/arm-none-eabi/10.3.1/../../../../arm-none-eabi/lib/thumb/v8-m.main+fp/hard\libc.a
LOAD c:/st/stm32cubeide_1.12.1/stm32cubeide/plugins/com.st.stm32cube.ide.mcu.externaltools.gnu-tools-for-stm32.10.3-2021.10.win32_1.0.200.202301161003/tools/bin/../lib/gcc/arm-none-eabi/10.3.1/../../../../arm-none-eabi/lib/thumb/v8-m.main+fp/hard\libm.a
LOAD c:/st/stm32cubeide_1.12.1/stm32cubeide/plugins/com.st.stm32cube.ide.mcu.externaltools.gnu-tools-for-stm32.10.3-2021.10.win32_1.0.200.202301161003/tools/bin/../lib/gcc/arm-none-eabi/10.3.1/thumb/v8-m.main+fp/hard\libgcc.a

.debug_info     0x0000000000000000    0x2827f
 .debug_info    0x0000000000000000      0x48a ./Core/Src/CircularBuffer.o
 .debug_info    0x000000000000048a     0x2717 ./Core/Src/CommonDataTypes.o
 .debug_info    0x0000000000002ba1     0x32bd ./Core/Src/SSM_D_MAVLink.o
 .debug_info    0x0000000000005e5e     0x1165 ./Core/Src/adc.o
 .debug_info    0x0000000000006fc3     0x26dd ./Core/Src/callback_organize.o
 .debug_info    0x00000000000096a0      0x6db ./Core/Src/dma.o
 .debug_info    0x0000000000009d7b      0x5f6 ./Core/Src/gpio.o
 .debug_info    0x000000000000a371     0x2c5c ./Core/Src/main.o
 .debug_info    0x000000000000cfcd      0xa19 ./Core/Src/rtc.o
 .debug_info    0x000000000000d9e6      0x3e9 ./Core/Src/stm32l5xx_hal_msp.o
 .debug_info    0x000000000000ddcf      0x92c ./Core/Src/stm32l5xx_it.o
 .debug_info    0x000000000000e6fb      0x6e0 ./Core/Src/syscalls.o
 .debug_info    0x000000000000eddb      0x171 ./Core/Src/sysmem.o
 .debug_info    0x000000000000ef4c      0x7fc ./Core/Src/system_stm32l5xx.o
 .debug_info    0x000000000000f748     0x13f9 ./Core/Src/usart.o
 .debug_info    0x0000000000010b41      0xdbe ./Core/Src/usb.o
 .debug_info    0x00000000000118ff       0x22 ./Core/Startup/startup_stm32l552zetxq.o
 .debug_info    0x0000000000011921      0xd43 ./Drivers/STM32L5xx_HAL_Driver/Src/stm32l5xx_hal.o
 .debug_info    0x0000000000012664     0x2026 ./Drivers/STM32L5xx_HAL_Driver/Src/stm32l5xx_hal_adc.o
 .debug_info    0x000000000001468a     0x1da4 ./Drivers/STM32L5xx_HAL_Driver/Src/stm32l5xx_hal_adc_ex.o
 .debug_info    0x000000000001642e     0x1177 ./Drivers/STM32L5xx_HAL_Driver/Src/stm32l5xx_hal_cortex.o
 .debug_info    0x00000000000175a5      0x9c0 ./Drivers/STM32L5xx_HAL_Driver/Src/stm32l5xx_hal_dma.o
 .debug_info    0x0000000000017f65      0x655 ./Drivers/STM32L5xx_HAL_Driver/Src/stm32l5xx_hal_gpio.o
 .debug_info    0x00000000000185ba     0x1714 ./Drivers/STM32L5xx_HAL_Driver/Src/stm32l5xx_hal_pcd.o
 .debug_info    0x0000000000019cce      0x882 ./Drivers/STM32L5xx_HAL_Driver/Src/stm32l5xx_hal_pcd_ex.o
 .debug_info    0x000000000001a550      0xd12 ./Drivers/STM32L5xx_HAL_Driver/Src/stm32l5xx_hal_pwr.o
 .debug_info    0x000000000001b262      0xdf9 ./Drivers/STM32L5xx_HAL_Driver/Src/stm32l5xx_hal_pwr_ex.o
 .debug_info    0x000000000001c05b     0x1083 ./Drivers/STM32L5xx_HAL_Driver/Src/stm32l5xx_hal_rcc.o
 .debug_info    0x000000000001d0de     0x121a ./Drivers/STM32L5xx_HAL_Driver/Src/stm32l5xx_hal_rcc_ex.o
 .debug_info    0x000000000001e2f8     0x1079 ./Drivers/STM32L5xx_HAL_Driver/Src/stm32l5xx_hal_rtc.o
 .debug_info    0x000000000001f371     0x1b9b ./Drivers/STM32L5xx_HAL_Driver/Src/stm32l5xx_hal_rtc_ex.o
 .debug_info    0x0000000000020f0c     0x4ba2 ./Drivers/STM32L5xx_HAL_Driver/Src/stm32l5xx_hal_uart.o
 .debug_info    0x0000000000025aae     0x10a8 ./Drivers/STM32L5xx_HAL_Driver/Src/stm32l5xx_hal_uart_ex.o
 .debug_info    0x0000000000026b56     0x1729 ./Drivers/STM32L5xx_HAL_Driver/Src/stm32l5xx_ll_usb.o

.debug_abbrev   0x0000000000000000     0x4df6
 .debug_abbrev  0x0000000000000000      0x211 ./Core/Src/CircularBuffer.o
 .debug_abbrev  0x0000000000000211      0x3b0 ./Core/Src/CommonDataTypes.o
 .debug_abbrev  0x00000000000005c1      0x5e2 ./Core/Src/SSM_D_MAVLink.o
 .debug_abbrev  0x0000000000000ba3      0x207 ./Core/Src/adc.o
 .debug_abbrev  0x0000000000000daa      0x36f ./Core/Src/callback_organize.o
 .debug_abbrev  0x0000000000001119      0x126 ./Core/Src/dma.o
 .debug_abbrev  0x000000000000123f      0x179 ./Core/Src/gpio.o
 .debug_abbrev  0x00000000000013b8      0x3fa ./Core/Src/main.o
 .debug_abbrev  0x00000000000017b2      0x1ca ./Core/Src/rtc.o
 .debug_abbrev  0x000000000000197c       0xf8 ./Core/Src/stm32l5xx_hal_msp.o
 .debug_abbrev  0x0000000000001a74      0x166 ./Core/Src/stm32l5xx_it.o
 .debug_abbrev  0x0000000000001bda      0x1b3 ./Core/Src/syscalls.o
 .debug_abbrev  0x0000000000001d8d       0xbb ./Core/Src/sysmem.o
 .debug_abbrev  0x0000000000001e48      0x127 ./Core/Src/system_stm32l5xx.o
 .debug_abbrev  0x0000000000001f6f      0x24f ./Core/Src/usart.o
 .debug_abbrev  0x00000000000021be      0x21d ./Core/Src/usb.o
 .debug_abbrev  0x00000000000023db       0x12 ./Core/Startup/startup_stm32l552zetxq.o
 .debug_abbrev  0x00000000000023ed      0x2c3 ./Drivers/STM32L5xx_HAL_Driver/Src/stm32l5xx_hal.o
 .debug_abbrev  0x00000000000026b0      0x2b6 ./Drivers/STM32L5xx_HAL_Driver/Src/stm32l5xx_hal_adc.o
 .debug_abbrev  0x0000000000002966      0x2da ./Drivers/STM32L5xx_HAL_Driver/Src/stm32l5xx_hal_adc_ex.o
 .debug_abbrev  0x0000000000002c40      0x31d ./Drivers/STM32L5xx_HAL_Driver/Src/stm32l5xx_hal_cortex.o
 .debug_abbrev  0x0000000000002f5d      0x1e8 ./Drivers/STM32L5xx_HAL_Driver/Src/stm32l5xx_hal_dma.o
 .debug_abbrev  0x0000000000003145      0x1b2 ./Drivers/STM32L5xx_HAL_Driver/Src/stm32l5xx_hal_gpio.o
 .debug_abbrev  0x00000000000032f7      0x2a4 ./Drivers/STM32L5xx_HAL_Driver/Src/stm32l5xx_hal_pcd.o
 .debug_abbrev  0x000000000000359b      0x21d ./Drivers/STM32L5xx_HAL_Driver/Src/stm32l5xx_hal_pcd_ex.o
 .debug_abbrev  0x00000000000037b8      0x1fa ./Drivers/STM32L5xx_HAL_Driver/Src/stm32l5xx_hal_pwr.o
 .debug_abbrev  0x00000000000039b2      0x283 ./Drivers/STM32L5xx_HAL_Driver/Src/stm32l5xx_hal_pwr_ex.o
 .debug_abbrev  0x0000000000003c35      0x2ee ./Drivers/STM32L5xx_HAL_Driver/Src/stm32l5xx_hal_rcc.o
 .debug_abbrev  0x0000000000003f23      0x2b9 ./Drivers/STM32L5xx_HAL_Driver/Src/stm32l5xx_hal_rcc_ex.o
 .debug_abbrev  0x00000000000041dc      0x1ff ./Drivers/STM32L5xx_HAL_Driver/Src/stm32l5xx_hal_rtc.o
 .debug_abbrev  0x00000000000043db      0x21f ./Drivers/STM32L5xx_HAL_Driver/Src/stm32l5xx_hal_rtc_ex.o
 .debug_abbrev  0x00000000000045fa      0x310 ./Drivers/STM32L5xx_HAL_Driver/Src/stm32l5xx_hal_uart.o
 .debug_abbrev  0x000000000000490a      0x2bd ./Drivers/STM32L5xx_HAL_Driver/Src/stm32l5xx_hal_uart_ex.o
 .debug_abbrev  0x0000000000004bc7      0x22f ./Drivers/STM32L5xx_HAL_Driver/Src/stm32l5xx_ll_usb.o

.debug_aranges  0x0000000000000000     0x1800
 .debug_aranges
                0x0000000000000000       0x48 ./Core/Src/CircularBuffer.o
 .debug_aranges
                0x0000000000000048       0x30 ./Core/Src/CommonDataTypes.o
 .debug_aranges
                0x0000000000000078       0xd0 ./Core/Src/SSM_D_MAVLink.o
 .debug_aranges
                0x0000000000000148       0x30 ./Core/Src/adc.o
 .debug_aranges
                0x0000000000000178       0x30 ./Core/Src/callback_organize.o
 .debug_aranges
                0x00000000000001a8       0x20 ./Core/Src/dma.o
 .debug_aranges
                0x00000000000001c8       0x20 ./Core/Src/gpio.o
 .debug_aranges
                0x00000000000001e8       0x30 ./Core/Src/main.o
 .debug_aranges
                0x0000000000000218       0x30 ./Core/Src/rtc.o
 .debug_aranges
                0x0000000000000248       0x20 ./Core/Src/stm32l5xx_hal_msp.o
 .debug_aranges
                0x0000000000000268       0x80 ./Core/Src/stm32l5xx_it.o
 .debug_aranges
                0x00000000000002e8       0xa8 ./Core/Src/syscalls.o
 .debug_aranges
                0x0000000000000390       0x20 ./Core/Src/sysmem.o
 .debug_aranges
                0x00000000000003b0       0x28 ./Core/Src/system_stm32l5xx.o
 .debug_aranges
                0x00000000000003d8       0x38 ./Core/Src/usart.o
 .debug_aranges
                0x0000000000000410       0x30 ./Core/Src/usb.o
 .debug_aranges
                0x0000000000000440       0x28 ./Core/Startup/startup_stm32l552zetxq.o
 .debug_aranges
                0x0000000000000468      0x130 ./Drivers/STM32L5xx_HAL_Driver/Src/stm32l5xx_hal.o
 .debug_aranges
                0x0000000000000598      0x228 ./Drivers/STM32L5xx_HAL_Driver/Src/stm32l5xx_hal_adc.o
 .debug_aranges
                0x00000000000007c0      0x1b0 ./Drivers/STM32L5xx_HAL_Driver/Src/stm32l5xx_hal_adc_ex.o
 .debug_aranges
                0x0000000000000970      0x130 ./Drivers/STM32L5xx_HAL_Driver/Src/stm32l5xx_hal_cortex.o
 .debug_aranges
                0x0000000000000aa0       0xa0 ./Drivers/STM32L5xx_HAL_Driver/Src/stm32l5xx_hal_dma.o
 .debug_aranges
                0x0000000000000b40       0x60 ./Drivers/STM32L5xx_HAL_Driver/Src/stm32l5xx_hal_gpio.o
 .debug_aranges
                0x0000000000000ba0      0x138 ./Drivers/STM32L5xx_HAL_Driver/Src/stm32l5xx_hal_pcd.o
 .debug_aranges
                0x0000000000000cd8       0x58 ./Drivers/STM32L5xx_HAL_Driver/Src/stm32l5xx_hal_pcd_ex.o
 .debug_aranges
                0x0000000000000d30       0xa8 ./Drivers/STM32L5xx_HAL_Driver/Src/stm32l5xx_hal_pwr.o
 .debug_aranges
                0x0000000000000dd8      0x1b8 ./Drivers/STM32L5xx_HAL_Driver/Src/stm32l5xx_hal_pwr_ex.o
 .debug_aranges
                0x0000000000000f90       0xa8 ./Drivers/STM32L5xx_HAL_Driver/Src/stm32l5xx_hal_rcc.o
 .debug_aranges
                0x0000000000001038      0x118 ./Drivers/STM32L5xx_HAL_Driver/Src/stm32l5xx_hal_rcc_ex.o
 .debug_aranges
                0x0000000000001150       0xe8 ./Drivers/STM32L5xx_HAL_Driver/Src/stm32l5xx_hal_rtc.o
 .debug_aranges
                0x0000000000001238      0x220 ./Drivers/STM32L5xx_HAL_Driver/Src/stm32l5xx_hal_rtc_ex.o
 .debug_aranges
                0x0000000000001458      0x248 ./Drivers/STM32L5xx_HAL_Driver/Src/stm32l5xx_hal_uart.o
 .debug_aranges
                0x00000000000016a0       0xa8 ./Drivers/STM32L5xx_HAL_Driver/Src/stm32l5xx_hal_uart_ex.o
 .debug_aranges
                0x0000000000001748       0xb8 ./Drivers/STM32L5xx_HAL_Driver/Src/stm32l5xx_ll_usb.o

.debug_ranges   0x0000000000000000     0x1630
 .debug_ranges  0x0000000000000000       0x38 ./Core/Src/CircularBuffer.o
 .debug_ranges  0x0000000000000038       0x20 ./Core/Src/CommonDataTypes.o
 .debug_ranges  0x0000000000000058       0xd8 ./Core/Src/SSM_D_MAVLink.o
 .debug_ranges  0x0000000000000130       0x20 ./Core/Src/adc.o
 .debug_ranges  0x0000000000000150       0x20 ./Core/Src/callback_organize.o
 .debug_ranges  0x0000000000000170       0x10 ./Core/Src/dma.o
 .debug_ranges  0x0000000000000180       0x10 ./Core/Src/gpio.o
 .debug_ranges  0x0000000000000190       0x20 ./Core/Src/main.o
 .debug_ranges  0x00000000000001b0       0x20 ./Core/Src/rtc.o
 .debug_ranges  0x00000000000001d0       0x10 ./Core/Src/stm32l5xx_hal_msp.o
 .debug_ranges  0x00000000000001e0       0x70 ./Core/Src/stm32l5xx_it.o
 .debug_ranges  0x0000000000000250       0x98 ./Core/Src/syscalls.o
 .debug_ranges  0x00000000000002e8       0x10 ./Core/Src/sysmem.o
 .debug_ranges  0x00000000000002f8       0x18 ./Core/Src/system_stm32l5xx.o
 .debug_ranges  0x0000000000000310       0x28 ./Core/Src/usart.o
 .debug_ranges  0x0000000000000338       0x20 ./Core/Src/usb.o
 .debug_ranges  0x0000000000000358       0x20 ./Core/Startup/startup_stm32l552zetxq.o
 .debug_ranges  0x0000000000000378      0x120 ./Drivers/STM32L5xx_HAL_Driver/Src/stm32l5xx_hal.o
 .debug_ranges  0x0000000000000498      0x218 ./Drivers/STM32L5xx_HAL_Driver/Src/stm32l5xx_hal_adc.o
 .debug_ranges  0x00000000000006b0      0x1a0 ./Drivers/STM32L5xx_HAL_Driver/Src/stm32l5xx_hal_adc_ex.o
 .debug_ranges  0x0000000000000850      0x120 ./Drivers/STM32L5xx_HAL_Driver/Src/stm32l5xx_hal_cortex.o
 .debug_ranges  0x0000000000000970       0x90 ./Drivers/STM32L5xx_HAL_Driver/Src/stm32l5xx_hal_dma.o
 .debug_ranges  0x0000000000000a00       0x50 ./Drivers/STM32L5xx_HAL_Driver/Src/stm32l5xx_hal_gpio.o
 .debug_ranges  0x0000000000000a50      0x128 ./Drivers/STM32L5xx_HAL_Driver/Src/stm32l5xx_hal_pcd.o
 .debug_ranges  0x0000000000000b78       0x48 ./Drivers/STM32L5xx_HAL_Driver/Src/stm32l5xx_hal_pcd_ex.o
 .debug_ranges  0x0000000000000bc0       0x98 ./Drivers/STM32L5xx_HAL_Driver/Src/stm32l5xx_hal_pwr.o
 .debug_ranges  0x0000000000000c58      0x1a8 ./Drivers/STM32L5xx_HAL_Driver/Src/stm32l5xx_hal_pwr_ex.o
 .debug_ranges  0x0000000000000e00       0x98 ./Drivers/STM32L5xx_HAL_Driver/Src/stm32l5xx_hal_rcc.o
 .debug_ranges  0x0000000000000e98      0x108 ./Drivers/STM32L5xx_HAL_Driver/Src/stm32l5xx_hal_rcc_ex.o
 .debug_ranges  0x0000000000000fa0       0xd8 ./Drivers/STM32L5xx_HAL_Driver/Src/stm32l5xx_hal_rtc.o
 .debug_ranges  0x0000000000001078      0x210 ./Drivers/STM32L5xx_HAL_Driver/Src/stm32l5xx_hal_rtc_ex.o
 .debug_ranges  0x0000000000001288      0x268 ./Drivers/STM32L5xx_HAL_Driver/Src/stm32l5xx_hal_uart.o
 .debug_ranges  0x00000000000014f0       0x98 ./Drivers/STM32L5xx_HAL_Driver/Src/stm32l5xx_hal_uart_ex.o
 .debug_ranges  0x0000000000001588       0xa8 ./Drivers/STM32L5xx_HAL_Driver/Src/stm32l5xx_ll_usb.o

.debug_macro    0x0000000000000000    0x39591
 .debug_macro   0x0000000000000000      0x171 ./Core/Src/CircularBuffer.o
 .debug_macro   0x0000000000000171      0xb56 ./Core/Src/CircularBuffer.o
 .debug_macro   0x0000000000000cc7       0x1c ./Core/Src/CircularBuffer.o
 .debug_macro   0x0000000000000ce3       0x22 ./Core/Src/CircularBuffer.o
 .debug_macro   0x0000000000000d05       0x8e ./Core/Src/CircularBuffer.o
 .debug_macro   0x0000000000000d93       0x51 ./Core/Src/CircularBuffer.o
 .debug_macro   0x0000000000000de4      0x103 ./Core/Src/CircularBuffer.o
 .debug_macro   0x0000000000000ee7       0x6a ./Core/Src/CircularBuffer.o
 .debug_macro   0x0000000000000f51      0x1df ./Core/Src/CircularBuffer.o
 .debug_macro   0x0000000000001130      0x18a ./Core/Src/CircularBuffer.o
 .debug_macro   0x00000000000012ba       0x10 ./Core/Src/CircularBuffer.o
 .debug_macro   0x00000000000012ca      0x3d1 ./Core/Src/CircularBuffer.o
 .debug_macro   0x000000000000169b       0x52 ./Core/Src/CircularBuffer.o
 .debug_macro   0x00000000000016ed       0x1e ./Core/Src/CircularBuffer.o
 .debug_macro   0x000000000000170b       0x3c ./Core/Src/CircularBuffer.o
 .debug_macro   0x0000000000001747       0x34 ./Core/Src/CircularBuffer.o
 .debug_macro   0x000000000000177b      0x17b ./Core/Src/CircularBuffer.o
 .debug_macro   0x00000000000018f6       0x16 ./Core/Src/CircularBuffer.o
 .debug_macro   0x000000000000190c       0x43 ./Core/Src/CircularBuffer.o
 .debug_macro   0x000000000000194f       0x34 ./Core/Src/CircularBuffer.o
 .debug_macro   0x0000000000001983       0x10 ./Core/Src/CircularBuffer.o
 .debug_macro   0x0000000000001993       0x58 ./Core/Src/CircularBuffer.o
 .debug_macro   0x00000000000019eb       0x71 ./Core/Src/CircularBuffer.o
 .debug_macro   0x0000000000001a5c       0x16 ./Core/Src/CircularBuffer.o